Archive member included to satisfy reference by file (symbol)

/home/chenyu.wang/Nuclei/gcc/bin/../lib/gcc/riscv-nuclei-elf/10.2.0/../../../../riscv-nuclei-elf/lib/rv64imac/lp64/libc_nano.a(lib_a-atexit.o)
                              build/packages/nuclei_sdk-latest/SoC/demosoc/Common/Source/GCC/startup_demosoc.o (atexit)
/home/chenyu.wang/Nuclei/gcc/bin/../lib/gcc/riscv-nuclei-elf/10.2.0/../../../../riscv-nuclei-elf/lib/rv64imac/lp64/libc_nano.a(lib_a-ctype_.o)
                              build/kernel/components/libc/compilers/common/cstring.o (_ctype_)
/home/chenyu.wang/Nuclei/gcc/bin/../lib/gcc/riscv-nuclei-elf/10.2.0/../../../../riscv-nuclei-elf/lib/rv64imac/lp64/libc_nano.a(lib_a-fini.o)
                              build/packages/nuclei_sdk-latest/SoC/demosoc/Common/Source/GCC/startup_demosoc.o (__libc_fini_array)
/home/chenyu.wang/Nuclei/gcc/bin/../lib/gcc/riscv-nuclei-elf/10.2.0/../../../../riscv-nuclei-elf/lib/rv64imac/lp64/libc_nano.a(lib_a-malloc.o)
                              build/kernel/components/libc/compilers/common/cstring.o (malloc)
/home/chenyu.wang/Nuclei/gcc/bin/../lib/gcc/riscv-nuclei-elf/10.2.0/../../../../riscv-nuclei-elf/lib/rv64imac/lp64/libc_nano.a(lib_a-printf.o)
                              build/packages/nuclei_sdk-latest/SoC/demosoc/Common/Source/system_demosoc.o (printf)
/home/chenyu.wang/Nuclei/gcc/bin/../lib/gcc/riscv-nuclei-elf/10.2.0/../../../../riscv-nuclei-elf/lib/rv64imac/lp64/libc_nano.a(lib_a-puts.o)
                              build/applications/main.o (puts)
/home/chenyu.wang/Nuclei/gcc/bin/../lib/gcc/riscv-nuclei-elf/10.2.0/../../../../riscv-nuclei-elf/lib/rv64imac/lp64/libc_nano.a(lib_a-strchr.o)
                              build/kernel/components/libc/compilers/common/cstring.o (strchr)
/home/chenyu.wang/Nuclei/gcc/bin/../lib/gcc/riscv-nuclei-elf/10.2.0/../../../../riscv-nuclei-elf/lib/rv64imac/lp64/libc_nano.a(lib_a-strcpy.o)
                              build/kernel/components/libc/compilers/common/cstring.o (strcpy)
/home/chenyu.wang/Nuclei/gcc/bin/../lib/gcc/riscv-nuclei-elf/10.2.0/../../../../riscv-nuclei-elf/lib/rv64imac/lp64/libc_nano.a(lib_a-strlen.o)
                              build/kernel/components/libc/compilers/common/cstring.o (strlen)
/home/chenyu.wang/Nuclei/gcc/bin/../lib/gcc/riscv-nuclei-elf/10.2.0/../../../../riscv-nuclei-elf/lib/rv64imac/lp64/libc_nano.a(lib_a-strrchr.o)
                              build/kernel/components/libc/compilers/common/cstring.o (strrchr)
/home/chenyu.wang/Nuclei/gcc/bin/../lib/gcc/riscv-nuclei-elf/10.2.0/../../../../riscv-nuclei-elf/lib/rv64imac/lp64/libc_nano.a(lib_a-wbuf.o)
                              /home/chenyu.wang/Nuclei/gcc/bin/../lib/gcc/riscv-nuclei-elf/10.2.0/../../../../riscv-nuclei-elf/lib/rv64imac/lp64/libc_nano.a(lib_a-puts.o) (__swbuf_r)
/home/chenyu.wang/Nuclei/gcc/bin/../lib/gcc/riscv-nuclei-elf/10.2.0/../../../../riscv-nuclei-elf/lib/rv64imac/lp64/libc_nano.a(lib_a-wsetup.o)
                              /home/chenyu.wang/Nuclei/gcc/bin/../lib/gcc/riscv-nuclei-elf/10.2.0/../../../../riscv-nuclei-elf/lib/rv64imac/lp64/libc_nano.a(lib_a-puts.o) (__swsetup_r)
/home/chenyu.wang/Nuclei/gcc/bin/../lib/gcc/riscv-nuclei-elf/10.2.0/../../../../riscv-nuclei-elf/lib/rv64imac/lp64/libc_nano.a(lib_a-__atexit.o)
                              /home/chenyu.wang/Nuclei/gcc/bin/../lib/gcc/riscv-nuclei-elf/10.2.0/../../../../riscv-nuclei-elf/lib/rv64imac/lp64/libc_nano.a(lib_a-atexit.o) (__register_exitproc)
/home/chenyu.wang/Nuclei/gcc/bin/../lib/gcc/riscv-nuclei-elf/10.2.0/../../../../riscv-nuclei-elf/lib/rv64imac/lp64/libc_nano.a(lib_a-__call_atexit.o)
                              /home/chenyu.wang/Nuclei/gcc/bin/../lib/gcc/riscv-nuclei-elf/10.2.0/../../../../riscv-nuclei-elf/lib/rv64imac/lp64/libc_nano.a(lib_a-__atexit.o) (__call_exitprocs)
/home/chenyu.wang/Nuclei/gcc/bin/../lib/gcc/riscv-nuclei-elf/10.2.0/../../../../riscv-nuclei-elf/lib/rv64imac/lp64/libc_nano.a(lib_a-fflush.o)
                              /home/chenyu.wang/Nuclei/gcc/bin/../lib/gcc/riscv-nuclei-elf/10.2.0/../../../../riscv-nuclei-elf/lib/rv64imac/lp64/libc_nano.a(lib_a-wbuf.o) (_fflush_r)
/home/chenyu.wang/Nuclei/gcc/bin/../lib/gcc/riscv-nuclei-elf/10.2.0/../../../../riscv-nuclei-elf/lib/rv64imac/lp64/libc_nano.a(lib_a-findfp.o)
                              /home/chenyu.wang/Nuclei/gcc/bin/../lib/gcc/riscv-nuclei-elf/10.2.0/../../../../riscv-nuclei-elf/lib/rv64imac/lp64/libc_nano.a(lib_a-printf.o) (__sinit)
/home/chenyu.wang/Nuclei/gcc/bin/../lib/gcc/riscv-nuclei-elf/10.2.0/../../../../riscv-nuclei-elf/lib/rv64imac/lp64/libc_nano.a(lib_a-fwalk.o)
                              /home/chenyu.wang/Nuclei/gcc/bin/../lib/gcc/riscv-nuclei-elf/10.2.0/../../../../riscv-nuclei-elf/lib/rv64imac/lp64/libc_nano.a(lib_a-findfp.o) (_fwalk)
/home/chenyu.wang/Nuclei/gcc/bin/../lib/gcc/riscv-nuclei-elf/10.2.0/../../../../riscv-nuclei-elf/lib/rv64imac/lp64/libc_nano.a(lib_a-impure.o)
[...]
Memory Configuration

Name             Origin             Length             Attributes
ilm              0x0000000061000000 0x0000000000020000 axrl !w
ram              0x0000000061020000 0x0000000000020000 axw !rl
*default*        0x0000000000000000 0xffffffffffffffff

Linker script and memory map

LOAD build/board/board.o
LOAD build/packages/nuclei_sdk-latest/SoC/demosoc/Common/Source/Stubs/newlib/sprintf.o
LOAD build/packages/nuclei_sdk-latest/SoC/demosoc/Common/Source/Stubs/newlib/write.o
LOAD build/packages/nuclei_sdk-latest/SoC/demosoc/Common/Source/Stubs/newlib/execve.o
LOAD build/packages/nuclei_sdk-latest/SoC/demosoc/Common/Source/Stubs/newlib/unlink.o
LOAD build/packages/nuclei_sdk-latest/SoC/demosoc/Common/Source/Stubs/newlib/wait.o
LOAD build/packages/nuclei_sdk-latest/SoC/demosoc/Common/Source/demosoc_common.o
LOAD build/packages/nuclei_sdk-latest/SoC/demosoc/Common/Source/GCC/intexc_demosoc.o
LOAD build/packages/nuclei_sdk-latest/SoC/demosoc/Common/Source/Stubs/newlib/environ.o
LOAD build/packages/nuclei_sdk-latest/SoC/demosoc/Common/Source/Stubs/newlib/gettimeofday.o
LOAD build/packages/nuclei_sdk-latest/SoC/demosoc/Common/Source/Stubs/newlib/fork.o
LOAD build/packages/nuclei_sdk-latest/SoC/demosoc/Common/Source/Stubs/newlib/clock_getres.o
LOAD build/packages/nuclei_sdk-latest/SoC/demosoc/Common/Source/Stubs/newlib/isatty.o
LOAD build/packages/nuclei_sdk-latest/SoC/demosoc/Common/Source/Drivers/demosoc_gpio.o
LOAD build/packages/nuclei_sdk-latest/SoC/demosoc/Common/Source/Stubs/newlib/chown.o
LOAD build/packages/nuclei_sdk-latest/SoC/demosoc/Common/Source/GCC/intexc_demosoc_s.o
LOAD build/packages/nuclei_sdk-latest/SoC/demosoc/Common/Source/Stubs/newlib/link.o
LOAD build/packages/nuclei_sdk-latest/SoC/demosoc/Common/Source/Stubs/newlib/clock_settime.o
LOAD build/packages/nuclei_sdk-latest/SoC/demosoc/Common/Source/Stubs/newlib/getpid.o
LOAD build/packages/nuclei_sdk-latest/SoC/demosoc/Common/Source/Stubs/newlib/fstat.o
LOAD build/packages/nuclei_sdk-latest/SoC/demosoc/Common/Source/Stubs/newlib/close.o
LOAD build/packages/nuclei_sdk-latest/SoC/demosoc/Common/Source/Stubs/newlib/stat.o
LOAD build/packages/nuclei_sdk-latest/SoC/demosoc/Common/Source/Stubs/newlib/clock_gettime.o
LOAD build/packages/nuclei_sdk-latest/SoC/demosoc/Common/Source/Stubs/newlib/open.o
LOAD build/packages/nuclei_sdk-latest/SoC/demosoc/Common/Source/Stubs/newlib/readlink.o
LOAD build/packages/nuclei_sdk-latest/SoC/demosoc/Common/Source/Stubs/newlib/sbrk.o
LOAD build/packages/nuclei_sdk-latest/SoC/demosoc/Common/Source/Stubs/newlib/errno.o
LOAD build/packages/nuclei_sdk-latest/SoC/demosoc/Common/Source/Stubs/newlib/read.o
LOAD build/packages/nuclei_sdk-latest/SoC/demosoc/Common/Source/Drivers/demosoc_uart.o
LOAD build/packages/nuclei_sdk-latest/SoC/demosoc/Common/Source/Stubs/newlib/times.o
LOAD build/packages/nuclei_sdk-latest/SoC/demosoc/Common/Source/system_demosoc.o
LOAD build/packages/nuclei_sdk-latest/SoC/demosoc/Common/Source/GCC/startup_demosoc.o
LOAD build/packages/nuclei_sdk-latest/SoC/demosoc/Common/Source/Stubs/newlib/kill.o
LOAD build/packages/nuclei_sdk-latest/SoC/demosoc/Common/Source/Stubs/newlib/symlink.o
LOAD build/packages/nuclei_sdk-latest/SoC/demosoc/Common/Source/Stubs/newlib/lseek.o
LOAD build/packages/nuclei_sdk-latest/SoC/demosoc/Common/Source/Stubs/newlib/exit.o
LOAD build/applications/main.o
LOAD applications/extend/al_eclic.o
LOAD applications/driver/uart/src/al_uart_cfg.o
LOAD applications/driver/uart/src/al_uart_dev.o
LOAD applications/log/src/al_log.o
LOAD applications/driver/uart/src/al_uart_hal.o
LOAD build/kernel/src/timer.o
LOAD build/kernel/src/ipc.o
LOAD build/kernel/src/mempool.o
LOAD build/kernel/src/object.o
LOAD build/kernel/src/idle.o
LOAD build/kernel/src/clock.o
LOAD build/kernel/src/scheduler.o
LOAD build/kernel/src/mem.o
LOAD build/kernel/src/thread.o
LOAD build/kernel/src/components.o
LOAD build/kernel/src/kservice.o
LOAD build/kernel/src/device.o
LOAD build/kernel/src/irq.o
LOAD build/kernel/libcpu/risc-v/nuclei/context_gcc.o
LOAD build/kernel/libcpu/risc-v/nuclei/cpuport.o
LOAD build/kernel/libcpu/risc-v/nuclei/interrupt_gcc.o
LOAD build/kernel/components/libc/compilers/common/cstdio.o
LOAD build/kernel/components/libc/compilers/common/cstdlib.o
LOAD build/kernel/components/libc/compilers/common/ctime.o
LOAD build/kernel/components/libc/compilers/common/cctype.o
LOAD build/kernel/components/libc/compilers/common/cstring.o
LOAD build/kernel/components/libc/compilers/common/cwchar.o
LOAD build/kernel/components/libc/compilers/newlib/syscalls.o
LOAD /home/chenyu.wang/Nuclei/gcc/bin/../lib/gcc/riscv-nuclei-elf/10.2.0/../../../../riscv-nuclei-elf/lib/rv64imac/lp64/libstdc++.a
LOAD /home/chenyu.wang/Nuclei/gcc/bin/../lib/gcc/riscv-nuclei-elf/10.2.0/../../../../riscv-nuclei-elf/lib/rv64imac/lp64/libc_nano.a
LOAD /home/chenyu.wang/Nuclei/gcc/bin/../lib/gcc/riscv-nuclei-elf/10.2.0/../../../../riscv-nuclei-elf/lib/rv64imac/lp64/libm_nano.a
LOAD /home/chenyu.wang/Nuclei/gcc/bin/../lib/gcc/riscv-nuclei-elf/10.2.0/rv64imac/lp64/libgcc.a
LOAD /home/chenyu.wang/Nuclei/gcc/bin/../lib/gcc/riscv-nuclei-elf/10.2.0/../../../../riscv-nuclei-elf/lib/rv64imac/lp64/libc_nano.a
LOAD /home/chenyu.wang/Nuclei/gcc/bin/../lib/gcc/riscv-nuclei-elf/10.2.0/rv64imac/lp64/libgcc.a
START GROUP
LOAD /home/chenyu.wang/Nuclei/gcc/bin/../lib/gcc/riscv-nuclei-elf/10.2.0/rv64imac/lp64/libgcc.a
LOAD /home/chenyu.wang/Nuclei/gcc/bin/../lib/gcc/riscv-nuclei-elf/10.2.0/../../../../riscv-nuclei-elf/lib/rv64imac/lp64/libc_nano.a
LOAD /home/chenyu.wang/Nuclei/gcc/bin/../lib/gcc/riscv-nuclei-elf/10.2.0/../../../../riscv-nuclei-elf/lib/rv64imac/lp64/libnosys.a
END GROUP
START GROUP
LOAD /home/chenyu.wang/Nuclei/gcc/bin/../lib/gcc/riscv-nuclei-elf/10.2.0/rv64imac/lp64/libgcc.a
LOAD /home/chenyu.wang/Nuclei/gcc/bin/../lib/gcc/riscv-nuclei-elf/10.2.0/../../../../riscv-nuclei-elf/lib/rv64imac/lp64/libc_nano.a
LOAD /home/chenyu.wang/Nuclei/gcc/bin/../lib/gcc/riscv-nuclei-elf/10.2.0/../../../../riscv-nuclei-elf/lib/rv64imac/lp64/libnosys.a
END GROUP
                0x0000000000001000                __stack_size = DEFINED (__stack_size)?__stack_size:0x1000

.init           0x0000000061000000      0x930
 *(.vtable)
 .vtable        0x0000000061000000      0x828 build/packages/nuclei_sdk-latest/SoC/demosoc/Common/Source/GCC/startup_demosoc.o
                0x0000000061000410                vector_base
 *(SORT_NONE(.init))
 .init          0x0000000061000828        0xe build/packages/nuclei_sdk-latest/SoC/demosoc/Common/Source/system_demosoc.o
                0x0000000061000828                __sync_harts
 .init          0x0000000061000836       0xfa build/packages/nuclei_sdk-latest/SoC/demosoc/Common/Source/GCC/startup_demosoc.o
                0x0000000061000836                _start

.ilalign        0x0000000061000930        0x0
                0x0000000061000930                . = ALIGN (0x4)
                0x0000000061000930                PROVIDE (_ilm_lma = .)

.ialign         0x0000000061000930        0x0
                0x0000000061000930                PROVIDE (_ilm = .)

.text           0x0000000061000940     0x8b08
 *(.text.unlikely .text.unlikely.*)
 *(.text.startup .text.startup.*)
 *(.text .text.*)
 .text.rt_hw_board_init
                0x0000000061000940       0x4e build/board/board.o
                0x0000000061000940                rt_hw_board_init
 .text.rt_hw_console_output
                0x000000006100098e       0x50 build/board/board.o
                0x000000006100098e                rt_hw_console_output
 .text._write   0x00000000610009de       0x38 build/packages/nuclei_sdk-latest/SoC/demosoc/Common/Source/Stubs/newlib/write.o
                0x00000000610009de                _write
 .text._isatty  0x0000000061000a16       0x16 build/packages/nuclei_sdk-latest/SoC/demosoc/Common/Source/Stubs/newlib/isatty.o
                0x0000000061000a16                _isatty
 .text._fstat   0x0000000061000a2c       0x4e build/packages/nuclei_sdk-latest/SoC/demosoc/Common/Source/Stubs/newlib/fstat.o
                0x0000000061000a2c                _fstat
 .text._close   0x0000000061000a7a       0x22 build/packages/nuclei_sdk-latest/SoC/demosoc/Common/Source/Stubs/newlib/close.o
                0x0000000061000a7a                _close
 .text._sbrk    0x0000000061000a9c       0x6c build/packages/nuclei_sdk-latest/SoC/demosoc/Common/Source/Stubs/newlib/sbrk.o
                0x0000000061000a9c                _sbrk
 .text._read    0x0000000061000b08       0x2a build/packages/nuclei_sdk-latest/SoC/demosoc/Common/Source/Stubs/newlib/read.o
                0x0000000061000b08                _read
 .text.SystemInit
                0x0000000061000b32       0x1c build/packages/nuclei_sdk-latest/SoC/demosoc/Common/Source/system_demosoc.o
                0x0000000061000b32                SystemInit
 .text.system_default_exception_handler
                0x0000000061000b4e      0x11a build/packages/nuclei_sdk-latest/SoC/demosoc/Common/Source/system_demosoc.o
 .text.Exception_DumpFrame
                0x0000000061000c68      0x10e build/packages/nuclei_sdk-latest/SoC/demosoc/Common/Source/system_demosoc.o
                0x0000000061000c68                Exception_DumpFrame
 .text.core_exception_handler
                0x0000000061000d76       0x8c build/packages/nuclei_sdk-latest/SoC/demosoc/Common/Source/system_demosoc.o
                0x0000000061000d76                core_exception_handler
 .text.SystemBannerPrint
                0x0000000061000e02        0xe build/packages/nuclei_sdk-latest/SoC/demosoc/Common/Source/system_demosoc.o
                0x0000000061000e02                SystemBannerPrint
 .text.ECLIC_Init
                0x0000000061000e10       0xa4 build/packages/nuclei_sdk-latest/SoC/demosoc/Common/Source/system_demosoc.o
                0x0000000061000e10                ECLIC_Init
 .text.Trap_Init
                0x0000000061000eb4        0xe build/packages/nuclei_sdk-latest/SoC/demosoc/Common/Source/system_demosoc.o
 .text._premain_init
                0x0000000061000ec2       0x30 build/packages/nuclei_sdk-latest/SoC/demosoc/Common/Source/system_demosoc.o
                0x0000000061000ec2                _premain_init
 .text._postmain_fini
                0x0000000061000ef2       0x14 build/packages/nuclei_sdk-latest/SoC/demosoc/Common/Source/system_demosoc.o
                0x0000000061000ef2                _postmain_fini
 .text._init    0x0000000061000f06        0xe build/packages/nuclei_sdk-latest/SoC/demosoc/Common/Source/system_demosoc.o
                0x0000000061000f06                _init
 .text._fini    0x0000000061000f14        0xe build/packages/nuclei_sdk-latest/SoC/demosoc/Common/Source/system_demosoc.o
                0x0000000061000f14                _fini
 .text._lseek   0x0000000061000f22       0x26 build/packages/nuclei_sdk-latest/SoC/demosoc/Common/Source/Stubs/newlib/lseek.o
                0x0000000061000f22                _lseek
 .text.thread_entry
                0x0000000061000f48       0x30 build/applications/main.o
 .text.hook_of_scheduler
                0x0000000061000f78       0x32 build/applications/main.o
 .text.scheduler_hook
                0x0000000061000faa       0xa0 build/applications/main.o
                0x0000000061000faa                scheduler_hook
 .text.main     0x000000006100104a       0x2e build/applications/main.o
                0x000000006100104a                main
 .text.system_default_exception_handler
                0x0000000061001078       0x70 applications/extend/al_eclic.o
 .text.Exception_Init
                0x00000000610010e8       0x44 applications/extend/al_eclic.o
                0x00000000610010e8                Exception_Init
 .text.ECLIC_Register_IRQ
                0x000000006100112c      0x4d0 applications/extend/al_eclic.o
                0x000000006100112c                ECLIC_Register_IRQ
 .text.AlIntr_RegHandler
                0x00000000610015fc       0xda applications/extend/al_eclic.o
                0x00000000610015fc                AlIntr_RegHandler
 .text.AlUart_ll_SetParity
                0x00000000610016d6       0x46 applications/driver/uart/src/al_uart_dev.o
 .text.AlUart_ll_SetDataWidth
                0x000000006100171c       0x3a applications/driver/uart/src/al_uart_dev.o
 .text.AlUart_ll_SetStopBitsLength
                0x0000000061001756       0x44 applications/driver/uart/src/al_uart_dev.o
 .text.AlUart_ll_SetFifo
                0x000000006100179a       0x3a applications/driver/uart/src/al_uart_dev.o
 .text.AlUart_ll_SetTxFifoThr
                0x00000000610017d4       0x46 applications/driver/uart/src/al_uart_dev.o
 .text.AlUart_ll_SetRxFifoThr
                0x000000006100181a       0x46 applications/driver/uart/src/al_uart_dev.o
 .text.AlUart_ll_SendByte
                0x0000000061001860       0x26 applications/driver/uart/src/al_uart_dev.o
 .text.AlUart_ll_RecvByte
                0x0000000061001886       0x1e applications/driver/uart/src/al_uart_dev.o
 .text.AlUart_ll_IsTxDone
                0x00000000610018a4       0x26 applications/driver/uart/src/al_uart_dev.o
 .text.AlUart_ll_IsRxDataReady
                0x00000000610018ca       0x20 applications/driver/uart/src/al_uart_dev.o
 .text.AlUart_ll_IsTransmitFifoFull
                0x00000000610018ea       0x26 applications/driver/uart/src/al_uart_dev.o
 .text.AlUart_ll_SetThreIntr
                0x0000000061001910       0x46 applications/driver/uart/src/al_uart_dev.o
 .text.AlUart_ll_SetLineIntr
                0x0000000061001956       0x36 applications/driver/uart/src/al_uart_dev.o
 .text.AlUart_ll_SetTxIntr
                0x000000006100198c       0x44 applications/driver/uart/src/al_uart_dev.o
 .text.AlUart_ll_SetRxIntr
                0x00000000610019d0       0x3a applications/driver/uart/src/al_uart_dev.o
 .text.AlUart_ll_GetIntrStatus
                0x0000000061001a0a       0x20 applications/driver/uart/src/al_uart_dev.o
 .text.AlUart_ll_IsOeIntr
                0x0000000061001a2a       0x26 applications/driver/uart/src/al_uart_dev.o
 .text.AlUart_ll_IsPeIntr
                0x0000000061001a50       0x26 applications/driver/uart/src/al_uart_dev.o
 .text.AlUart_ll_IsFeIntr
                0x0000000061001a76       0x26 applications/driver/uart/src/al_uart_dev.o
 .text.AlUart_ll_IsBiIntr
                0x0000000061001a9c       0x26 applications/driver/uart/src/al_uart_dev.o
 .text.AlUart_ll_SetBaudRate
                0x0000000061001ac2       0xd2 applications/driver/uart/src/al_uart_dev.o
 .text.AlUart_ll_CfgCharacter
                0x0000000061001b94       0x96 applications/driver/uart/src/al_uart_dev.o
 .text.AlUart_Dev_LookupConfig
                0x0000000061001c2a       0x78 applications/driver/uart/src/al_uart_dev.o
                0x0000000061001c2a                AlUart_Dev_LookupConfig
 .text.AlUart_Dev_ClrTxBusy
                0x0000000061001ca2       0x24 applications/driver/uart/src/al_uart_dev.o
                0x0000000061001ca2                AlUart_Dev_ClrTxBusy
 .text.AlUart_Dev_ClrRxBusy
                0x0000000061001cc6       0x24 applications/driver/uart/src/al_uart_dev.o
                0x0000000061001cc6                AlUart_Dev_ClrRxBusy
 .text.AlUart_Dev_Init
                0x0000000061001cea      0x1e2 applications/driver/uart/src/al_uart_dev.o
                0x0000000061001cea                AlUart_Dev_Init
 .text.AlUart_Dev_RegisterEventCallBack
                0x0000000061001ecc       0x44 applications/driver/uart/src/al_uart_dev.o
                0x0000000061001ecc                AlUart_Dev_RegisterEventCallBack
 .text.AlUart_Dev_RecvDataHandler
                0x0000000061001f10       0xe8 applications/driver/uart/src/al_uart_dev.o
 .text.AlUart_Dev_SendDataHandler
                0x0000000061001ff8       0xc2 applications/driver/uart/src/al_uart_dev.o
 .text.AlUart_Dev_SendDataPolling
                0x00000000610020ba       0x84 applications/driver/uart/src/al_uart_dev.o
                0x00000000610020ba                AlUart_Dev_SendDataPolling
 .text.AlUart_Dev_ErrorHandler
                0x000000006100213e       0xb6 applications/driver/uart/src/al_uart_dev.o
 .text.AlUart_Dev_BusBusyHandler
                0x00000000610021f4       0xd6 applications/driver/uart/src/al_uart_dev.o
 .text.AlUart_Dev_IntrHandler
                0x00000000610022ca       0xbc applications/driver/uart/src/al_uart_dev.o
                0x00000000610022ca                AlUart_Dev_IntrHandler
 .text.AlLog_Init
                0x0000000061002386       0x40 applications/log/src/al_log.o
                0x0000000061002386                AlLog_Init
 .text.AlLog_Write
                0x00000000610023c6       0x38 applications/log/src/al_log.o
                0x00000000610023c6                AlLog_Write
 .text.AlUart_Hal_EventHandler
                0x00000000610023fe       0x4c applications/driver/uart/src/al_uart_hal.o
 .text.AlUart_Hal_Init
                0x000000006100244a       0xee applications/driver/uart/src/al_uart_hal.o
                0x000000006100244a                AlUart_Hal_Init
 .text.AlUart_Hal_SendDataPolling
                0x0000000061002538       0x68 applications/driver/uart/src/al_uart_hal.o
                0x0000000061002538                AlUart_Hal_SendDataPolling
 .text.rt_list_init
                0x00000000610025a0       0x28 build/kernel/src/timer.o
 .text.rt_list_insert_after
                0x00000000610025c8       0x42 build/kernel/src/timer.o
 .text.rt_list_remove
                0x000000006100260a       0x44 build/kernel/src/timer.o
 .text.rt_list_isempty
                0x000000006100264e       0x2a build/kernel/src/timer.o
 .text._timer_init
                0x0000000061002678       0xa2 build/kernel/src/timer.o
 .text._timer_remove
                0x000000006100271a       0x46 build/kernel/src/timer.o
 .text.rt_timer_init
                0x0000000061002760       0xc4 build/kernel/src/timer.o
                0x0000000061002760                rt_timer_init
 .text.rt_timer_detach
                0x0000000061002824       0xc0 build/kernel/src/timer.o
                0x0000000061002824                rt_timer_detach
 .text.rt_timer_start
                0x00000000610028e4      0x2a0 build/kernel/src/timer.o
                0x00000000610028e4                rt_timer_start
 .text.rt_timer_stop
                0x0000000061002b84       0xba build/kernel/src/timer.o
                0x0000000061002b84                rt_timer_stop
 .text.rt_timer_control
                0x0000000061002c3e      0x15c build/kernel/src/timer.o
                0x0000000061002c3e                rt_timer_control
 .text.rt_timer_check
                0x0000000061002d9a      0x15c build/kernel/src/timer.o
                0x0000000061002d9a                rt_timer_check
 .text.rt_system_timer_init
                0x0000000061002ef6       0x42 build/kernel/src/timer.o
                0x0000000061002ef6                rt_system_timer_init
 .text.rt_system_timer_thread_init
                0x0000000061002f38        0xe build/kernel/src/timer.o
                0x0000000061002f38                rt_system_timer_thread_init
 .text.rt_list_init
                0x0000000061002f46       0x28 build/kernel/src/ipc.o
 .text.rt_list_insert_before
                0x0000000061002f6e       0x42 build/kernel/src/ipc.o
 .text.rt_list_isempty
                0x0000000061002fb0       0x2a build/kernel/src/ipc.o
 .text._ipc_object_init
                0x0000000061002fda       0x26 build/kernel/src/ipc.o
 .text._ipc_list_suspend
                0x0000000061003000       0xe6 build/kernel/src/ipc.o
 .text._ipc_list_resume
                0x00000000610030e6       0x2c build/kernel/src/ipc.o
 .text.rt_mutex_init
                0x0000000061003112       0x88 build/kernel/src/ipc.o
                0x0000000061003112                rt_mutex_init
 .text.rt_mutex_take
                0x000000006100319a      0x2ea build/kernel/src/ipc.o
                0x000000006100319a                rt_mutex_take
 .text.rt_mutex_release
                0x0000000061003484      0x26e build/kernel/src/ipc.o
                0x0000000061003484                rt_mutex_release
 .text.rt_list_insert_after
                0x00000000610036f2       0x42 build/kernel/src/object.o
 .text.rt_list_remove
                0x0000000061003734       0x44 build/kernel/src/object.o
 .text.rt_object_get_information
                0x0000000061003778       0x64 build/kernel/src/object.o
                0x0000000061003778                rt_object_get_information
 .text.rt_object_init
                0x00000000610037dc      0x112 build/kernel/src/object.o
                0x00000000610037dc                rt_object_init
 .text.rt_object_detach
                0x00000000610038ee       0x6c build/kernel/src/object.o
                0x00000000610038ee                rt_object_detach
 .text.rt_object_allocate
                0x000000006100395a      0x11e build/kernel/src/object.o
                0x000000006100395a                rt_object_allocate
 .text.rt_object_delete
                0x0000000061003a78       0xa0 build/kernel/src/object.o
                0x0000000061003a78                rt_object_delete
 .text.rt_object_is_systemobject
                0x0000000061003b18       0x4e build/kernel/src/object.o
                0x0000000061003b18                rt_object_is_systemobject
 .text.rt_object_get_type
                0x0000000061003b66       0x44 build/kernel/src/object.o
                0x0000000061003b66                rt_object_get_type
 .text.rt_object_find
                0x0000000061003baa       0xe2 build/kernel/src/object.o
                0x0000000061003baa                rt_object_find
 .text.rt_list_insert_after
                0x0000000061003c8c       0x42 build/kernel/src/idle.o
 .text.rt_list_remove
                0x0000000061003cce       0x44 build/kernel/src/idle.o
 .text.rt_thread_defunct_enqueue
                0x0000000061003d12       0x2c build/kernel/src/idle.o
                0x0000000061003d12                rt_thread_defunct_enqueue
 .text.rt_thread_defunct_dequeue
                0x0000000061003d3e       0x5e build/kernel/src/idle.o
                0x0000000061003d3e                rt_thread_defunct_dequeue
 .text.rt_defunct_execute
                0x0000000061003d9c       0x7e build/kernel/src/idle.o
 .text.rt_thread_idle_entry
                0x0000000061003e1a       0x4e build/kernel/src/idle.o
 .text.rt_thread_idle_init
                0x0000000061003e68       0xa4 build/kernel/src/idle.o
                0x0000000061003e68                rt_thread_idle_init
 .text.rt_tick_get
                0x0000000061003f0c       0x16 build/kernel/src/clock.o
                0x0000000061003f0c                rt_tick_get
 .text.rt_tick_increase
                0x0000000061003f22       0x9c build/kernel/src/clock.o
                0x0000000061003f22                rt_tick_increase
 .text.rt_tick_from_millisecond
                0x0000000061003fbe       0x80 build/kernel/src/clock.o
                0x0000000061003fbe                rt_tick_from_millisecond
 .text.rt_list_init
                0x000000006100403e       0x28 build/kernel/src/scheduler.o
 .text.rt_list_insert_after
                0x0000000061004066       0x42 build/kernel/src/scheduler.o
 .text.rt_list_insert_before
                0x00000000610040a8       0x42 build/kernel/src/scheduler.o
 .text.rt_list_remove
                0x00000000610040ea       0x44 build/kernel/src/scheduler.o
 .text.rt_list_isempty
                0x000000006100412e       0x2a build/kernel/src/scheduler.o
 .text.rt_scheduler_sethook
                0x0000000061004158       0x1c build/kernel/src/scheduler.o
                0x0000000061004158                rt_scheduler_sethook
 .text._scheduler_stack_check
                0x0000000061004174       0xc6 build/kernel/src/scheduler.o
 .text._scheduler_get_highest_priority_thread
                0x000000006100423a       0x54 build/kernel/src/scheduler.o
 .text.rt_system_scheduler_init
                0x000000006100428e       0x54 build/kernel/src/scheduler.o
                0x000000006100428e                rt_system_scheduler_init
 .text.rt_system_scheduler_start
                0x00000000610042e2       0x4a build/kernel/src/scheduler.o
                0x00000000610042e2                rt_system_scheduler_start
 .text.rt_schedule
                0x000000006100432c      0x214 build/kernel/src/scheduler.o
                0x000000006100432c                rt_schedule
 .text.rt_schedule_insert_thread
                0x0000000061004540      0x132 build/kernel/src/scheduler.o
                0x0000000061004540                rt_schedule_insert_thread
 .text.rt_schedule_remove_thread
                0x0000000061004672       0x94 build/kernel/src/scheduler.o
                0x0000000061004672                rt_schedule_remove_thread
 .text.rt_enter_critical
                0x0000000061004706       0x44 build/kernel/src/scheduler.o
                0x0000000061004706                rt_enter_critical
 .text.rt_exit_critical
                0x000000006100474a       0x70 build/kernel/src/scheduler.o
                0x000000006100474a                rt_exit_critical
 .text.rt_critical_level
                0x00000000610047ba       0x1a build/kernel/src/scheduler.o
                0x00000000610047ba                rt_critical_level
 .text.plug_holes
                0x00000000610047d4      0x15c build/kernel/src/mem.o
 .text.rt_smem_init
                0x0000000061004930      0x186 build/kernel/src/mem.o
                0x0000000061004930                rt_smem_init
 .text.rt_smem_alloc
                0x0000000061004ab6      0x34c build/kernel/src/mem.o
                0x0000000061004ab6                rt_smem_alloc
 .text.rt_smem_free
                0x0000000061004e02      0x1be build/kernel/src/mem.o
                0x0000000061004e02                rt_smem_free
 .text.rt_list_init
                0x0000000061004fc0       0x28 build/kernel/src/thread.o
 .text.rt_list_remove
                0x0000000061004fe8       0x44 build/kernel/src/thread.o
 .text._thread_exit
                0x000000006100502c       0x56 build/kernel/src/thread.o
 .text._thread_timeout
                0x0000000061005082       0xc6 build/kernel/src/thread.o
 .text._thread_init
                0x0000000061005148      0x176 build/kernel/src/thread.o
 .text.rt_thread_init
                0x00000000610052be       0xae build/kernel/src/thread.o
                0x00000000610052be                rt_thread_init
 .text.rt_thread_self
                0x000000006100536c       0x14 build/kernel/src/thread.o
                0x000000006100536c                rt_thread_self
 .text.rt_thread_startup
                0x0000000061005380       0xc0 build/kernel/src/thread.o
                0x0000000061005380                rt_thread_startup
 .text.rt_thread_detach
                0x0000000061005440       0xe6 build/kernel/src/thread.o
                0x0000000061005440                rt_thread_detach
 .text.rt_thread_create
                0x0000000061005526       0x9a build/kernel/src/thread.o
                0x0000000061005526                rt_thread_create
 .text.rt_thread_delete
                0x00000000610055c0       0xe6 build/kernel/src/thread.o
                0x00000000610055c0                rt_thread_delete
 .text.rt_thread_sleep
                0x00000000610056a6       0xca build/kernel/src/thread.o
                0x00000000610056a6                rt_thread_sleep
 .text.rt_thread_mdelay
                0x0000000061005770       0x34 build/kernel/src/thread.o
                0x0000000061005770                rt_thread_mdelay
 .text.rt_thread_control
                0x00000000610057a4      0x174 build/kernel/src/thread.o
                0x00000000610057a4                rt_thread_control
 .text.rt_thread_suspend
                0x0000000061005918      0x118 build/kernel/src/thread.o
                0x0000000061005918                rt_thread_suspend
 .text.rt_thread_resume
                0x0000000061005a30       0xc2 build/kernel/src/thread.o
                0x0000000061005a30                rt_thread_resume
 .text.rti_start
                0x0000000061005af2       0x10 build/kernel/src/components.o
 .text.rti_board_start
                0x0000000061005b02       0x10 build/kernel/src/components.o
 .text.rti_board_end
                0x0000000061005b12       0x10 build/kernel/src/components.o
 .text.rti_end  0x0000000061005b22       0x10 build/kernel/src/components.o
 .text.rt_components_board_init
                0x0000000061005b32       0x44 build/kernel/src/components.o
                0x0000000061005b32                rt_components_board_init
 .text.rt_components_init
                0x0000000061005b76       0x44 build/kernel/src/components.o
                0x0000000061005b76                rt_components_init
 .text.entry    0x0000000061005bba       0x18 build/kernel/src/components.o
                0x0000000061005bba                entry
 .text.main_thread_entry
                0x0000000061005bd2       0x1e build/kernel/src/components.o
                0x0000000061005bd2                main_thread_entry
 .text.rt_application_init
                0x0000000061005bf0       0x58 build/kernel/src/components.o
                0x0000000061005bf0                rt_application_init
 .text.rtthread_startup
                0x0000000061005c48       0x38 build/kernel/src/components.o
                0x0000000061005c48                rtthread_startup
 .text.rt_set_errno
                0x0000000061005c80       0x54 build/kernel/src/kservice.o
                0x0000000061005c80                rt_set_errno
 .text.rt_memset
                0x0000000061005cd4      0x138 build/kernel/src/kservice.o
                0x0000000061005cd4                rt_memset
 .text.rt_strncpy
                0x0000000061005e0c       0x8e build/kernel/src/kservice.o
                0x0000000061005e0c                rt_strncpy
 .text.rt_strncmp
                0x0000000061005e9a       0x76 build/kernel/src/kservice.o
                0x0000000061005e9a                rt_strncmp
 .text.rt_strlen
                0x0000000061005f10       0x3c build/kernel/src/kservice.o
                0x0000000061005f10                rt_strlen
 .text.rt_show_version
                0x0000000061005f4c       0x58 build/kernel/src/kservice.o
                0x0000000061005f4c                rt_show_version
 .text.divide   0x0000000061005fa4       0x72 build/kernel/src/kservice.o
 .text.skip_atoi
                0x0000000061006016       0x6e build/kernel/src/kservice.o
 .text.print_number
                0x0000000061006084      0x2fe build/kernel/src/kservice.o
 .text.rt_vsnprintf
                0x0000000061006382      0x6f0 build/kernel/src/kservice.o
                0x0000000061006382                rt_vsnprintf
 .text.rt_vsprintf
                0x0000000061006a72       0x32 build/kernel/src/kservice.o
                0x0000000061006a72                rt_vsprintf
 .text.rt_sprintf
                0x0000000061006aa4       0x5a build/kernel/src/kservice.o
                0x0000000061006aa4                rt_sprintf
 .text.rt_console_get_device
                0x0000000061006afe       0x14 build/kernel/src/kservice.o
                0x0000000061006afe                rt_console_get_device
 .text.rt_console_set_device
                0x0000000061006b12       0x70 build/kernel/src/kservice.o
                0x0000000061006b12                rt_console_set_device
 .text.rt_kprintf
                0x0000000061006b82       0xa6 build/kernel/src/kservice.o
                0x0000000061006b82                rt_kprintf
 .text._heap_lock_init
                0x0000000061006c28       0x28 build/kernel/src/kservice.o
 .text._heap_lock
                0x0000000061006c50       0x2e build/kernel/src/kservice.o
 .text._heap_unlock
                0x0000000061006c7e       0x48 build/kernel/src/kservice.o
 .text.rt_system_heap_init
                0x0000000061006cc6       0x7e build/kernel/src/kservice.o
                0x0000000061006cc6                rt_system_heap_init
 .text.rt_malloc
                0x0000000061006d44       0x56 build/kernel/src/kservice.o
                0x0000000061006d44                rt_malloc
 .text.rt_free  0x0000000061006d9a       0x4a build/kernel/src/kservice.o
                0x0000000061006d9a                rt_free
 .text.__rt_ffs
                0x0000000061006de4       0xd8 build/kernel/src/kservice.o
                0x0000000061006de4                __rt_ffs
 .text.rt_assert_handler
                0x0000000061006ebc       0x64 build/kernel/src/kservice.o
                0x0000000061006ebc                rt_assert_handler
 .text.rt_device_find
                0x0000000061006f20       0x22 build/kernel/src/device.o
                0x0000000061006f20                rt_device_find
 .text.rt_device_open
                0x0000000061006f42      0x192 build/kernel/src/device.o
                0x0000000061006f42                rt_device_open
 .text.rt_device_close
                0x00000000610070d4       0xca build/kernel/src/device.o
                0x00000000610070d4                rt_device_close
 .text.rt_device_write
                0x000000006100719e       0xac build/kernel/src/device.o
                0x000000006100719e                rt_device_write
 .text.rt_interrupt_enter
                0x000000006100724a       0x4c build/kernel/src/irq.o
                0x000000006100724a                rt_interrupt_enter
 .text.rt_interrupt_leave
                0x0000000061007296       0x4c build/kernel/src/irq.o
                0x0000000061007296                rt_interrupt_leave
 .text.rt_interrupt_get_nest
                0x00000000610072e2       0x32 build/kernel/src/irq.o
                0x00000000610072e2                rt_interrupt_get_nest
 *fill*         0x0000000061007314        0x4 
 .text          0x0000000061007318      0x102 build/kernel/libcpu/risc-v/nuclei/context_gcc.o
                0x0000000061007318                rt_hw_context_switch_to
                0x0000000061007374                eclic_msip_handler
 .text.SysTick_Config
                0x000000006100741a      0x296 build/kernel/libcpu/risc-v/nuclei/cpuport.o
 .text.rt_hw_stack_init
                0x00000000610076b0       0xa8 build/kernel/libcpu/risc-v/nuclei/cpuport.o
                0x00000000610076b0                rt_hw_stack_init
 .text.rt_hw_context_switch_interrupt
                0x0000000061007758       0xc2 build/kernel/libcpu/risc-v/nuclei/cpuport.o
                0x0000000061007758                rt_hw_context_switch_interrupt
 .text.rt_hw_context_switch
                0x000000006100781a       0x26 build/kernel/libcpu/risc-v/nuclei/cpuport.o
                0x000000006100781a                rt_hw_context_switch
 .text.rt_hw_taskswitch
                0x0000000061007840       0x9c build/kernel/libcpu/risc-v/nuclei/cpuport.o
                0x0000000061007840                rt_hw_taskswitch
 .text.rt_hw_ticksetup
                0x00000000610078dc      0x514 build/kernel/libcpu/risc-v/nuclei/cpuport.o
                0x00000000610078dc                rt_hw_ticksetup
 .text.eclic_mtip_handler
                0x0000000061007df0      0x152 build/kernel/libcpu/risc-v/nuclei/cpuport.o
                0x0000000061007df0                eclic_mtip_handler
 .text.rt_hw_interrupt_disable
                0x0000000061007f42       0x24 build/kernel/libcpu/risc-v/nuclei/cpuport.o
                0x0000000061007f42                rt_hw_interrupt_disable
 .text.rt_hw_interrupt_enable
                0x0000000061007f66       0x22 build/kernel/libcpu/risc-v/nuclei/cpuport.o
                0x0000000061007f66                rt_hw_interrupt_enable
 *fill*         0x0000000061007f88       0x38 
 .text.trap     0x0000000061007fc0       0x7e build/kernel/libcpu/risc-v/nuclei/interrupt_gcc.o
                0x0000000061007fc0                exc_entry
 *fill*         0x000000006100803e        0x2 
 .text.irq      0x0000000061008040       0x7e build/kernel/libcpu/risc-v/nuclei/interrupt_gcc.o
                0x0000000061008040                irq_entry
                0x00000000610080ba                default_intexc_handler
 .text._malloc_r
                0x00000000610080be       0x38 build/kernel/components/libc/compilers/newlib/syscalls.o
                0x00000000610080be                _malloc_r
 .text._free_r  0x00000000610080f6       0x22 build/kernel/components/libc/compilers/newlib/syscalls.o
                0x00000000610080f6                _free_r
 .text.__libc_init_array
                0x0000000061008118        0xe build/kernel/components/libc/compilers/newlib/syscalls.o
                0x0000000061008118                __libc_init_array
 .text._close_r
                0x0000000061008126       0x5c build/kernel/components/libc/compilers/newlib/syscalls.o
                0x0000000061008126                _close_r
 .text._fstat_r
                0x0000000061008182       0x28 build/kernel/components/libc/compilers/newlib/syscalls.o
                0x0000000061008182                _fstat_r
 .text._isatty_r
                0x00000000610081aa       0x36 build/kernel/components/libc/compilers/newlib/syscalls.o
                0x00000000610081aa                _isatty_r
 .text._lseek_r
                0x00000000610081e0       0x68 build/kernel/components/libc/compilers/newlib/syscalls.o
                0x00000000610081e0                _lseek_r
 .text._read_r  0x0000000061008248       0x60 build/kernel/components/libc/compilers/newlib/syscalls.o
                0x0000000061008248                _read_r
 .text._write_r
                0x00000000610082a8       0xbc build/kernel/components/libc/compilers/newlib/syscalls.o
                0x00000000610082a8                _write_r
 .text.atexit   0x0000000061008364        0xa /home/chenyu.wang/Nuclei/gcc/bin/../lib/gcc/riscv-nuclei-elf/10.2.0/../../../../riscv-nuclei-elf/lib/rv64imac/lp64/libc_nano.a(lib_a-atexit.o)
                0x0000000061008364                atexit
 .text.__libc_fini_array
                0x000000006100836e       0x36 /home/chenyu.wang/Nuclei/gcc/bin/../lib/gcc/riscv-nuclei-elf/10.2.0/../../../../riscv-nuclei-elf/lib/rv64imac/lp64/libc_nano.a(lib_a-fini.o)
                0x000000006100836e                __libc_fini_array
 .text.printf   0x00000000610083a4       0x3c /home/chenyu.wang/Nuclei/gcc/bin/../lib/gcc/riscv-nuclei-elf/10.2.0/../../../../riscv-nuclei-elf/lib/rv64imac/lp64/libc_nano.a(lib_a-printf.o)
                0x00000000610083a4                printf
                0x00000000610083a4                iprintf
 .text._puts_r  0x00000000610083e0       0xe8 /home/chenyu.wang/Nuclei/gcc/bin/../lib/gcc/riscv-nuclei-elf/10.2.0/../../../../riscv-nuclei-elf/lib/rv64imac/lp64/libc_nano.a(lib_a-puts.o)
                0x00000000610083e0                _puts_r
 .text.puts     0x00000000610084c8        0xa /home/chenyu.wang/Nuclei/gcc/bin/../lib/gcc/riscv-nuclei-elf/10.2.0/../../../../riscv-nuclei-elf/lib/rv64imac/lp64/libc_nano.a(lib_a-puts.o)
                0x00000000610084c8                puts
 .text.__swbuf_r
                0x00000000610084d2       0xc6 /home/chenyu.wang/Nuclei/gcc/bin/../lib/gcc/riscv-nuclei-elf/10.2.0/../../../../riscv-nuclei-elf/lib/rv64imac/lp64/libc_nano.a(lib_a-wbuf.o)
                0x00000000610084d2                __swbuf_r
 .text.__swsetup_r
                0x0000000061008598      0x10c /home/chenyu.wang/Nuclei/gcc/bin/../lib/gcc/riscv-nuclei-elf/10.2.0/../../../../riscv-nuclei-elf/lib/rv64imac/lp64/libc_nano.a(lib_a-wsetup.o)
                0x0000000061008598                __swsetup_r
 .text.__register_exitproc
                0x00000000610086a4       0x7a /home/chenyu.wang/Nuclei/gcc/bin/../lib/gcc/riscv-nuclei-elf/10.2.0/../../../../riscv-nuclei-elf/lib/rv64imac/lp64/libc_nano.a(lib_a-__atexit.o)
                0x00000000610086a4                __register_exitproc
 .text.__sflush_r
                0x000000006100871e      0x13a /home/chenyu.wang/Nuclei/gcc/bin/../lib/gcc/riscv-nuclei-elf/10.2.0/../../../../riscv-nuclei-elf/lib/rv64imac/lp64/libc_nano.a(lib_a-fflush.o)
                0x000000006100871e                __sflush_r
 .text._fflush_r
                0x0000000061008858       0x68 /home/chenyu.wang/Nuclei/gcc/bin/../lib/gcc/riscv-nuclei-elf/10.2.0/../../../../riscv-nuclei-elf/lib/rv64imac/lp64/libc_nano.a(lib_a-fflush.o)
                0x0000000061008858                _fflush_r
 .text.std      0x00000000610088c0       0x66 /home/chenyu.wang/Nuclei/gcc/bin/../lib/gcc/riscv-nuclei-elf/10.2.0/../../../../riscv-nuclei-elf/lib/rv64imac/lp64/libc_nano.a(lib_a-findfp.o)
 .text._cleanup_r
                0x0000000061008926        0xa /home/chenyu.wang/Nuclei/gcc/bin/../lib/gcc/riscv-nuclei-elf/10.2.0/../../../../riscv-nuclei-elf/lib/rv64imac/lp64/libc_nano.a(lib_a-findfp.o)
                0x0000000061008926                _cleanup_r
 .text.__sfmoreglue
                0x0000000061008930       0x48 /home/chenyu.wang/Nuclei/gcc/bin/../lib/gcc/riscv-nuclei-elf/10.2.0/../../../../riscv-nuclei-elf/lib/rv64imac/lp64/libc_nano.a(lib_a-findfp.o)
                0x0000000061008930                __sfmoreglue
 .text.__sinit  0x0000000061008978       0x72 /home/chenyu.wang/Nuclei/gcc/bin/../lib/gcc/riscv-nuclei-elf/10.2.0/../../../../riscv-nuclei-elf/lib/rv64imac/lp64/libc_nano.a(lib_a-findfp.o)
                0x0000000061008978                __sinit
 .text.__sfp    0x00000000610089ea       0x9a /home/chenyu.wang/Nuclei/gcc/bin/../lib/gcc/riscv-nuclei-elf/10.2.0/../../../../riscv-nuclei-elf/lib/rv64imac/lp64/libc_nano.a(lib_a-findfp.o)
                0x00000000610089ea                __sfp
 .text._fwalk_reent
                0x0000000061008a84       0x6c /home/chenyu.wang/Nuclei/gcc/bin/../lib/gcc/riscv-nuclei-elf/10.2.0/../../../../riscv-nuclei-elf/lib/rv64imac/lp64/libc_nano.a(lib_a-fwalk.o)
                0x0000000061008a84                _fwalk_reent
 .text.__swhatbuf_r
                0x0000000061008af0       0x5c /home/chenyu.wang/Nuclei/gcc/bin/../lib/gcc/riscv-nuclei-elf/10.2.0/../../../../riscv-nuclei-elf/lib/rv64imac/lp64/libc_nano.a(lib_a-makebuf.o)
                0x0000000061008af0                __swhatbuf_r
 .text.__smakebuf_r
                0x0000000061008b4c       0xa2 /home/chenyu.wang/Nuclei/gcc/bin/../lib/gcc/riscv-nuclei-elf/10.2.0/../../../../riscv-nuclei-elf/lib/rv64imac/lp64/libc_nano.a(lib_a-makebuf.o)
                0x0000000061008b4c                __smakebuf_r
 .text          0x0000000061008bee       0xaa /home/chenyu.wang/Nuclei/gcc/bin/../lib/gcc/riscv-nuclei-elf/10.2.0/../../../../riscv-nuclei-elf/lib/rv64imac/lp64/libc_nano.a(lib_a-memset.o)
                0x0000000061008bee                memset
 .text.__sfputc_r
                0x0000000061008c98       0x2c /home/chenyu.wang/Nuclei/gcc/bin/../lib/gcc/riscv-nuclei-elf/10.2.0/../../../../riscv-nuclei-elf/lib/rv64imac/lp64/libc_nano.a(lib_a-nano-vfprintf.o)
 .text.__sfputs_r
                0x0000000061008cc4       0x44 /home/chenyu.wang/Nuclei/gcc/bin/../lib/gcc/riscv-nuclei-elf/10.2.0/../../../../riscv-nuclei-elf/lib/rv64imac/lp64/libc_nano.a(lib_a-nano-vfprintf.o)
                0x0000000061008cc4                __sfputs_r
 .text._vfprintf_r
                0x0000000061008d08      0x2ae /home/chenyu.wang/Nuclei/gcc/bin/../lib/gcc/riscv-nuclei-elf/10.2.0/../../../../riscv-nuclei-elf/lib/rv64imac/lp64/libc_nano.a(lib_a-nano-vfprintf.o)
                0x0000000061008d08                _vfiprintf_r
                0x0000000061008d08                _vfprintf_r
 .text._printf_common
                0x0000000061008fb6      0x124 /home/chenyu.wang/Nuclei/gcc/bin/../lib/gcc/riscv-nuclei-elf/10.2.0/../../../../riscv-nuclei-elf/lib/rv64imac/lp64/libc_nano.a(lib_a-nano-vfprintf_i.o)
                0x0000000061008fb6                _printf_common
 .text._printf_i
                0x00000000610090da      0x290 /home/chenyu.wang/Nuclei/gcc/bin/../lib/gcc/riscv-nuclei-elf/10.2.0/../../../../riscv-nuclei-elf/lib/rv64imac/lp64/libc_nano.a(lib_a-nano-vfprintf_i.o)
                0x00000000610090da                _printf_i
 .text.__sread  0x000000006100936a       0x32 /home/chenyu.wang/Nuclei/gcc/bin/../lib/gcc/riscv-nuclei-elf/10.2.0/../../../../riscv-nuclei-elf/lib/rv64imac/lp64/libc_nano.a(lib_a-stdio.o)
                0x000000006100936a                __sread
 .text.__swrite
                0x000000006100939c       0x52 /home/chenyu.wang/Nuclei/gcc/bin/../lib/gcc/riscv-nuclei-elf/10.2.0/../../../../riscv-nuclei-elf/lib/rv64imac/lp64/libc_nano.a(lib_a-stdio.o)
                0x000000006100939c                __swrite
 .text.__sseek  0x00000000610093ee       0x38 /home/chenyu.wang/Nuclei/gcc/bin/../lib/gcc/riscv-nuclei-elf/10.2.0/../../../../riscv-nuclei-elf/lib/rv64imac/lp64/libc_nano.a(lib_a-stdio.o)
                0x00000000610093ee                __sseek
 .text.__sclose
                0x0000000061009426        0x8 /home/chenyu.wang/Nuclei/gcc/bin/../lib/gcc/riscv-nuclei-elf/10.2.0/../../../../riscv-nuclei-elf/lib/rv64imac/lp64/libc_nano.a(lib_a-stdio.o)
                0x0000000061009426                __sclose
 .text.memchr   0x000000006100942e       0x1a /home/chenyu.wang/Nuclei/gcc/bin/../lib/gcc/riscv-nuclei-elf/10.2.0/../../../../riscv-nuclei-elf/lib/rv64imac/lp64/libc_nano.a(lib_a-memchr.o)
                0x000000006100942e                memchr
 *(.gnu.linkonce.t.*)

.rodata         0x0000000061009448     0x1950
                0x0000000061009448                . = ALIGN (0x4)
 *(.rdata)
 *(.rodata .rodata.*)
 .rodata        0x0000000061009448        0x5 build/board/board.o
 *fill*         0x000000006100944d        0x3 
 .rodata        0x0000000061009450      0x16e build/packages/nuclei_sdk-latest/SoC/demosoc/Common/Source/system_demosoc.o
 *fill*         0x00000000610095be        0x2 
 .rodata        0x00000000610095c0       0x56 build/applications/main.o
 *fill*         0x0000000061009616        0x2 
 .rodata        0x0000000061009618       0x59 applications/extend/al_eclic.o
 *fill*         0x0000000061009671        0x3 
 .rodata.AlUart_Hal_EventHandler
                0x0000000061009674       0x24 applications/driver/uart/src/al_uart_hal.o
 .rodata        0x0000000061009698      0x116 build/kernel/src/timer.o
 *fill*         0x00000000610097ae        0x2 
 .rodata.rt_timer_control
                0x00000000610097b0       0x18 build/kernel/src/timer.o
 .rodata.__FUNCTION__.7
                0x00000000610097c8        0xe build/kernel/src/timer.o
 *fill*         0x00000000610097d6        0x2 
 .rodata.__FUNCTION__.6
                0x00000000610097d8       0x10 build/kernel/src/timer.o
 .rodata.__FUNCTION__.3
                0x00000000610097e8        0xf build/kernel/src/timer.o
 *fill*         0x00000000610097f7        0x1 
 .rodata.__FUNCTION__.1
                0x00000000610097f8        0xe build/kernel/src/timer.o
 *fill*         0x0000000061009806        0x2 
 .rodata.__FUNCTION__.0
                0x0000000061009808       0x11 build/kernel/src/timer.o
 *fill*         0x0000000061009819        0x7 
 .rodata        0x0000000061009820      0x51a build/kernel/src/ipc.o
 *fill*         0x0000000061009d3a        0x6 
 .rodata.__FUNCTION__.32
                0x0000000061009d40       0x12 build/kernel/src/ipc.o
 *fill*         0x0000000061009d52        0x6 
 .rodata.__FUNCTION__.29
                0x0000000061009d58        0xe build/kernel/src/ipc.o
 *fill*         0x0000000061009d66        0x2 
 .rodata.__FUNCTION__.25
                0x0000000061009d68        0xe build/kernel/src/ipc.o
 *fill*         0x0000000061009d76        0x2 
 .rodata.__FUNCTION__.24
                0x0000000061009d78       0x11 build/kernel/src/ipc.o
 *fill*         0x0000000061009d89        0x7 
 .rodata        0x0000000061009d90       0x99 build/kernel/src/object.o
 *fill*         0x0000000061009e29        0x7 
 .rodata.__FUNCTION__.6
                0x0000000061009e30        0xf build/kernel/src/object.o
 *fill*         0x0000000061009e3f        0x1 
 .rodata.__FUNCTION__.5
                0x0000000061009e40       0x11 build/kernel/src/object.o
 *fill*         0x0000000061009e51        0x7 
 .rodata.__FUNCTION__.4
                0x0000000061009e58       0x13 build/kernel/src/object.o
 *fill*         0x0000000061009e6b        0x5 
 .rodata.__FUNCTION__.3
                0x0000000061009e70       0x11 build/kernel/src/object.o
 *fill*         0x0000000061009e81        0x7 
 .rodata.__FUNCTION__.2
                0x0000000061009e88       0x1a build/kernel/src/object.o
 *fill*         0x0000000061009ea2        0x6 
 .rodata.__FUNCTION__.1
                0x0000000061009ea8       0x13 build/kernel/src/object.o
 *fill*         0x0000000061009ebb        0x5 
 .rodata.__FUNCTION__.0
                0x0000000061009ec0        0xf build/kernel/src/object.o
 *fill*         0x0000000061009ecf        0x1 
 .rodata        0x0000000061009ed0        0x8 build/kernel/src/idle.o
 .rodata        0x0000000061009ed8       0x6d build/kernel/src/scheduler.o
 *fill*         0x0000000061009f45        0x3 
 .rodata.__FUNCTION__.2
                0x0000000061009f48       0x17 build/kernel/src/scheduler.o
 *fill*         0x0000000061009f5f        0x1 
 .rodata.__FUNCTION__.1
                0x0000000061009f60       0x1a build/kernel/src/scheduler.o
 *fill*         0x0000000061009f7a        0x6 
 .rodata.__FUNCTION__.0
                0x0000000061009f80       0x1a build/kernel/src/scheduler.o
 *fill*         0x0000000061009f9a        0x6 
 .rodata        0x0000000061009fa0      0x42f build/kernel/src/mem.o
 *fill*         0x000000006100a3cf        0x1 
 .rodata.__FUNCTION__.4
                0x000000006100a3d0        0xb build/kernel/src/mem.o
 *fill*         0x000000006100a3db        0x5 
 .rodata.__FUNCTION__.2
                0x000000006100a3e0        0xe build/kernel/src/mem.o
 *fill*         0x000000006100a3ee        0x2 
 .rodata.__FUNCTION__.0
                0x000000006100a3f0        0xd build/kernel/src/mem.o
 *fill*         0x000000006100a3fd        0x3 
 .rodata        0x000000006100a400      0x1b3 build/kernel/src/thread.o
 *fill*         0x000000006100a5b3        0x5 
 .rodata.__FUNCTION__.10
                0x000000006100a5b8       0x10 build/kernel/src/thread.o
 .rodata.__FUNCTION__.9
                0x000000006100a5c8        0xd build/kernel/src/thread.o
 *fill*         0x000000006100a5d5        0x3 
 .rodata.__FUNCTION__.8
                0x000000006100a5d8        0xf build/kernel/src/thread.o
 *fill*         0x000000006100a5e7        0x1 
 .rodata.__FUNCTION__.7
                0x000000006100a5e8       0x12 build/kernel/src/thread.o
 *fill*         0x000000006100a5fa        0x6 
 .rodata.__FUNCTION__.6
                0x000000006100a600       0x11 build/kernel/src/thread.o
 *fill*         0x000000006100a611        0x7 
 .rodata.__FUNCTION__.5
                0x000000006100a618       0x11 build/kernel/src/thread.o
 *fill*         0x000000006100a629        0x7 
 .rodata.__FUNCTION__.4
                0x000000006100a630       0x10 build/kernel/src/thread.o
 .rodata.__FUNCTION__.2
                0x000000006100a640       0x12 build/kernel/src/thread.o
 *fill*         0x000000006100a652        0x6 
 .rodata.__FUNCTION__.1
                0x000000006100a658       0x12 build/kernel/src/thread.o
 *fill*         0x000000006100a66a        0x6 
 .rodata.__FUNCTION__.0
                0x000000006100a670       0x11 build/kernel/src/thread.o
 *fill*         0x000000006100a681        0x7 
 .rodata        0x000000006100a688       0x17 build/kernel/src/components.o
 *fill*         0x000000006100a69f        0x1 
 .rodata.__FUNCTION__.0
                0x000000006100a6a0       0x14 build/kernel/src/components.o
 *fill*         0x000000006100a6b4        0x4 
 .rodata        0x000000006100a6b8      0x1ef build/kernel/src/kservice.o
 *fill*         0x000000006100a8a7        0x1 
 .rodata.rt_vsnprintf
                0x000000006100a8a8       0x84 build/kernel/src/kservice.o
 *fill*         0x000000006100a92c        0x4 
 .rodata.__lowest_bit_bitmap
                0x000000006100a930      0x100 build/kernel/src/kservice.o
                0x000000006100a930                __lowest_bit_bitmap
 .rodata.large_digits.4
                0x000000006100aa30       0x11 build/kernel/src/kservice.o
 *fill*         0x000000006100aa41        0x7 
 .rodata.small_digits.3
                0x000000006100aa48       0x11 build/kernel/src/kservice.o
 *fill*         0x000000006100aa59        0x7 
 .rodata.__FUNCTION__.1
                0x000000006100aa60       0x14 build/kernel/src/kservice.o
 *fill*         0x000000006100aa74        0x4 
 .rodata.__FUNCTION__.0
                0x000000006100aa78        0xd build/kernel/src/kservice.o
 *fill*         0x000000006100aa85        0x3 
 .rodata        0x000000006100aa88       0xfc build/kernel/src/device.o
 *fill*         0x000000006100ab84        0x4 
 .rodata.__FUNCTION__.6
                0x000000006100ab88        0xf build/kernel/src/device.o
 *fill*         0x000000006100ab97        0x1 
 .rodata.__FUNCTION__.5
                0x000000006100ab98       0x10 build/kernel/src/device.o
 .rodata.__FUNCTION__.3
                0x000000006100aba8       0x10 build/kernel/src/device.o
 .rodata        0x000000006100abb8       0x42 build/kernel/components/libc/compilers/newlib/syscalls.o
 *fill*         0x000000006100abfa        0x6 
 .rodata.__func__.8
                0x000000006100ac00        0x9 build/kernel/components/libc/compilers/newlib/syscalls.o
 *fill*         0x000000006100ac09        0x7 
 .rodata.__func__.7
                0x000000006100ac10        0x9 build/kernel/components/libc/compilers/newlib/syscalls.o
 *fill*         0x000000006100ac19        0x7 
 .rodata.__func__.0
                0x000000006100ac20        0x9 build/kernel/components/libc/compilers/newlib/syscalls.o
 *fill*         0x000000006100ac29        0x7 
 .rodata.__sf_fake_stderr
                0x000000006100ac30       0x38 /home/chenyu.wang/Nuclei/gcc/bin/../lib/gcc/riscv-nuclei-elf/10.2.0/../../../../riscv-nuclei-elf/lib/rv64imac/lp64/libc_nano.a(lib_a-findfp.o)
                0x000000006100ac30                __sf_fake_stderr
 .rodata.__sf_fake_stdin
                0x000000006100ac68       0x38 /home/chenyu.wang/Nuclei/gcc/bin/../lib/gcc/riscv-nuclei-elf/10.2.0/../../../../riscv-nuclei-elf/lib/rv64imac/lp64/libc_nano.a(lib_a-findfp.o)
                0x000000006100ac68                __sf_fake_stdin
 .rodata.__sf_fake_stdout
                0x000000006100aca0       0x38 /home/chenyu.wang/Nuclei/gcc/bin/../lib/gcc/riscv-nuclei-elf/10.2.0/../../../../riscv-nuclei-elf/lib/rv64imac/lp64/libc_nano.a(lib_a-findfp.o)
                0x000000006100aca0                __sf_fake_stdout
 .rodata._vfprintf_r.str1.8
                0x000000006100acd8       0x17 /home/chenyu.wang/Nuclei/gcc/bin/../lib/gcc/riscv-nuclei-elf/10.2.0/../../../../riscv-nuclei-elf/lib/rv64imac/lp64/libc_nano.a(lib_a-nano-vfprintf.o)
 *fill*         0x000000006100acef        0x1 
 .rodata._printf_i.str1.8
                0x000000006100acf0       0x29 /home/chenyu.wang/Nuclei/gcc/bin/../lib/gcc/riscv-nuclei-elf/10.2.0/../../../../riscv-nuclei-elf/lib/rv64imac/lp64/libc_nano.a(lib_a-nano-vfprintf_i.o)
 *fill*         0x000000006100ad19        0x3 
 .rodata._printf_i
                0x000000006100ad1c       0x58 /home/chenyu.wang/Nuclei/gcc/bin/../lib/gcc/riscv-nuclei-elf/10.2.0/../../../../riscv-nuclei-elf/lib/rv64imac/lp64/libc_nano.a(lib_a-nano-vfprintf_i.o)
                0x000000006100ad74                . = ALIGN (0x4)
                0x000000006100ad74                __rt_init_start = .
 *(SORT_BY_NAME(.rti_fn*))
 *fill*         0x000000006100ad74        0x4 
 .rti_fn.0      0x000000006100ad78        0x8 build/kernel/src/components.o
                0x000000006100ad78                __rt_init_rti_start
 .rti_fn.0.end  0x000000006100ad80        0x8 build/kernel/src/components.o
                0x000000006100ad80                __rt_init_rti_board_start
 .rti_fn.1.end  0x000000006100ad88        0x8 build/kernel/src/components.o
                0x000000006100ad88                __rt_init_rti_board_end
 .rti_fn.6.end  0x000000006100ad90        0x8 build/kernel/src/components.o
                0x000000006100ad90                __rt_init_rti_end
                0x000000006100ad98                __rt_init_end = .
                0x000000006100ad98                . = ALIGN (0x4)
                0x000000006100ad98                __fsymtab_start = .
 *(FSymTab)
                0x000000006100ad98                __fsymtab_end = .
                0x000000006100ad98                . = ALIGN (0x4)
                0x000000006100ad98                __vsymtab_start = .
 *(VSymTab)
                0x000000006100ad98                __vsymtab_end = .
 *(.gnu.linkonce.r.*)

.rela.dyn       0x000000006100ad98        0x0
 .rela.text.rt_hw_board_init
                0x000000006100ad98        0x0 build/board/board.o
 .rela.sdata.heap_start_ptr
                0x000000006100ad98        0x0 build/board/board.o
 .rela.sdata.heap_end_ptr
                0x000000006100ad98        0x0 build/board/board.o
 .rela.sdata.cur_heap
                0x000000006100ad98        0x0 build/board/board.o
 .rela.init     0x000000006100ad98        0x0 build/board/board.o
 .rela.text     0x000000006100ad98        0x0 build/board/board.o
 .rela.text.__libc_fini_array
                0x000000006100ad98        0x0 build/board/board.o
 .rela.text.__register_exitproc
                0x000000006100ad98        0x0 build/board/board.o
 .rela.text._vfprintf_r
                0x000000006100ad98        0x0 build/board/board.o

.fini
 *(SORT_NONE(.fini))
                0x000000006100ad98                . = ALIGN (0x4)
                [!provide]                        PROVIDE (__etext = .)
                [!provide]                        PROVIDE (_etext = .)
                [!provide]                        PROVIDE (etext = .)
                0x000000006100ad98                PROVIDE (_eilm = .)

.preinit_array  0x000000006100ad98        0x0
                [!provide]                        PROVIDE (__preinit_array_start = .)
 *(.preinit_array)
                [!provide]                        PROVIDE (__preinit_array_end = .)

.init_array     0x000000006100ad98        0x0
                [!provide]                        PROVIDE (__init_array_start = .)
 *(SORT_BY_INIT_PRIORITY(.init_array.*) SORT_BY_INIT_PRIORITY(.ctors.*))
 *(.init_array EXCLUDE_FILE(*crtend?.o *crtend.o *crtbegin?.o *crtbegin.o) .ctors)
                [!provide]                        PROVIDE (__init_array_end = .)

.fini_array     0x000000006100ad98        0x0
                0x000000006100ad98                PROVIDE (__fini_array_start = .)
 *(SORT_BY_INIT_PRIORITY(.fini_array.*) SORT_BY_INIT_PRIORITY(.dtors.*))
 *(.fini_array EXCLUDE_FILE(*crtend?.o *crtend.o *crtbegin?.o *crtbegin.o) .dtors)
                0x000000006100ad98                PROVIDE (__fini_array_end = .)

.ctors
 *crtbegin.o(.ctors)
 *crtbegin?.o(.ctors)
 *(EXCLUDE_FILE(*crtend?.o *crtend.o) .ctors)
 *(SORT_BY_NAME(.ctors.*))
 *(.ctors)

.dtors
 *crtbegin.o(.dtors)
 *crtbegin?.o(.dtors)
 *(EXCLUDE_FILE(*crtend?.o *crtend.o) .dtors)
 *(SORT_BY_NAME(.dtors.*))
 *(.dtors)

.lalign         0x000000006100ad98        0x0
                0x000000006100ad98                . = ALIGN (0x4)
                0x000000006100ad98                PROVIDE (_data_lma = .)

.dalign         0x0000000061020000        0x0 load address 0x000000006100ad98
                0x0000000061020000                . = ALIGN (0x4)
                0x0000000061020000                PROVIDE (_data = .)

.data           0x0000000061020000      0x278 load address 0x000000006100ad98
 *(.data .data.*)
 .data.AlUart_HwConfig
                0x0000000061020000       0x28 applications/driver/uart/src/al_uart_cfg.o
                0x0000000061020000                AlUart_HwConfig
 .data.UartDefInitConfigs
                0x0000000061020028       0x18 applications/driver/uart/src/al_uart_dev.o
 .data._object_container
                0x0000000061020040      0x140 build/kernel/src/object.o
 .data._rt_thread_defunct
                0x0000000061020180       0x10 build/kernel/src/idle.o
 .data.impure_data
                0x0000000061020190       0xb0 /home/chenyu.wang/Nuclei/gcc/bin/../lib/gcc/riscv-nuclei-elf/10.2.0/../../../../riscv-nuclei-elf/lib/rv64imac/lp64/libc_nano.a(lib_a-impure.o)
 *(.gnu.linkonce.d.*)
                0x0000000061020240                . = ALIGN (0x8)
                0x0000000061020a40                PROVIDE (__global_pointer$ = (. + 0x800))
 *(.sdata .sdata.* .sdata*)
 .sdata.heap_start_ptr
                0x0000000061020240        0x8 build/packages/nuclei_sdk-latest/SoC/demosoc/Common/Source/Stubs/newlib/sbrk.o
                0x0000000061020240                heap_start_ptr
 .sdata.heap_end_ptr
                0x0000000061020248        0x8 build/packages/nuclei_sdk-latest/SoC/demosoc/Common/Source/Stubs/newlib/sbrk.o
                0x0000000061020248                heap_end_ptr
 .sdata.cur_heap
                0x0000000061020250        0x8 build/packages/nuclei_sdk-latest/SoC/demosoc/Common/Source/Stubs/newlib/sbrk.o
 .sdata.SystemCoreClock
                0x0000000061020258        0x4 build/packages/nuclei_sdk-latest/SoC/demosoc/Common/Source/system_demosoc.o
                0x0000000061020258                SystemCoreClock
 *fill*         0x000000006102025c        0x4 
 .sdata._impure_ptr
                0x0000000061020260        0x8 /home/chenyu.wang/Nuclei/gcc/bin/../lib/gcc/riscv-nuclei-elf/10.2.0/../../../../riscv-nuclei-elf/lib/rv64imac/lp64/libc_nano.a(lib_a-impure.o)
                0x0000000061020260                _impure_ptr
 *(.gnu.linkonce.s.*)
                0x0000000061020268                . = ALIGN (0x8)
 *(.srodata.cst16)
 *(.srodata.cst8)
 *(.srodata.cst4)
 *(.srodata.cst2)
 *(.srodata .srodata.*)
 .srodata.__func__.4
                0x0000000061020268        0x8 build/kernel/components/libc/compilers/newlib/syscalls.o
 .srodata._global_impure_ptr
                0x0000000061020270        0x8 /home/chenyu.wang/Nuclei/gcc/bin/../lib/gcc/riscv-nuclei-elf/10.2.0/../../../../riscv-nuclei-elf/lib/rv64imac/lp64/libc_nano.a(lib_a-impure.o)
                0x0000000061020270                _global_impure_ptr
                0x0000000061020278                . = ALIGN (0x4)
                0x0000000061020278                PROVIDE (_edata = .)
                [!provide]                        PROVIDE (edata = .)
                [!provide]                        PROVIDE (_fbss = .)
                0x0000000061020278                PROVIDE (__bss_start = .)

.bss            0x0000000061020278     0x1fb8
 *(.sbss*)
 .sbss.errno    0x0000000061020278        0x4 build/packages/nuclei_sdk-latest/SoC/demosoc/Common/Source/Stubs/newlib/errno.o
                0x0000000061020278                errno
 *fill*         0x000000006102027c        0x4 
 .sbss.tid1     0x0000000061020280        0x8 build/applications/main.o
 .sbss.tid2     0x0000000061020288        0x8 build/applications/main.o
 .sbss.Log      0x0000000061020290        0x8 applications/log/src/al_log.o
 .sbss.rt_timer_enter_hook
                0x0000000061020298        0x8 build/kernel/src/timer.o
 .sbss.rt_timer_exit_hook
                0x00000000610202a0        0x8 build/kernel/src/timer.o
 .sbss.random_nr.2
                0x00000000610202a8        0x4 build/kernel/src/timer.o
 *fill*         0x00000000610202ac        0x4 
 .sbss.rt_object_attach_hook
                0x00000000610202b0        0x8 build/kernel/src/object.o
 .sbss.rt_object_detach_hook
                0x00000000610202b8        0x8 build/kernel/src/object.o
 .sbss.rt_object_trytake_hook
                0x00000000610202c0        0x8 build/kernel/src/object.o
                0x00000000610202c0                rt_object_trytake_hook
 .sbss.rt_object_take_hook
                0x00000000610202c8        0x8 build/kernel/src/object.o
                0x00000000610202c8                rt_object_take_hook
 .sbss.rt_object_put_hook
                0x00000000610202d0        0x8 build/kernel/src/object.o
                0x00000000610202d0                rt_object_put_hook
 .sbss.rt_tick  0x00000000610202d8        0x4 build/kernel/src/clock.o
 *fill*         0x00000000610202dc        0x4 
 .sbss.rt_tick_hook
                0x00000000610202e0        0x8 build/kernel/src/clock.o
 .sbss.rt_thread_ready_priority_group
                0x00000000610202e8        0x4 build/kernel/src/scheduler.o
                0x00000000610202e8                rt_thread_ready_priority_group
 .sbss.rt_scheduler_lock_nest
                0x00000000610202ec        0x2 build/kernel/src/scheduler.o
 *fill*         0x00000000610202ee        0x2 
 .sbss.rt_current_thread
                0x00000000610202f0        0x8 build/kernel/src/scheduler.o
                0x00000000610202f0                rt_current_thread
 .sbss.rt_current_priority
                0x00000000610202f8        0x1 build/kernel/src/scheduler.o
                0x00000000610202f8                rt_current_priority
 *fill*         0x00000000610202f9        0x7 
 .sbss.rt_scheduler_hook
                0x0000000061020300        0x8 build/kernel/src/scheduler.o
 .sbss.rt_scheduler_switch_hook
                0x0000000061020308        0x8 build/kernel/src/scheduler.o
 .sbss.rt_thread_suspend_hook
                0x0000000061020310        0x8 build/kernel/src/thread.o
 .sbss.rt_thread_resume_hook
                0x0000000061020318        0x8 build/kernel/src/thread.o
 .sbss.rt_thread_inited_hook
                0x0000000061020320        0x8 build/kernel/src/thread.o
 .sbss.__rt_errno
                0x0000000061020328        0x4 build/kernel/src/kservice.o
 *fill*         0x000000006102032c        0x4 
 .sbss._console_device
                0x0000000061020330        0x8 build/kernel/src/kservice.o
 .sbss.rt_malloc_hook
                0x0000000061020338        0x8 build/kernel/src/kservice.o
 .sbss.rt_free_hook
                0x0000000061020340        0x8 build/kernel/src/kservice.o
 .sbss.system_heap
                0x0000000061020348        0x8 build/kernel/src/kservice.o
 .sbss.rt_assert_hook
                0x0000000061020350        0x8 build/kernel/src/kservice.o
                0x0000000061020350                rt_assert_hook
 .sbss.rt_interrupt_enter_hook
                0x0000000061020358        0x8 build/kernel/src/irq.o
 .sbss.rt_interrupt_leave_hook
                0x0000000061020360        0x8 build/kernel/src/irq.o
 .sbss.rt_interrupt_nest
                0x0000000061020368        0x1 build/kernel/src/irq.o
                0x0000000061020368                rt_interrupt_nest
 *fill*         0x0000000061020369        0x7 
 .sbss.rt_interrupt_from_thread
                0x0000000061020370        0x8 build/kernel/libcpu/risc-v/nuclei/cpuport.o
                0x0000000061020370                rt_interrupt_from_thread
 .sbss.rt_interrupt_to_thread
                0x0000000061020378        0x8 build/kernel/libcpu/risc-v/nuclei/cpuport.o
                0x0000000061020378                rt_interrupt_to_thread
 .sbss.rt_thread_switch_interrupt_flag
                0x0000000061020380        0x8 build/kernel/libcpu/risc-v/nuclei/cpuport.o
                0x0000000061020380                rt_thread_switch_interrupt_flag
 .sbss._global_atexit
                0x0000000061020388        0x8 /home/chenyu.wang/Nuclei/gcc/bin/../lib/gcc/riscv-nuclei-elf/10.2.0/../../../../riscv-nuclei-elf/lib/rv64imac/lp64/libc_nano.a(lib_a-__call_atexit.o)
                0x0000000061020388                _global_atexit
 *(.gnu.linkonce.sb.*)
 *(.bss .bss.*)
 .bss.SystemExceptionHandlers
                0x0000000061020390       0x88 build/packages/nuclei_sdk-latest/SoC/demosoc/Common/Source/system_demosoc.o
 .bss.SystemExceptionHandlers
                0x0000000061020418       0x68 applications/extend/al_eclic.o
 .bss.AL_IrqHandlerList
                0x0000000061020480     0x1000 applications/extend/al_eclic.o
 .bss.AL_UART_DevInstance
                0x0000000061021480       0xd0 applications/driver/uart/src/al_uart_hal.o
 .bss._timer_list
                0x0000000061021550       0x10 build/kernel/src/timer.o
 .bss.idle      0x0000000061021560       0xd8 build/kernel/src/idle.o
 .bss.rt_thread_stack
                0x0000000061021638      0x800 build/kernel/src/idle.o
 .bss.idle_hook_list
                0x0000000061021e38       0x20 build/kernel/src/idle.o
 .bss.rt_thread_priority_table
                0x0000000061021e58      0x200 build/kernel/src/scheduler.o
                0x0000000061021e58                rt_thread_priority_table
 .bss._lock     0x0000000061022058       0x40 build/kernel/src/kservice.o
 .bss.rt_log_buf.2
                0x0000000061022098       0x80 build/kernel/src/kservice.o
 .bss._global_atexit0
                0x0000000061022118      0x118 /home/chenyu.wang/Nuclei/gcc/bin/../lib/gcc/riscv-nuclei-elf/10.2.0/../../../../riscv-nuclei-elf/lib/rv64imac/lp64/libc_nano.a(lib_a-__atexit.o)
 *(.gnu.linkonce.b.*)
 *(COMMON)
                0x0000000061022230                . = ALIGN (0x4)
                0x0000000061022230                . = ALIGN (0x8)
                0x0000000061022230                PROVIDE (_end = .)
                [!provide]                        PROVIDE (end = .)
                0x0000000061022230                PROVIDE (_heap_start = .)

.stack          0x000000006103f000     0x1000 load address 0x0000000061022230
                0x000000006103f000                PROVIDE (_heap_end = .)
                0x0000000000001000                . = __stack_size
 *fill*         0x000000006103f000     0x1000 
                0x0000000061040000                PROVIDE (_sp = .)
OUTPUT(rtthread.elf elf64-littleriscv)

.debug_info     0x0000000000000000    0x10372
 .debug_info    0x0000000000000000      0x1a8 build/board/board.o
 .debug_info    0x00000000000001a8      0x102 build/packages/nuclei_sdk-latest/SoC/demosoc/Common/Source/Stubs/newlib/write.o
 .debug_info    0x00000000000002aa       0xb9 build/packages/nuclei_sdk-latest/SoC/demosoc/Common/Source/Stubs/newlib/isatty.o
 .debug_info    0x0000000000000363      0x2d6 build/packages/nuclei_sdk-latest/SoC/demosoc/Common/Source/Stubs/newlib/fstat.o
 .debug_info    0x0000000000000639       0xc5 build/packages/nuclei_sdk-latest/SoC/demosoc/Common/Source/Stubs/newlib/close.o
 .debug_info    0x00000000000006fe      0x12e build/packages/nuclei_sdk-latest/SoC/demosoc/Common/Source/Stubs/newlib/sbrk.o
 .debug_info    0x000000000000082c       0x3b build/packages/nuclei_sdk-latest/SoC/demosoc/Common/Source/Stubs/newlib/errno.o
 .debug_info    0x0000000000000867       0xfd build/packages/nuclei_sdk-latest/SoC/demosoc/Common/Source/Stubs/newlib/read.o
 .debug_info    0x0000000000000964      0x825 build/packages/nuclei_sdk-latest/SoC/demosoc/Common/Source/system_demosoc.o
 .debug_info    0x0000000000001189       0x2e build/packages/nuclei_sdk-latest/SoC/demosoc/Common/Source/GCC/startup_demosoc.o
 .debug_info    0x00000000000011b7       0xd8 build/packages/nuclei_sdk-latest/SoC/demosoc/Common/Source/Stubs/newlib/lseek.o
 .debug_info    0x000000000000128f      0x476 build/applications/main.o
 .debug_info    0x0000000000001705     0x1065 applications/extend/al_eclic.o
 .debug_info    0x000000000000276a      0x4b3 applications/driver/uart/src/al_uart_cfg.o
 .debug_info    0x0000000000002c1d     0x1356 applications/driver/uart/src/al_uart_dev.o
 .debug_info    0x0000000000003f73      0x45d applications/log/src/al_log.o
 .debug_info    0x00000000000043d0      0x9d5 applications/driver/uart/src/al_uart_hal.o
 .debug_info    0x0000000000004da5      0xa38 build/kernel/src/timer.o
 .debug_info    0x00000000000057dd     0x1fd3 build/kernel/src/ipc.o
 .debug_info    0x00000000000077b0      0x961 build/kernel/src/object.o
 .debug_info    0x0000000000008111      0x6ee build/kernel/src/idle.o
 .debug_info    0x00000000000087ff      0x4d1 build/kernel/src/clock.o
 .debug_info    0x0000000000008cd0      0x913 build/kernel/src/scheduler.o
 .debug_info    0x00000000000095e3      0x6a8 build/kernel/src/mem.o
 .debug_info    0x0000000000009c8b      0xcf7 build/kernel/src/thread.o
 .debug_info    0x000000000000a982      0x586 build/kernel/src/components.o
 .debug_info    0x000000000000af08     0x1a08 build/kernel/src/kservice.o
 .debug_info    0x000000000000c910      0x97b build/kernel/src/device.o
 .debug_info    0x000000000000d28b      0x20e build/kernel/src/irq.o
 .debug_info    0x000000000000d499       0x2e build/kernel/libcpu/risc-v/nuclei/context_gcc.o
 .debug_info    0x000000000000d4c7     0x17b6 build/kernel/libcpu/risc-v/nuclei/cpuport.o
 .debug_info    0x000000000000ec7d       0x22 build/kernel/libcpu/risc-v/nuclei/interrupt_gcc.o
 .debug_info    0x000000000000ec9f     0x16d3 build/kernel/components/libc/compilers/newlib/syscalls.o

.debug_abbrev   0x0000000000000000     0x320e
 .debug_abbrev  0x0000000000000000       0xfc build/board/board.o
 .debug_abbrev  0x00000000000000fc       0x74 build/packages/nuclei_sdk-latest/SoC/demosoc/Common/Source/Stubs/newlib/write.o
 .debug_abbrev  0x0000000000000170       0x57 build/packages/nuclei_sdk-latest/SoC/demosoc/Common/Source/Stubs/newlib/isatty.o
 .debug_abbrev  0x00000000000001c7       0xc9 build/packages/nuclei_sdk-latest/SoC/demosoc/Common/Source/Stubs/newlib/fstat.o
 .debug_abbrev  0x0000000000000290       0x6a build/packages/nuclei_sdk-latest/SoC/demosoc/Common/Source/Stubs/newlib/close.o
 .debug_abbrev  0x00000000000002fa       0xb9 build/packages/nuclei_sdk-latest/SoC/demosoc/Common/Source/Stubs/newlib/sbrk.o
 .debug_abbrev  0x00000000000003b3       0x2e build/packages/nuclei_sdk-latest/SoC/demosoc/Common/Source/Stubs/newlib/errno.o
 .debug_abbrev  0x00000000000003e1       0x6d build/packages/nuclei_sdk-latest/SoC/demosoc/Common/Source/Stubs/newlib/read.o
 .debug_abbrev  0x000000000000044e      0x346 build/packages/nuclei_sdk-latest/SoC/demosoc/Common/Source/system_demosoc.o
 .debug_abbrev  0x0000000000000794       0x14 build/packages/nuclei_sdk-latest/SoC/demosoc/Common/Source/GCC/startup_demosoc.o
 .debug_abbrev  0x00000000000007a8       0x57 build/packages/nuclei_sdk-latest/SoC/demosoc/Common/Source/Stubs/newlib/lseek.o
 .debug_abbrev  0x00000000000007ff      0x148 build/applications/main.o
 .debug_abbrev  0x0000000000000947      0x317 applications/extend/al_eclic.o
 .debug_abbrev  0x0000000000000c5e       0xa7 applications/driver/uart/src/al_uart_cfg.o
 .debug_abbrev  0x0000000000000d05      0x2a9 applications/driver/uart/src/al_uart_dev.o
 .debug_abbrev  0x0000000000000fae      0x134 applications/log/src/al_log.o
 .debug_abbrev  0x00000000000010e2      0x216 applications/driver/uart/src/al_uart_hal.o
 .debug_abbrev  0x00000000000012f8      0x275 build/kernel/src/timer.o
 .debug_abbrev  0x000000000000156d      0x210 build/kernel/src/ipc.o
 .debug_abbrev  0x000000000000177d      0x222 build/kernel/src/object.o
 .debug_abbrev  0x000000000000199f      0x207 build/kernel/src/idle.o
 .debug_abbrev  0x0000000000001ba6      0x17a build/kernel/src/clock.o
 .debug_abbrev  0x0000000000001d20      0x269 build/kernel/src/scheduler.o
 .debug_abbrev  0x0000000000001f89      0x1eb build/kernel/src/mem.o
 .debug_abbrev  0x0000000000002174      0x221 build/kernel/src/thread.o
 .debug_abbrev  0x0000000000002395      0x17e build/kernel/src/components.o
 .debug_abbrev  0x0000000000002513      0x384 build/kernel/src/kservice.o
 .debug_abbrev  0x0000000000002897      0x1af build/kernel/src/device.o
 .debug_abbrev  0x0000000000002a46      0x106 build/kernel/src/irq.o
 .debug_abbrev  0x0000000000002b4c       0x14 build/kernel/libcpu/risc-v/nuclei/context_gcc.o
 .debug_abbrev  0x0000000000002b60      0x390 build/kernel/libcpu/risc-v/nuclei/cpuport.o
 .debug_abbrev  0x0000000000002ef0       0x12 build/kernel/libcpu/risc-v/nuclei/interrupt_gcc.o
 .debug_abbrev  0x0000000000002f02      0x30c build/kernel/components/libc/compilers/newlib/syscalls.o

.debug_aranges  0x0000000000000000     0x1a90
 .debug_aranges
                0x0000000000000000       0x40 build/board/board.o
 .debug_aranges
                0x0000000000000040       0x30 build/packages/nuclei_sdk-latest/SoC/demosoc/Common/Source/Stubs/newlib/write.o
 .debug_aranges
                0x0000000000000070       0x30 build/packages/nuclei_sdk-latest/SoC/demosoc/Common/Source/Stubs/newlib/isatty.o
 .debug_aranges
                0x00000000000000a0       0x30 build/packages/nuclei_sdk-latest/SoC/demosoc/Common/Source/Stubs/newlib/fstat.o
 .debug_aranges
                0x00000000000000d0       0x30 build/packages/nuclei_sdk-latest/SoC/demosoc/Common/Source/Stubs/newlib/close.o
 .debug_aranges
                0x0000000000000100       0x30 build/packages/nuclei_sdk-latest/SoC/demosoc/Common/Source/Stubs/newlib/sbrk.o
 .debug_aranges
                0x0000000000000130       0x20 build/packages/nuclei_sdk-latest/SoC/demosoc/Common/Source/Stubs/newlib/errno.o
 .debug_aranges
                0x0000000000000150       0x30 build/packages/nuclei_sdk-latest/SoC/demosoc/Common/Source/Stubs/newlib/read.o
 .debug_aranges
                0x0000000000000180      0x110 build/packages/nuclei_sdk-latest/SoC/demosoc/Common/Source/system_demosoc.o
 .debug_aranges
                0x0000000000000290       0x30 build/packages/nuclei_sdk-latest/SoC/demosoc/Common/Source/GCC/startup_demosoc.o
 .debug_aranges
                0x00000000000002c0       0x30 build/packages/nuclei_sdk-latest/SoC/demosoc/Common/Source/Stubs/newlib/lseek.o
 .debug_aranges
                0x00000000000002f0       0x60 build/applications/main.o
 .debug_aranges
                0x0000000000000350       0x80 applications/extend/al_eclic.o
 .debug_aranges
                0x00000000000003d0       0x20 applications/driver/uart/src/al_uart_cfg.o
 .debug_aranges
                0x00000000000003f0      0x310 applications/driver/uart/src/al_uart_dev.o
 .debug_aranges
                0x0000000000000700       0x40 applications/log/src/al_log.o
 .debug_aranges
                0x0000000000000740       0xe0 applications/driver/uart/src/al_uart_hal.o
 .debug_aranges
                0x0000000000000820      0x160 build/kernel/src/timer.o
 .debug_aranges
                0x0000000000000980      0x320 build/kernel/src/ipc.o
 .debug_aranges
                0x0000000000000ca0      0x130 build/kernel/src/object.o
 .debug_aranges
                0x0000000000000dd0       0xc0 build/kernel/src/idle.o
 .debug_aranges
                0x0000000000000e90       0x80 build/kernel/src/clock.o
 .debug_aranges
                0x0000000000000f10      0x130 build/kernel/src/scheduler.o
 .debug_aranges
                0x0000000000001040       0x80 build/kernel/src/mem.o
 .debug_aranges
                0x00000000000010c0      0x190 build/kernel/src/thread.o
 .debug_aranges
                0x0000000000001250       0xc0 build/kernel/src/components.o
 .debug_aranges
                0x0000000000001310      0x320 build/kernel/src/kservice.o
 .debug_aranges
                0x0000000000001630       0xf0 build/kernel/src/device.o
 .debug_aranges
                0x0000000000001720       0x70 build/kernel/src/irq.o
 .debug_aranges
                0x0000000000001790       0x30 build/kernel/libcpu/risc-v/nuclei/context_gcc.o
 .debug_aranges
                0x00000000000017c0       0xc0 build/kernel/libcpu/risc-v/nuclei/cpuport.o
 .debug_aranges
                0x0000000000001880       0x40 build/kernel/libcpu/risc-v/nuclei/interrupt_gcc.o
 .debug_aranges
                0x00000000000018c0      0x1d0 build/kernel/components/libc/compilers/newlib/syscalls.o

.debug_ranges   0x0000000000000000     0x18f0
 .debug_ranges  0x0000000000000000       0x30 build/board/board.o
 .debug_ranges  0x0000000000000030       0x20 build/packages/nuclei_sdk-latest/SoC/demosoc/Common/Source/Stubs/newlib/write.o
 .debug_ranges  0x0000000000000050       0x20 build/packages/nuclei_sdk-latest/SoC/demosoc/Common/Source/Stubs/newlib/isatty.o
 .debug_ranges  0x0000000000000070       0x20 build/packages/nuclei_sdk-latest/SoC/demosoc/Common/Source/Stubs/newlib/fstat.o
 .debug_ranges  0x0000000000000090       0x20 build/packages/nuclei_sdk-latest/SoC/demosoc/Common/Source/Stubs/newlib/close.o
 .debug_ranges  0x00000000000000b0       0x20 build/packages/nuclei_sdk-latest/SoC/demosoc/Common/Source/Stubs/newlib/sbrk.o
 .debug_ranges  0x00000000000000d0       0x20 build/packages/nuclei_sdk-latest/SoC/demosoc/Common/Source/Stubs/newlib/read.o
 .debug_ranges  0x00000000000000f0      0x100 build/packages/nuclei_sdk-latest/SoC/demosoc/Common/Source/system_demosoc.o
 .debug_ranges  0x00000000000001f0       0x20 build/packages/nuclei_sdk-latest/SoC/demosoc/Common/Source/Stubs/newlib/lseek.o
 .debug_ranges  0x0000000000000210       0x50 build/applications/main.o
 .debug_ranges  0x0000000000000260       0x70 applications/extend/al_eclic.o
 .debug_ranges  0x00000000000002d0      0x300 applications/driver/uart/src/al_uart_dev.o
 .debug_ranges  0x00000000000005d0       0x30 applications/log/src/al_log.o
 .debug_ranges  0x0000000000000600       0xd0 applications/driver/uart/src/al_uart_hal.o
 .debug_ranges  0x00000000000006d0      0x180 build/kernel/src/timer.o
 .debug_ranges  0x0000000000000850      0x310 build/kernel/src/ipc.o
 .debug_ranges  0x0000000000000b60      0x120 build/kernel/src/object.o
 .debug_ranges  0x0000000000000c80       0xe0 build/kernel/src/idle.o
 .debug_ranges  0x0000000000000d60       0x70 build/kernel/src/clock.o
 .debug_ranges  0x0000000000000dd0      0x180 build/kernel/src/scheduler.o
 .debug_ranges  0x0000000000000f50       0x70 build/kernel/src/mem.o
 .debug_ranges  0x0000000000000fc0      0x180 build/kernel/src/thread.o
 .debug_ranges  0x0000000000001140       0xb0 build/kernel/src/components.o
 .debug_ranges  0x00000000000011f0      0x310 build/kernel/src/kservice.o
 .debug_ranges  0x0000000000001500       0xe0 build/kernel/src/device.o
 .debug_ranges  0x00000000000015e0       0x60 build/kernel/src/irq.o
 .debug_ranges  0x0000000000001640       0xb0 build/kernel/libcpu/risc-v/nuclei/cpuport.o
 .debug_ranges  0x00000000000016f0       0x40 build/kernel/libcpu/risc-v/nuclei/interrupt_gcc.o
 .debug_ranges  0x0000000000001730      0x1c0 build/kernel/components/libc/compilers/newlib/syscalls.o

.debug_line     0x0000000000000000     0xe094
 .debug_line    0x0000000000000000      0x221 build/board/board.o
 .debug_line    0x0000000000000221      0x130 build/packages/nuclei_sdk-latest/SoC/demosoc/Common/Source/Stubs/newlib/write.o
 .debug_line    0x0000000000000351       0x8f build/packages/nuclei_sdk-latest/SoC/demosoc/Common/Source/Stubs/newlib/isatty.o
 .debug_line    0x00000000000003e0      0x178 build/packages/nuclei_sdk-latest/SoC/demosoc/Common/Source/Stubs/newlib/fstat.o
 .debug_line    0x0000000000000558       0x96 build/packages/nuclei_sdk-latest/SoC/demosoc/Common/Source/Stubs/newlib/close.o
 .debug_line    0x00000000000005ee      0x12c build/packages/nuclei_sdk-latest/SoC/demosoc/Common/Source/Stubs/newlib/sbrk.o
 .debug_line    0x000000000000071a       0x6a build/packages/nuclei_sdk-latest/SoC/demosoc/Common/Source/Stubs/newlib/errno.o
 .debug_line    0x0000000000000784      0x13f build/packages/nuclei_sdk-latest/SoC/demosoc/Common/Source/Stubs/newlib/read.o
 .debug_line    0x00000000000008c3      0x552 build/packages/nuclei_sdk-latest/SoC/demosoc/Common/Source/system_demosoc.o
 .debug_line    0x0000000000000e15      0x1b8 build/packages/nuclei_sdk-latest/SoC/demosoc/Common/Source/GCC/startup_demosoc.o
 .debug_line    0x0000000000000fcd       0x8e build/packages/nuclei_sdk-latest/SoC/demosoc/Common/Source/Stubs/newlib/lseek.o
 .debug_line    0x000000000000105b      0x21a build/applications/main.o
 .debug_line    0x0000000000001275      0x7d6 applications/extend/al_eclic.o
 .debug_line    0x0000000000001a4b       0xd9 applications/driver/uart/src/al_uart_cfg.o
 .debug_line    0x0000000000001b24     0x1063 applications/driver/uart/src/al_uart_dev.o
 .debug_line    0x0000000000002b87      0x128 applications/log/src/al_log.o
 .debug_line    0x0000000000002caf      0x659 applications/driver/uart/src/al_uart_hal.o
 .debug_line    0x0000000000003308      0xbf6 build/kernel/src/timer.o
 .debug_line    0x0000000000003efe     0x2d55 build/kernel/src/ipc.o
 .debug_line    0x0000000000006c53      0x8cd build/kernel/src/object.o
 .debug_line    0x0000000000007520      0x552 build/kernel/src/idle.o
 .debug_line    0x0000000000007a72      0x2a9 build/kernel/src/clock.o
 .debug_line    0x0000000000007d1b      0x944 build/kernel/src/scheduler.o
 .debug_line    0x000000000000865f      0xbad build/kernel/src/mem.o
 .debug_line    0x000000000000920c      0xc57 build/kernel/src/thread.o
 .debug_line    0x0000000000009e63      0x32d build/kernel/src/components.o
 .debug_line    0x000000000000a190     0x1e1f build/kernel/src/kservice.o
 .debug_line    0x000000000000bfaf      0x7e2 build/kernel/src/device.o
 .debug_line    0x000000000000c791      0x209 build/kernel/src/irq.o
 .debug_line    0x000000000000c99a      0x2e9 build/kernel/libcpu/risc-v/nuclei/context_gcc.o
 .debug_line    0x000000000000cc83      0xbc5 build/kernel/libcpu/risc-v/nuclei/cpuport.o
 .debug_line    0x000000000000d848       0xcd build/kernel/libcpu/risc-v/nuclei/interrupt_gcc.o
 .debug_line    0x000000000000d915      0x77f build/kernel/components/libc/compilers/newlib/syscalls.o

.debug_str      0x0000000000000000     0x4821
 .debug_str     0x0000000000000000      0x1ab build/board/board.o
                                        0x205 (size before relaxing)
 .debug_str     0x00000000000001ab       0x53 build/packages/nuclei_sdk-latest/SoC/demosoc/Common/Source/Stubs/newlib/write.o
                                        0x1eb (size before relaxing)
 .debug_str     0x00000000000001fe       0x53 build/packages/nuclei_sdk-latest/SoC/demosoc/Common/Source/Stubs/newlib/isatty.o
                                        0x1d5 (size before relaxing)
 .debug_str     0x0000000000000251      0x141 build/packages/nuclei_sdk-latest/SoC/demosoc/Common/Source/Stubs/newlib/fstat.o
                                        0x31a (size before relaxing)
 .debug_str     0x0000000000000392       0x4a build/packages/nuclei_sdk-latest/SoC/demosoc/Common/Source/Stubs/newlib/close.o
                                        0x1d9 (size before relaxing)
 .debug_str     0x00000000000003dc       0x8f build/packages/nuclei_sdk-latest/SoC/demosoc/Common/Source/Stubs/newlib/sbrk.o
                                        0x21b (size before relaxing)
 .debug_str     0x000000000000046b       0x4a build/packages/nuclei_sdk-latest/SoC/demosoc/Common/Source/Stubs/newlib/errno.o
                                        0x130 (size before relaxing)
 .debug_str     0x00000000000004b5       0x49 build/packages/nuclei_sdk-latest/SoC/demosoc/Common/Source/Stubs/newlib/read.o
                                        0x1e9 (size before relaxing)
 .debug_str     0x00000000000004fe      0x31f build/packages/nuclei_sdk-latest/SoC/demosoc/Common/Source/system_demosoc.o
                                        0x507 (size before relaxing)
 .debug_str     0x000000000000081d       0x59 build/packages/nuclei_sdk-latest/SoC/demosoc/Common/Source/GCC/startup_demosoc.o
                                         0xa7 (size before relaxing)
 .debug_str     0x0000000000000876       0x58 build/packages/nuclei_sdk-latest/SoC/demosoc/Common/Source/Stubs/newlib/lseek.o
                                        0x1e6 (size before relaxing)
 .debug_str     0x00000000000008ce      0x13f build/applications/main.o
                                        0x362 (size before relaxing)
 .debug_str     0x0000000000000a0d      0xd91 applications/extend/al_eclic.o
                                       0x10bd (size before relaxing)
 .debug_str     0x000000000000179e       0x8e applications/driver/uart/src/al_uart_cfg.o
                                        0xafa (size before relaxing)
 .debug_str     0x000000000000182c      0xaa9 applications/driver/uart/src/al_uart_dev.o
                                        0xeb7 (size before relaxing)
 .debug_str     0x00000000000022d5       0x70 applications/log/src/al_log.o
                                        0x596 (size before relaxing)
 .debug_str     0x0000000000002345      0x13b applications/driver/uart/src/al_uart_hal.o
                                        0x92d (size before relaxing)
 .debug_str     0x0000000000002480      0x3a6 build/kernel/src/timer.o
                                        0x629 (size before relaxing)
 .debug_str     0x0000000000002826      0x45c build/kernel/src/ipc.o
                                        0x97c (size before relaxing)
 .debug_str     0x0000000000002c82      0x2ea build/kernel/src/object.o
                                        0x6e0 (size before relaxing)
 .debug_str     0x0000000000002f6c      0x119 build/kernel/src/idle.o
                                        0x476 (size before relaxing)
 .debug_str     0x0000000000003085       0x95 build/kernel/src/clock.o
                                        0x3a6 (size before relaxing)
 .debug_str     0x000000000000311a      0x250 build/kernel/src/scheduler.o
                                        0x60a (size before relaxing)
 .debug_str     0x000000000000336a      0x139 build/kernel/src/mem.o
                                        0x4c9 (size before relaxing)
 .debug_str     0x00000000000034a3      0x1f0 build/kernel/src/thread.o
                                        0x6e0 (size before relaxing)
 .debug_str     0x0000000000003693       0xe7 build/kernel/src/components.o
                                        0x412 (size before relaxing)
 .debug_str     0x000000000000377a      0x706 build/kernel/src/kservice.o
                                        0xbcc (size before relaxing)
 .debug_str     0x0000000000003e80      0x125 build/kernel/src/device.o
                                        0x813 (size before relaxing)
 .debug_str     0x0000000000003fa5       0xb6 build/kernel/src/irq.o
                                        0x275 (size before relaxing)
 .debug_str     0x000000000000405b       0x2d build/kernel/libcpu/risc-v/nuclei/context_gcc.o
                                         0x89 (size before relaxing)
 .debug_str     0x0000000000004088      0x2a9 build/kernel/libcpu/risc-v/nuclei/cpuport.o
                                        0xf2c (size before relaxing)
 .debug_str     0x0000000000004331       0x2f build/kernel/libcpu/risc-v/nuclei/interrupt_gcc.o
                                         0x8b (size before relaxing)
 .debug_str     0x0000000000004360      0x4c1 build/kernel/components/libc/compilers/newlib/syscalls.o
                                        0xbf8 (size before relaxing)

.comment        0x0000000000000000       0x12
 .comment       0x0000000000000000       0x12 build/board/board.o
                                         0x13 (size before relaxing)
 .comment       0x0000000000000012       0x13 build/packages/nuclei_sdk-latest/SoC/demosoc/Common/Source/Stubs/newlib/write.o
 .comment       0x0000000000000012       0x13 build/packages/nuclei_sdk-latest/SoC/demosoc/Common/Source/Stubs/newlib/isatty.o
 .comment       0x0000000000000012       0x13 build/packages/nuclei_sdk-latest/SoC/demosoc/Common/Source/Stubs/newlib/fstat.o
 .comment       0x0000000000000012       0x13 build/packages/nuclei_sdk-latest/SoC/demosoc/Common/Source/Stubs/newlib/close.o
 .comment       0x0000000000000012       0x13 build/packages/nuclei_sdk-latest/SoC/demosoc/Common/Source/Stubs/newlib/sbrk.o
 .comment       0x0000000000000012       0x13 build/packages/nuclei_sdk-latest/SoC/demosoc/Common/Source/Stubs/newlib/errno.o
 .comment       0x0000000000000012       0x13 build/packages/nuclei_sdk-latest/SoC/demosoc/Common/Source/Stubs/newlib/read.o
 .comment       0x0000000000000012       0x13 build/packages/nuclei_sdk-latest/SoC/demosoc/Common/Source/system_demosoc.o
 .comment       0x0000000000000012       0x13 build/packages/nuclei_sdk-latest/SoC/demosoc/Common/Source/Stubs/newlib/lseek.o
 .comment       0x0000000000000012       0x13 build/applications/main.o
 .comment       0x0000000000000012       0x13 applications/extend/al_eclic.o
 .comment       0x0000000000000012       0x13 applications/driver/uart/src/al_uart_cfg.o
 .comment       0x0000000000000012       0x13 applications/driver/uart/src/al_uart_dev.o
 .comment       0x0000000000000012       0x13 applications/log/src/al_log.o
 .comment       0x0000000000000012       0x13 applications/driver/uart/src/al_uart_hal.o
 .comment       0x0000000000000012       0x13 build/kernel/src/timer.o
 .comment       0x0000000000000012       0x13 build/kernel/src/ipc.o
 .comment       0x0000000000000012       0x13 build/kernel/src/object.o
 .comment       0x0000000000000012       0x13 build/kernel/src/idle.o
 .comment       0x0000000000000012       0x13 build/kernel/src/clock.o
 .comment       0x0000000000000012       0x13 build/kernel/src/scheduler.o
 .comment       0x0000000000000012       0x13 build/kernel/src/mem.o
 .comment       0x0000000000000012       0x13 build/kernel/src/thread.o
 .comment       0x0000000000000012       0x13 build/kernel/src/components.o
 .comment       0x0000000000000012       0x13 build/kernel/src/kservice.o
 .comment       0x0000000000000012       0x13 build/kernel/src/device.o
 .comment       0x0000000000000012       0x13 build/kernel/src/irq.o
 .comment       0x0000000000000012       0x13 build/kernel/libcpu/risc-v/nuclei/cpuport.o
 .comment       0x0000000000000012       0x13 build/kernel/components/libc/compilers/newlib/syscalls.o
 .comment       0x0000000000000012       0x13 /home/chenyu.wang/Nuclei/gcc/bin/../lib/gcc/riscv-nuclei-elf/10.2.0/../../../../riscv-nuclei-elf/lib/rv64imac/lp64/libc_nano.a(lib_a-atexit.o)
 .comment       0x0000000000000012       0x13 /home/chenyu.wang/Nuclei/gcc/bin/../lib/gcc/riscv-nuclei-elf/10.2.0/../../../../riscv-nuclei-elf/lib/rv64imac/lp64/libc_nano.a(lib_a-fini.o)
 .comment       0x0000000000000012       0x13 /home/chenyu.wang/Nuclei/gcc/bin/../lib/gcc/riscv-nuclei-elf/10.2.0/../../../../riscv-nuclei-elf/lib/rv64imac/lp64/libc_nano.a(lib_a-printf.o)
 .comment       0x0000000000000012       0x13 /home/chenyu.wang/Nuclei/gcc/bin/../lib/gcc/riscv-nuclei-elf/10.2.0/../../../../riscv-nuclei-elf/lib/rv64imac/lp64/libc_nano.a(lib_a-puts.o)
 .comment       0x0000000000000012       0x13 /home/chenyu.wang/Nuclei/gcc/bin/../lib/gcc/riscv-nuclei-elf/10.2.0/../../../../riscv-nuclei-elf/lib/rv64imac/lp64/libc_nano.a(lib_a-wbuf.o)
 .comment       0x0000000000000012       0x13 /home/chenyu.wang/Nuclei/gcc/bin/../lib/gcc/riscv-nuclei-elf/10.2.0/../../../../riscv-nuclei-elf/lib/rv64imac/lp64/libc_nano.a(lib_a-wsetup.o)