Archive member included to satisfy reference by file (symbol)

/opt/toolchain/riscv-gcc/bin/../lib/gcc/riscv-nuclei-elf/10.2.0/../../../../riscv-nuclei-elf/lib/rv64imac/lp64/libc_nano.a(lib_a-atexit.o)
                              build/packages/nuclei_sdk-latest/SoC/demosoc/Common/Source/GCC/startup_demosoc.o (atexit)
/opt/toolchain/riscv-gcc/bin/../lib/gcc/riscv-nuclei-elf/10.2.0/../../../../riscv-nuclei-elf/lib/rv64imac/lp64/libc_nano.a(lib_a-atoi.o)
                              build/kernel/components/finsh/msh_file.o (atoi)
/opt/toolchain/riscv-gcc/bin/../lib/gcc/riscv-nuclei-elf/10.2.0/../../../../riscv-nuclei-elf/lib/rv64imac/lp64/libc_nano.a(lib_a-ctype_.o)
                              build/kernel/components/libc/compilers/common/cstring.o (_ctype_)
/opt/toolchain/riscv-gcc/bin/../lib/gcc/riscv-nuclei-elf/10.2.0/../../../../riscv-nuclei-elf/lib/rv64imac/lp64/libc_nano.a(lib_a-fini.o)
                              build/packages/nuclei_sdk-latest/SoC/demosoc/Common/Source/GCC/startup_demosoc.o (__libc_fini_array)
/opt/toolchain/riscv-gcc/bin/../lib/gcc/riscv-nuclei-elf/10.2.0/../../../../riscv-nuclei-elf/lib/rv64imac/lp64/libc_nano.a(lib_a-malloc.o)
                              build/kernel/components/libc/compilers/common/cstring.o (malloc)
/opt/toolchain/riscv-gcc/bin/../lib/gcc/riscv-nuclei-elf/10.2.0/../../../../riscv-nuclei-elf/lib/rv64imac/lp64/libc_nano.a(lib_a-memcmp.o)
                              build/kernel/components/finsh/shell.o (memcmp)
/opt/toolchain/riscv-gcc/bin/../lib/gcc/riscv-nuclei-elf/10.2.0/../../../../riscv-nuclei-elf/lib/rv64imac/lp64/libc_nano.a(lib_a-memcpy.o)
                              build/kernel/components/libc/compilers/common/cstring.o (memcpy)
/opt/toolchain/riscv-gcc/bin/../lib/gcc/riscv-nuclei-elf/10.2.0/../../../../riscv-nuclei-elf/lib/rv64imac/lp64/libc_nano.a(lib_a-memset.o)
                              build/kernel/src/kservice.o (memset)
/opt/toolchain/riscv-gcc/bin/../lib/gcc/riscv-nuclei-elf/10.2.0/../../../../riscv-nuclei-elf/lib/rv64imac/lp64/libc_nano.a(lib_a-printf.o)
                              build/packages/nuclei_sdk-latest/SoC/demosoc/Common/Source/system_demosoc.o (printf)
/opt/toolchain/riscv-gcc/bin/../lib/gcc/riscv-nuclei-elf/10.2.0/../../../../riscv-nuclei-elf/lib/rv64imac/lp64/libc_nano.a(lib_a-reent.o)
                              build/packages/nuclei_sdk-latest/SoC/demosoc/Common/Source/Stubs/newlib/kill.o (errno)
/opt/toolchain/riscv-gcc/bin/../lib/gcc/riscv-nuclei-elf/10.2.0/../../../../riscv-nuclei-elf/lib/rv64imac/lp64/libc_nano.a(lib_a-strchr.o)
                              build/kernel/components/libc/compilers/common/cstring.o (strchr)
/opt/toolchain/riscv-gcc/bin/../lib/gcc/riscv-nuclei-elf/10.2.0/../../../../riscv-nuclei-elf/lib/rv64imac/lp64/libc_nano.a(lib_a-strcmp.o)
                              build/kernel/components/finsh/msh_file.o (strcmp)
/opt/toolchain/riscv-gcc/bin/../lib/gcc/riscv-nuclei-elf/10.2.0/../../../../riscv-nuclei-elf/lib/rv64imac/lp64/libc_nano.a(lib_a-strcpy.o)
                              build/kernel/components/finsh/msh.o (strcpy)
/opt/toolchain/riscv-gcc/bin/../lib/gcc/riscv-nuclei-elf/10.2.0/../../../../riscv-nuclei-elf/lib/rv64imac/lp64/libc_nano.a(lib_a-strlen.o)
                              build/kernel/components/libc/compilers/common/cstring.o (strlen)
/opt/toolchain/riscv-gcc/bin/../lib/gcc/riscv-nuclei-elf/10.2.0/../../../../riscv-nuclei-elf/lib/rv64imac/lp64/libc_nano.a(lib_a-strncmp.o)
                              build/kernel/components/finsh/msh.o (strncmp)
/opt/toolchain/riscv-gcc/bin/../lib/gcc/riscv-nuclei-elf/10.2.0/../../../../riscv-nuclei-elf/lib/rv64imac/lp64/libc_nano.a(lib_a-strncpy.o)
                              build/kernel/components/finsh/shell.o (strncpy)
/opt/toolchain/riscv-gcc/bin/../lib/gcc/riscv-nuclei-elf/10.2.0/../../../../riscv-nuclei-elf/lib/rv64imac/lp64/libc_nano.a(lib_a-strrchr.o)
                              build/kernel/components/libc/compilers/common/cstring.o (strrchr)
/opt/toolchain/riscv-gcc/bin/../lib/gcc/riscv-nuclei-elf/10.2.0/../../../../riscv-nuclei-elf/lib/rv64imac/lp64/libc_nano.a(lib_a-strstr.o)
                              build/kernel/components/finsh/msh_file.o (strstr)
/opt/toolchain/riscv-gcc/bin/../lib/gcc/riscv-nuclei-elf/10.2.0/../../../../riscv-nuclei-elf/lib/rv64imac/lp64/libc_nano.a(lib_a-strtol.o)
                              /opt/toolchain/riscv-gcc/bin/../lib/gcc/riscv-nuclei-elf/10.2.0/../../../../riscv-nuclei-elf/lib/rv64imac/lp64/libc_nano.a(lib_a-atoi.o) (_strtol_r)
/opt/toolchain/riscv-gcc/bin/../lib/gcc/riscv-nuclei-elf/10.2.0/../../../../riscv-nuclei-elf/lib/rv64imac/lp64/libc_nano.a(lib_a-sysisatty.o)
                              build/packages/nuclei_sdk-latest/SoC/demosoc/Common/Source/Stubs/newlib/write.o (isatty)
/opt/toolchain/riscv-gcc/bin/../lib/gcc/riscv-nuclei-elf/10.2.0/../../../../riscv-nuclei-elf/lib/rv64imac/lp64/libc_nano.a(lib_a-__atexit.o)
[...]
Memory Configuration

Name             Origin             Length             Attributes
ilm              0x0000000061000000 0x0000000000020000 axrl !w
ram              0x0000000061020000 0x0000000000020000 axw !rl
*default*        0x0000000000000000 0xffffffffffffffff

Linker script and memory map

LOAD build/board/board.o
LOAD build/packages/nuclei_sdk-latest/SoC/demosoc/Common/Source/Stubs/newlib/kill.o
LOAD build/packages/nuclei_sdk-latest/SoC/demosoc/Common/Source/Stubs/newlib/execve.o
LOAD build/packages/nuclei_sdk-latest/SoC/demosoc/Common/Source/demosoc_common.o
LOAD build/packages/nuclei_sdk-latest/SoC/demosoc/Common/Source/Stubs/newlib/close.o
LOAD build/packages/nuclei_sdk-latest/SoC/demosoc/Common/Source/Stubs/newlib/read.o
LOAD build/packages/nuclei_sdk-latest/SoC/demosoc/Common/Source/Stubs/newlib/open.o
LOAD build/packages/nuclei_sdk-latest/SoC/demosoc/Common/Source/Stubs/newlib/times.o
LOAD build/packages/nuclei_sdk-latest/SoC/demosoc/Common/Source/GCC/startup_demosoc.o
LOAD build/packages/nuclei_sdk-latest/SoC/demosoc/Common/Source/Stubs/newlib/clock_gettime.o
LOAD build/packages/nuclei_sdk-latest/SoC/demosoc/Common/Source/Stubs/newlib/fstat.o
LOAD build/packages/nuclei_sdk-latest/SoC/demosoc/Common/Source/Stubs/newlib/exit.o
LOAD build/packages/nuclei_sdk-latest/SoC/demosoc/Common/Source/Drivers/demosoc_gpio.o
LOAD build/packages/nuclei_sdk-latest/SoC/demosoc/Common/Source/Stubs/newlib/gettimeofday.o
LOAD build/packages/nuclei_sdk-latest/SoC/demosoc/Common/Source/Stubs/newlib/unlink.o
LOAD build/packages/nuclei_sdk-latest/SoC/demosoc/Common/Source/Stubs/newlib/stat.o
LOAD build/packages/nuclei_sdk-latest/SoC/demosoc/Common/Source/Stubs/newlib/clock_settime.o
LOAD build/packages/nuclei_sdk-latest/SoC/demosoc/Common/Source/Stubs/newlib/clock_getres.o
LOAD build/packages/nuclei_sdk-latest/SoC/demosoc/Common/Source/system_demosoc.o
LOAD build/packages/nuclei_sdk-latest/SoC/demosoc/Common/Source/Stubs/newlib/wait.o
LOAD build/packages/nuclei_sdk-latest/SoC/demosoc/Common/Source/Stubs/newlib/isatty.o
LOAD build/packages/nuclei_sdk-latest/SoC/demosoc/Common/Source/GCC/intexc_demosoc.o
LOAD build/packages/nuclei_sdk-latest/SoC/demosoc/Common/Source/Stubs/newlib/fork.o
LOAD build/packages/nuclei_sdk-latest/SoC/demosoc/Common/Source/Stubs/newlib/getpid.o
LOAD build/packages/nuclei_sdk-latest/SoC/demosoc/Common/Source/Stubs/newlib/lseek.o
LOAD build/packages/nuclei_sdk-latest/SoC/demosoc/Common/Source/Drivers/demosoc_uart.o
LOAD build/packages/nuclei_sdk-latest/SoC/demosoc/Common/Source/Stubs/newlib/sbrk.o
LOAD build/packages/nuclei_sdk-latest/SoC/demosoc/Common/Source/Stubs/newlib/write.o
LOAD build/packages/nuclei_sdk-latest/SoC/demosoc/Common/Source/GCC/intexc_demosoc_s.o
LOAD build/packages/nuclei_sdk-latest/SoC/demosoc/Common/Source/Stubs/newlib/link.o
LOAD build/applications/main.o
LOAD build/kernel/src/clock.o
LOAD build/kernel/src/device.o
LOAD build/kernel/src/irq.o
LOAD build/kernel/src/kservice.o
LOAD build/kernel/src/thread.o
LOAD build/kernel/src/timer.o
LOAD build/kernel/src/mempool.o
LOAD build/kernel/src/mem.o
LOAD build/kernel/src/scheduler.o
LOAD build/kernel/src/idle.o
LOAD build/kernel/src/ipc.o
LOAD build/kernel/src/object.o
LOAD build/kernel/src/components.o
LOAD build/kernel/libcpu/risc-v/nuclei/context_gcc.o
LOAD build/kernel/libcpu/risc-v/nuclei/cpuport.o
LOAD build/kernel/libcpu/risc-v/nuclei/interrupt_gcc.o
LOAD build/kernel/components/libc/compilers/common/cstring.o
LOAD build/kernel/components/libc/compilers/common/ctime.o
LOAD build/kernel/components/libc/compilers/common/cstdlib.o
LOAD build/kernel/components/libc/compilers/common/cctype.o
LOAD build/kernel/components/libc/compilers/common/cwchar.o
LOAD build/kernel/components/libc/compilers/common/cstdio.o
LOAD build/kernel/components/libc/compilers/newlib/syscalls.o
LOAD build/kernel/components/finsh/msh_file.o
LOAD build/kernel/components/finsh/msh.o
LOAD build/kernel/components/finsh/shell.o
LOAD build/kernel/components/finsh/cmd.o
LOAD build/kernel/components/finsh/msh_parse.o
LOAD build/kernel/components/dfs/src/dfs_file.o
LOAD build/kernel/components/dfs/src/dfs_fs.o
LOAD build/kernel/components/dfs/src/dfs.o
LOAD build/kernel/components/dfs/src/dfs_posix.o
LOAD build/kernel/components/dfs/filesystems/devfs/devfs.o
LOAD build/kernel/components/drivers/serial/serial.o
LOAD build/kernel/components/drivers/ipc/ringbuffer.o
LOAD build/kernel/components/drivers/ipc/completion.o
LOAD build/kernel/components/drivers/ipc/waitqueue.o
LOAD build/kernel/components/drivers/ipc/ringblk_buf.o
LOAD build/kernel/components/drivers/ipc/workqueue.o
LOAD build/kernel/components/drivers/ipc/pipe.o
LOAD build/kernel/components/drivers/ipc/dataqueue.o
LOAD libraries/demosoc/HAL_Drivers/drv_uart.o
LOAD /opt/toolchain/riscv-gcc/bin/../lib/gcc/riscv-nuclei-elf/10.2.0/../../../../riscv-nuclei-elf/lib/rv64imac/lp64/libstdc++.a
LOAD /opt/toolchain/riscv-gcc/bin/../lib/gcc/riscv-nuclei-elf/10.2.0/../../../../riscv-nuclei-elf/lib/rv64imac/lp64/libc_nano.a
LOAD /opt/toolchain/riscv-gcc/bin/../lib/gcc/riscv-nuclei-elf/10.2.0/../../../../riscv-nuclei-elf/lib/rv64imac/lp64/libm_nano.a
LOAD /opt/toolchain/riscv-gcc/bin/../lib/gcc/riscv-nuclei-elf/10.2.0/rv64imac/lp64/libgcc.a
LOAD /opt/toolchain/riscv-gcc/bin/../lib/gcc/riscv-nuclei-elf/10.2.0/../../../../riscv-nuclei-elf/lib/rv64imac/lp64/libc_nano.a
LOAD /opt/toolchain/riscv-gcc/bin/../lib/gcc/riscv-nuclei-elf/10.2.0/rv64imac/lp64/libgcc.a
START GROUP
LOAD /opt/toolchain/riscv-gcc/bin/../lib/gcc/riscv-nuclei-elf/10.2.0/rv64imac/lp64/libgcc.a
LOAD /opt/toolchain/riscv-gcc/bin/../lib/gcc/riscv-nuclei-elf/10.2.0/../../../../riscv-nuclei-elf/lib/rv64imac/lp64/libc_nano.a
LOAD /opt/toolchain/riscv-gcc/bin/../lib/gcc/riscv-nuclei-elf/10.2.0/../../../../riscv-nuclei-elf/lib/rv64imac/lp64/libnosys.a
END GROUP
START GROUP
LOAD /opt/toolchain/riscv-gcc/bin/../lib/gcc/riscv-nuclei-elf/10.2.0/rv64imac/lp64/libgcc.a
LOAD /opt/toolchain/riscv-gcc/bin/../lib/gcc/riscv-nuclei-elf/10.2.0/../../../../riscv-nuclei-elf/lib/rv64imac/lp64/libc_nano.a
LOAD /opt/toolchain/riscv-gcc/bin/../lib/gcc/riscv-nuclei-elf/10.2.0/../../../../riscv-nuclei-elf/lib/rv64imac/lp64/libnosys.a
END GROUP
                0x0000000000000800                PROVIDE (__STACK_SIZE = 0x800)
                0x0000000000000800                PROVIDE (__HEAP_SIZE = 0x800)
                0x0000000000000001                PROVIDE (__SMP_CPU_CNT = 0x1)
                0x0000000000000800                __TOT_STACK_SIZE = (__STACK_SIZE * __SMP_CPU_CNT)

.init           0x0000000061000000      0x3b8
 *(.vtable)
 .vtable        0x0000000061000000      0x228 build/packages/nuclei_sdk-latest/SoC/demosoc/Common/Source/GCC/startup_demosoc.o
                0x0000000061000000                vector_base
 *(.vtable_s)
 *(SORT_NONE(.init))
 *fill*         0x0000000061000228       0x18 
 .init          0x0000000061000240      0x176 build/packages/nuclei_sdk-latest/SoC/demosoc/Common/Source/GCC/startup_demosoc.o
                0x0000000061000240                _start
                0x0000000061000324                _start_premain
                0x0000000061000380                early_exc_entry
 .init          0x00000000610003b6        0x2 build/packages/nuclei_sdk-latest/SoC/demosoc/Common/Source/system_demosoc.o
                0x00000000610003b6                __sync_harts
                0x00000000610003b8                . = ALIGN (0x4)
 *fill*         0x00000000610003b8        0x0 

.text           0x00000000610003c0     0xb3de
 *(.text.unlikely .text.unlikely.*)
 *(.text.startup .text.startup.*)
 .text.startup.main
                0x00000000610003c0       0x10 build/applications/main.o
                0x00000000610003c0                main
 *(.text .text.*)
 .text.rt_hw_board_init
                0x00000000610003d0       0x38 build/board/board.o
                0x00000000610003d0                rt_hw_board_init
 .text.measure_cpu_freq
                0x0000000061000408       0x4e build/packages/nuclei_sdk-latest/SoC/demosoc/Common/Source/demosoc_common.o
                0x0000000061000408                measure_cpu_freq
 .text.get_cpu_freq
                0x0000000061000456       0x14 build/packages/nuclei_sdk-latest/SoC/demosoc/Common/Source/demosoc_common.o
                0x0000000061000456                get_cpu_freq
 .text.simulation_exit
                0x000000006100046a       0x3c build/packages/nuclei_sdk-latest/SoC/demosoc/Common/Source/demosoc_common.o
                0x000000006100046a                simulation_exit
 .text._close   0x00000000610004a6        0xe build/packages/nuclei_sdk-latest/SoC/demosoc/Common/Source/Stubs/newlib/close.o
                0x00000000610004a6                _close
 .text._read    0x00000000610004b4       0x4c build/packages/nuclei_sdk-latest/SoC/demosoc/Common/Source/Stubs/newlib/read.o
                0x00000000610004b4                _read
 .text._fstat   0x0000000061000500       0x1e build/packages/nuclei_sdk-latest/SoC/demosoc/Common/Source/Stubs/newlib/fstat.o
                0x0000000061000500                _fstat
 .text.gpio_iof_config
                0x000000006100051e       0x54 build/packages/nuclei_sdk-latest/SoC/demosoc/Common/Source/Drivers/demosoc_gpio.o
                0x000000006100051e                gpio_iof_config
 .text.SystemInit
                0x0000000061000572       0x12 build/packages/nuclei_sdk-latest/SoC/demosoc/Common/Source/system_demosoc.o
                0x0000000061000572                SystemInit
 .text.Exception_DumpFrame
                0x0000000061000584       0x8e build/packages/nuclei_sdk-latest/SoC/demosoc/Common/Source/system_demosoc.o
                0x0000000061000584                Exception_DumpFrame
 .text.system_default_exception_handler
                0x0000000061000612       0x64 build/packages/nuclei_sdk-latest/SoC/demosoc/Common/Source/system_demosoc.o
 .text.core_exception_handler
                0x0000000061000676       0x50 build/packages/nuclei_sdk-latest/SoC/demosoc/Common/Source/system_demosoc.o
                0x0000000061000676                core_exception_handler
 .text._premain_init
                0x00000000610006c6      0x112 build/packages/nuclei_sdk-latest/SoC/demosoc/Common/Source/system_demosoc.o
                0x00000000610006c6                _premain_init
 .text._postmain_fini
                0x00000000610007d8        0x2 build/packages/nuclei_sdk-latest/SoC/demosoc/Common/Source/system_demosoc.o
                0x00000000610007d8                _postmain_fini
 .text._init    0x00000000610007da        0x2 build/packages/nuclei_sdk-latest/SoC/demosoc/Common/Source/system_demosoc.o
                0x00000000610007da                _init
 .text._fini    0x00000000610007dc        0x2 build/packages/nuclei_sdk-latest/SoC/demosoc/Common/Source/system_demosoc.o
                0x00000000610007dc                _fini
 .text._isatty  0x00000000610007de        0x4 build/packages/nuclei_sdk-latest/SoC/demosoc/Common/Source/Stubs/newlib/isatty.o
                0x00000000610007de                _isatty
 .text._lseek   0x00000000610007e2        0x4 build/packages/nuclei_sdk-latest/SoC/demosoc/Common/Source/Stubs/newlib/lseek.o
                0x00000000610007e2                _lseek
 .text.uart_init
                0x00000000610007e6       0x30 build/packages/nuclei_sdk-latest/SoC/demosoc/Common/Source/Drivers/demosoc_uart.o
                0x00000000610007e6                uart_init
 .text.uart_config_stopbit
                0x0000000061000816       0x24 build/packages/nuclei_sdk-latest/SoC/demosoc/Common/Source/Drivers/demosoc_uart.o
                0x0000000061000816                uart_config_stopbit
 .text.uart_write
                0x000000006100083a       0x16 build/packages/nuclei_sdk-latest/SoC/demosoc/Common/Source/Drivers/demosoc_uart.o
                0x000000006100083a                uart_write
 .text.uart_read
                0x0000000061000850       0x18 build/packages/nuclei_sdk-latest/SoC/demosoc/Common/Source/Drivers/demosoc_uart.o
                0x0000000061000850                uart_read
 .text.uart_enable_rxint
                0x0000000061000868       0x16 build/packages/nuclei_sdk-latest/SoC/demosoc/Common/Source/Drivers/demosoc_uart.o
                0x0000000061000868                uart_enable_rxint
 .text.uart_disable_rxint
                0x000000006100087e       0x14 build/packages/nuclei_sdk-latest/SoC/demosoc/Common/Source/Drivers/demosoc_uart.o
                0x000000006100087e                uart_disable_rxint
 .text._sbrk    0x0000000061000892       0x2c build/packages/nuclei_sdk-latest/SoC/demosoc/Common/Source/Stubs/newlib/sbrk.o
                0x0000000061000892                _sbrk
 .text._write   0x00000000610008be       0x6a build/packages/nuclei_sdk-latest/SoC/demosoc/Common/Source/Stubs/newlib/write.o
                0x00000000610008be                _write
 .text.board_serial_init
                0x0000000061000928       0x42 build/applications/main.o
                0x0000000061000928                board_serial_init
 .text.rt_tick_get
                0x000000006100096a        0xa build/kernel/src/clock.o
                0x000000006100096a                rt_tick_get
 .text.rt_tick_increase
                0x0000000061000974       0x6c build/kernel/src/clock.o
                0x0000000061000974                rt_tick_increase
 .text.rt_tick_from_millisecond
                0x00000000610009e0       0x2c build/kernel/src/clock.o
                0x00000000610009e0                rt_tick_from_millisecond
 .text.rt_device_register
                0x0000000061000a0c       0x48 build/kernel/src/device.o
                0x0000000061000a0c                rt_device_register
 .text.rt_device_find
                0x0000000061000a54        0x6 build/kernel/src/device.o
                0x0000000061000a54                rt_device_find
 .text.rt_device_open
                0x0000000061000a5a       0xf8 build/kernel/src/device.o
                0x0000000061000a5a                rt_device_open
 .text.rt_device_close
                0x0000000061000b52       0x7e build/kernel/src/device.o
                0x0000000061000b52                rt_device_close
 .text.rt_device_read
                0x0000000061000bd0       0x98 build/kernel/src/device.o
                0x0000000061000bd0                rt_device_read
 .text.rt_device_write
                0x0000000061000c68       0x98 build/kernel/src/device.o
                0x0000000061000c68                rt_device_write
 .text.rt_device_control
                0x0000000061000d00       0x6c build/kernel/src/device.o
                0x0000000061000d00                rt_device_control
 .text.rt_device_set_rx_indicate
                0x0000000061000d6c       0x52 build/kernel/src/device.o
                0x0000000061000d6c                rt_device_set_rx_indicate
 .text.rt_interrupt_enter
                0x0000000061000dbe       0x36 build/kernel/src/irq.o
                0x0000000061000dbe                rt_interrupt_enter
 .text.rt_interrupt_leave
                0x0000000061000df4       0x36 build/kernel/src/irq.o
                0x0000000061000df4                rt_interrupt_leave
 .text.rt_interrupt_get_nest
                0x0000000061000e2a       0x20 build/kernel/src/irq.o
                0x0000000061000e2a                rt_interrupt_get_nest
 .text.print_number
                0x0000000061000e4a      0x214 build/kernel/src/kservice.o
 .text.rt_strerror
                0x000000006100105e       0x24 build/kernel/src/kservice.o
                0x000000006100105e                rt_strerror
 .text.rt_set_errno
                0x0000000061001082       0x2e build/kernel/src/kservice.o
                0x0000000061001082                rt_set_errno
 .text._rt_errno
                0x00000000610010b0       0x28 build/kernel/src/kservice.o
                0x00000000610010b0                _rt_errno
 .text.rt_memset
                0x00000000610010d8       0x90 build/kernel/src/kservice.o
                0x00000000610010d8                rt_memset
 .text.rt_memcpy
                0x0000000061001168       0xb4 build/kernel/src/kservice.o
                0x0000000061001168                rt_memcpy
 .text.rt_memmove
                0x000000006100121c       0x40 build/kernel/src/kservice.o
                0x000000006100121c                rt_memmove
 .text.rt_strncpy
                0x000000006100125c       0x38 build/kernel/src/kservice.o
                0x000000006100125c                rt_strncpy
 .text.rt_strncmp
                0x0000000061001294       0x30 build/kernel/src/kservice.o
                0x0000000061001294                rt_strncmp
 .text.rt_strcmp
                0x00000000610012c4       0x1e build/kernel/src/kservice.o
                0x00000000610012c4                rt_strcmp
 .text.rt_strlen
                0x00000000610012e2       0x1a build/kernel/src/kservice.o
                0x00000000610012e2                rt_strlen
 .text.rt_vsnprintf
                0x00000000610012fc      0x474 build/kernel/src/kservice.o
                0x00000000610012fc                rt_vsnprintf
 .text.rt_snprintf
                0x0000000061001770       0x20 build/kernel/src/kservice.o
                0x0000000061001770                rt_snprintf
 .text.rt_sprintf
                0x0000000061001790       0x26 build/kernel/src/kservice.o
                0x0000000061001790                rt_sprintf
 .text.rt_console_get_device
                0x00000000610017b6        0xa build/kernel/src/kservice.o
                0x00000000610017b6                rt_console_get_device
 .text.rt_console_set_device
                0x00000000610017c0       0x48 build/kernel/src/kservice.o
                0x00000000610017c0                rt_console_set_device
 .text.rt_hw_console_output
                0x0000000061001808        0x2 build/kernel/src/kservice.o
                0x0000000061001808                rt_hw_console_output
 .text.rt_kprintf
                0x000000006100180a       0x7a build/kernel/src/kservice.o
                0x000000006100180a                rt_kprintf
 .text.rt_show_version
                0x0000000061001884       0x4c build/kernel/src/kservice.o
                0x0000000061001884                rt_show_version
 .text.rt_system_heap_init
                0x00000000610018d0       0xa0 build/kernel/src/kservice.o
                0x00000000610018d0                rt_system_heap_init
 .text.rt_malloc
                0x0000000061001970       0xc0 build/kernel/src/kservice.o
                0x0000000061001970                rt_malloc
 .text.rt_strdup
                0x0000000061001a30       0x46 build/kernel/src/kservice.o
                0x0000000061001a30                rt_strdup
 .text.rt_realloc
                0x0000000061001a76       0xb2 build/kernel/src/kservice.o
                0x0000000061001a76                rt_realloc
 .text.rt_calloc
                0x0000000061001b28       0x2a build/kernel/src/kservice.o
                0x0000000061001b28                rt_calloc
 .text.rt_free  0x0000000061001b52       0xae build/kernel/src/kservice.o
                0x0000000061001b52                rt_free
 .text.rt_memory_info
                0x0000000061001c00       0xca build/kernel/src/kservice.o
                0x0000000061001c00                rt_memory_info
 .text.__rt_ffs
                0x0000000061001cca       0x6a build/kernel/src/kservice.o
                0x0000000061001cca                __rt_ffs
 .text.rt_assert_handler
                0x0000000061001d34       0x3c build/kernel/src/kservice.o
                0x0000000061001d34                rt_assert_handler
 .text._thread_timeout
                0x0000000061001d70       0x94 build/kernel/src/thread.o
 .text._thread_exit
                0x0000000061001e04       0x42 build/kernel/src/thread.o
 .text._thread_init.constprop.0
                0x0000000061001e46       0xd4 build/kernel/src/thread.o
 .text.rt_thread_init
                0x0000000061001f1a       0x82 build/kernel/src/thread.o
                0x0000000061001f1a                rt_thread_init
 .text.rt_thread_self
                0x0000000061001f9c        0xa build/kernel/src/thread.o
                0x0000000061001f9c                rt_thread_self
 .text.rt_thread_detach
                0x0000000061001fa6       0xa2 build/kernel/src/thread.o
                0x0000000061001fa6                rt_thread_detach
 .text.rt_thread_create
                0x0000000061002048       0x62 build/kernel/src/thread.o
                0x0000000061002048                rt_thread_create
 .text.rt_thread_delete
                0x00000000610020aa       0xa2 build/kernel/src/thread.o
                0x00000000610020aa                rt_thread_delete
 .text.rt_thread_suspend
                0x000000006100214c       0xc6 build/kernel/src/thread.o
                0x000000006100214c                rt_thread_suspend
 .text.rt_thread_sleep
                0x0000000061002212       0x94 build/kernel/src/thread.o
                0x0000000061002212                rt_thread_sleep
 .text.rt_thread_delay
                0x00000000610022a6        0x2 build/kernel/src/thread.o
                0x00000000610022a6                rt_thread_delay
 .text.rt_thread_mdelay
                0x00000000610022a8       0x10 build/kernel/src/thread.o
                0x00000000610022a8                rt_thread_mdelay
 .text.rt_thread_resume
                0x00000000610022b8       0x98 build/kernel/src/thread.o
                0x00000000610022b8                rt_thread_resume
 .text.rt_thread_startup
                0x0000000061002350       0x8e build/kernel/src/thread.o
                0x0000000061002350                rt_thread_startup
 .text.rt_thread_control
                0x00000000610023de       0xec build/kernel/src/thread.o
                0x00000000610023de                rt_thread_control
 .text.rt_timer_init
                0x00000000610024ca       0xac build/kernel/src/timer.o
                0x00000000610024ca                rt_timer_init
 .text.rt_timer_detach
                0x0000000061002576       0x90 build/kernel/src/timer.o
                0x0000000061002576                rt_timer_detach
 .text.rt_timer_start
                0x0000000061002606      0x140 build/kernel/src/timer.o
                0x0000000061002606                rt_timer_start
 .text.rt_timer_stop
                0x0000000061002746       0x86 build/kernel/src/timer.o
                0x0000000061002746                rt_timer_stop
 .text.rt_timer_control
                0x00000000610027cc       0xe8 build/kernel/src/timer.o
                0x00000000610027cc                rt_timer_control
 .text.rt_timer_check
                0x00000000610028b4      0x116 build/kernel/src/timer.o
                0x00000000610028b4                rt_timer_check
 .text.rt_soft_timer_check
                0x00000000610029ca      0x118 build/kernel/src/timer.o
                0x00000000610029ca                rt_soft_timer_check
 .text._timer_thread_entry
                0x0000000061002ae2       0x54 build/kernel/src/timer.o
 .text.rt_system_timer_init
                0x0000000061002b36        0xe build/kernel/src/timer.o
                0x0000000061002b36                rt_system_timer_init
 .text.rt_system_timer_thread_init
                0x0000000061002b44       0x52 build/kernel/src/timer.o
                0x0000000061002b44                rt_system_timer_thread_init
 .text.plug_holes
                0x0000000061002b96       0xa8 build/kernel/src/mem.o
 .text.rt_smem_init
                0x0000000061002c3e       0xc0 build/kernel/src/mem.o
                0x0000000061002c3e                rt_smem_init
 .text.rt_smem_alloc
                0x0000000061002cfe      0x196 build/kernel/src/mem.o
                0x0000000061002cfe                rt_smem_alloc
 .text.rt_smem_free
                0x0000000061002e94      0x13c build/kernel/src/mem.o
                0x0000000061002e94                rt_smem_free
 .text.rt_smem_realloc
                0x0000000061002fd0      0x1aa build/kernel/src/mem.o
                0x0000000061002fd0                rt_smem_realloc
 .text.rt_system_scheduler_init
                0x000000006100317a       0x2c build/kernel/src/scheduler.o
                0x000000006100317a                rt_system_scheduler_init
 .text.rt_schedule_insert_thread
                0x00000000610031a6       0xa8 build/kernel/src/scheduler.o
                0x00000000610031a6                rt_schedule_insert_thread
 .text.rt_schedule_remove_thread
                0x000000006100324e       0x78 build/kernel/src/scheduler.o
                0x000000006100324e                rt_schedule_remove_thread
 .text.rt_system_scheduler_start
                0x00000000610032c6       0x46 build/kernel/src/scheduler.o
                0x00000000610032c6                rt_system_scheduler_start
 .text.rt_schedule
                0x000000006100330c      0x174 build/kernel/src/scheduler.o
                0x000000006100330c                rt_schedule
 .text.rt_enter_critical
                0x0000000061003480       0x22 build/kernel/src/scheduler.o
                0x0000000061003480                rt_enter_critical
 .text.rt_exit_critical
                0x00000000610034a2       0x50 build/kernel/src/scheduler.o
                0x00000000610034a2                rt_exit_critical
 .text.rt_critical_level
                0x00000000610034f2        0xa build/kernel/src/scheduler.o
                0x00000000610034f2                rt_critical_level
 .text.rt_thread_idle_entry
                0x00000000610034fc       0x8c build/kernel/src/idle.o
 .text.rt_thread_defunct_enqueue
                0x0000000061003588       0x18 build/kernel/src/idle.o
                0x0000000061003588                rt_thread_defunct_enqueue
 .text.rt_thread_idle_init
                0x00000000610035a0       0x50 build/kernel/src/idle.o
                0x00000000610035a0                rt_thread_idle_init
 .text.rt_sem_init
                0x00000000610035f0       0x98 build/kernel/src/ipc.o
                0x00000000610035f0                rt_sem_init
 .text.rt_sem_take
                0x0000000061003688      0x218 build/kernel/src/ipc.o
                0x0000000061003688                rt_sem_take
 .text.rt_sem_release
                0x00000000610038a0       0xb0 build/kernel/src/ipc.o
                0x00000000610038a0                rt_sem_release
 .text.rt_mutex_init
                0x0000000061003950       0x58 build/kernel/src/ipc.o
                0x0000000061003950                rt_mutex_init
 .text.rt_mutex_take
                0x00000000610039a8      0x278 build/kernel/src/ipc.o
                0x00000000610039a8                rt_mutex_take
 .text.rt_mutex_release
                0x0000000061003c20      0x1c6 build/kernel/src/ipc.o
                0x0000000061003c20                rt_mutex_release
 .text.rt_object_get_information
                0x0000000061003de6       0x2a build/kernel/src/object.o
                0x0000000061003de6                rt_object_get_information
 .text.rt_object_init
                0x0000000061003e10      0x100 build/kernel/src/object.o
                0x0000000061003e10                rt_object_init
 .text.rt_object_detach
                0x0000000061003f10       0x54 build/kernel/src/object.o
                0x0000000061003f10                rt_object_detach
 .text.rt_object_allocate
                0x0000000061003f64      0x108 build/kernel/src/object.o
                0x0000000061003f64                rt_object_allocate
 .text.rt_object_delete
                0x000000006100406c       0x7c build/kernel/src/object.o
                0x000000006100406c                rt_object_delete
 .text.rt_object_is_systemobject
                0x00000000610040e8       0x42 build/kernel/src/object.o
                0x00000000610040e8                rt_object_is_systemobject
 .text.rt_object_get_type
                0x000000006100412a       0x42 build/kernel/src/object.o
                0x000000006100412a                rt_object_get_type
 .text.rt_object_find
                0x000000006100416c       0xda build/kernel/src/object.o
                0x000000006100416c                rt_object_find
 .text.rti_start
                0x0000000061004246        0x4 build/kernel/src/components.o
 .text.rti_end  0x000000006100424a        0x4 build/kernel/src/components.o
 .text.rti_board_start
                0x000000006100424e        0x4 build/kernel/src/components.o
 .text.rti_board_end
                0x0000000061004252        0x4 build/kernel/src/components.o
 .text.rt_components_board_init
                0x0000000061004256       0x7c build/kernel/src/components.o
                0x0000000061004256                rt_components_board_init
 .text.rt_components_init
                0x00000000610042d2       0x86 build/kernel/src/components.o
                0x00000000610042d2                rt_components_init
 .text.main_thread_entry
                0x0000000061004358       0x10 build/kernel/src/components.o
                0x0000000061004358                main_thread_entry
 .text.rt_application_init
                0x0000000061004368       0x5a build/kernel/src/components.o
                0x0000000061004368                rt_application_init
 .text.entry    0x00000000610043c2       0x30 build/kernel/src/components.o
                0x00000000610043c2                entry
 *fill*         0x00000000610043f2        0x6 
 .text          0x00000000610043f8      0x10a build/kernel/libcpu/risc-v/nuclei/context_gcc.o
                0x00000000610043f8                rt_hw_context_switch_to
                0x0000000061004454                eclic_msip_handler
 .text.rt_hw_stack_init
                0x0000000061004502       0x38 build/kernel/libcpu/risc-v/nuclei/cpuport.o
                0x0000000061004502                rt_hw_stack_init
 .text.rt_hw_context_switch_interrupt
                0x000000006100453a       0x60 build/kernel/libcpu/risc-v/nuclei/cpuport.o
                0x000000006100453a                rt_hw_context_switch_interrupt
 .text.rt_hw_context_switch
                0x000000006100459a       0x60 build/kernel/libcpu/risc-v/nuclei/cpuport.o
                0x000000006100459a                rt_hw_context_switch
 .text.rt_hw_taskswitch
                0x00000000610045fa       0x3e build/kernel/libcpu/risc-v/nuclei/cpuport.o
                0x00000000610045fa                rt_hw_taskswitch
 .text.rt_hw_ticksetup
                0x0000000061004638      0x1ce build/kernel/libcpu/risc-v/nuclei/cpuport.o
                0x0000000061004638                rt_hw_ticksetup
 .text.eclic_mtip_handler
                0x0000000061004806       0x76 build/kernel/libcpu/risc-v/nuclei/cpuport.o
                0x0000000061004806                eclic_mtip_handler
 .text.rt_hw_interrupt_disable
                0x000000006100487c        0x6 build/kernel/libcpu/risc-v/nuclei/cpuport.o
                0x000000006100487c                rt_hw_interrupt_disable
 .text.rt_hw_interrupt_enable
                0x0000000061004882        0x6 build/kernel/libcpu/risc-v/nuclei/cpuport.o
                0x0000000061004882                rt_hw_interrupt_enable
 *fill*         0x0000000061004888       0x38 
 .text.trap     0x00000000610048c0       0x7e build/kernel/libcpu/risc-v/nuclei/interrupt_gcc.o
                0x00000000610048c0                exc_entry
 *fill*         0x000000006100493e        0x2 
 .text.irq      0x0000000061004940       0x7e build/kernel/libcpu/risc-v/nuclei/interrupt_gcc.o
                0x0000000061004940                irq_entry
                0x00000000610049ba                default_intexc_handler
 .text._malloc_r
                0x00000000610049be       0x24 build/kernel/components/libc/compilers/newlib/syscalls.o
                0x00000000610049be                _malloc_r
 .text._free_r  0x00000000610049e2        0x6 build/kernel/components/libc/compilers/newlib/syscalls.o
                0x00000000610049e2                _free_r
 .text.__libc_init_array
                0x00000000610049e8        0x2 build/kernel/components/libc/compilers/newlib/syscalls.o
                0x00000000610049e8                __libc_init_array
 .text.__errno  0x00000000610049ea        0x4 build/kernel/components/libc/compilers/newlib/syscalls.o
                0x00000000610049ea                __errno
 .text._close_r
                0x00000000610049ee        0x6 build/kernel/components/libc/compilers/newlib/syscalls.o
                0x00000000610049ee                _close_r
 .text._fstat_r
                0x00000000610049f4        0xa build/kernel/components/libc/compilers/newlib/syscalls.o
                0x00000000610049f4                _fstat_r
 .text._isatty_r
                0x00000000610049fe        0x6 build/kernel/components/libc/compilers/newlib/syscalls.o
                0x00000000610049fe                _isatty_r
 .text._lseek_r
                0x0000000061004a04        0xa build/kernel/components/libc/compilers/newlib/syscalls.o
                0x0000000061004a04                _lseek_r
 .text._read_r  0x0000000061004a0e       0x6e build/kernel/components/libc/compilers/newlib/syscalls.o
                0x0000000061004a0e                _read_r
 .text._write_r
                0x0000000061004a7c       0x52 build/kernel/components/libc/compilers/newlib/syscalls.o
                0x0000000061004a7c                _write_r
 .text.cmd_ls   0x0000000061004ace       0x2c build/kernel/components/finsh/msh_file.o
 .text.cmd_pwd  0x0000000061004afa       0x20 build/kernel/components/finsh/msh_file.o
 .text.directory_delete_for_msh
                0x0000000061004b1a      0x176 build/kernel/components/finsh/msh_file.o
 .text.cmd_rm   0x0000000061004c90      0x176 build/kernel/components/finsh/msh_file.o
 .text.cmd_mkfs
                0x0000000061004e06       0x7c build/kernel/components/finsh/msh_file.o
 .text.cmd_mount
                0x0000000061004e82       0xd4 build/kernel/components/finsh/msh_file.o
 .text.cmd_umount
                0x0000000061004f56       0x5c build/kernel/components/finsh/msh_file.o
 .text.cmd_tail
                0x0000000061004fb2      0x18a build/kernel/components/finsh/msh_file.o
 .text.cmd_cp   0x000000006100513c       0x3c build/kernel/components/finsh/msh_file.o
 .text.cmd_mv   0x0000000061005178      0x102 build/kernel/components/finsh/msh_file.o
 .text.cmd_cat  0x000000006100527a       0x64 build/kernel/components/finsh/msh_file.o
 .text.cmd_cd   0x00000000610052de       0x50 build/kernel/components/finsh/msh_file.o
 .text.cmd_mkdir
                0x000000006100532e       0x3a build/kernel/components/finsh/msh_file.o
 .text.cmd_df   0x0000000061005368       0x74 build/kernel/components/finsh/msh_file.o
 .text.cmd_echo
                0x00000000610053dc       0x98 build/kernel/components/finsh/msh_file.o
 .text.msh_exec_script
                0x0000000061005474      0x1d2 build/kernel/components/finsh/msh_file.o
                0x0000000061005474                msh_exec_script
 .text.msh_help
                0x0000000061005646       0x60 build/kernel/components/finsh/msh.o
                0x0000000061005646                msh_help
 .text.cmd_ps   0x00000000610056a6       0x10 build/kernel/components/finsh/msh.o
                0x00000000610056a6                cmd_ps
 .text.cmd_free
                0x00000000610056b6       0x58 build/kernel/components/finsh/msh.o
                0x00000000610056b6                cmd_free
 .text.msh_auto_complete_path.part.0
                0x000000006100570e      0x1e6 build/kernel/components/finsh/msh.o
 .text.msh_exec
                0x00000000610058f4      0x216 build/kernel/components/finsh/msh.o
                0x00000000610058f4                msh_exec
 .text.msh_auto_complete
                0x0000000061005b0a      0x168 build/kernel/components/finsh/msh.o
                0x0000000061005b0a                msh_auto_complete
 .text.finsh_rx_ind
                0x0000000061005c72       0x48 build/kernel/components/finsh/shell.o
 .text.finsh_get_prompt.part.0
                0x0000000061005cba       0x92 build/kernel/components/finsh/shell.o
 .text.finsh_system_init
                0x0000000061005d4c       0xc0 build/kernel/components/finsh/shell.o
                0x0000000061005d4c                finsh_system_init
 .text.finsh_get_prompt
                0x0000000061005e0c       0x38 build/kernel/components/finsh/shell.o
                0x0000000061005e0c                finsh_get_prompt
 .text.finsh_getchar
                0x0000000061005e44       0x80 build/kernel/components/finsh/shell.o
                0x0000000061005e44                finsh_getchar
 .text.finsh_set_device
                0x0000000061005ec4       0xca build/kernel/components/finsh/shell.o
                0x0000000061005ec4                finsh_set_device
 .text.finsh_thread_entry
                0x0000000061005f8e      0x51a build/kernel/components/finsh/shell.o
                0x0000000061005f8e                finsh_thread_entry
 .text.clear    0x00000000610064a8       0x18 build/kernel/components/finsh/cmd.o
 .text.version  0x00000000610064c0       0x10 build/kernel/components/finsh/cmd.o
                0x00000000610064c0                version
 .text.list_get_next.part.0
                0x00000000610064d0       0x78 build/kernel/components/finsh/cmd.o
 .text.list_thread
                0x0000000061006548      0x1f6 build/kernel/components/finsh/cmd.o
                0x0000000061006548                list_thread
 .text.list_mutex
                0x000000006100673e      0x106 build/kernel/components/finsh/cmd.o
                0x000000006100673e                list_mutex
 .text.list_device
                0x0000000061006844      0x128 build/kernel/components/finsh/cmd.o
                0x0000000061006844                list_device
 .text.list_timer
                0x000000006100696c      0x152 build/kernel/components/finsh/cmd.o
                0x000000006100696c                list_timer
 .text.list_mempool
                0x0000000061006abe      0x17a build/kernel/components/finsh/cmd.o
                0x0000000061006abe                list_mempool
 .text.list_event
                0x0000000061006c38      0x16c build/kernel/components/finsh/cmd.o
                0x0000000061006c38                list_event
 .text.list_sem
                0x0000000061006da4      0x16e build/kernel/components/finsh/cmd.o
                0x0000000061006da4                list_sem
 .text.list_msgqueue
                0x0000000061006f12      0x16e build/kernel/components/finsh/cmd.o
                0x0000000061006f12                list_msgqueue
 .text.list_mailbox
                0x0000000061007080      0x17c build/kernel/components/finsh/cmd.o
                0x0000000061007080                list_mailbox
 .text.cmd_list
                0x00000000610071fc      0x1a8 build/kernel/components/finsh/cmd.o
                0x00000000610071fc                cmd_list
 .text.dfs_file_open
                0x00000000610073a4       0xf8 build/kernel/components/dfs/src/dfs_file.o
                0x00000000610073a4                dfs_file_open
 .text.copyfile
                0x000000006100749c      0x150 build/kernel/components/dfs/src/dfs_file.o
 .text.dfs_file_close
                0x00000000610075ec       0x38 build/kernel/components/dfs/src/dfs_file.o
                0x00000000610075ec                dfs_file_close
 .text.dfs_file_read
                0x0000000061007624       0x32 build/kernel/components/dfs/src/dfs_file.o
                0x0000000061007624                dfs_file_read
 .text.dfs_file_getdents
                0x0000000061007656       0x20 build/kernel/components/dfs/src/dfs_file.o
                0x0000000061007656                dfs_file_getdents
 .text.dfs_file_unlink
                0x0000000061007676       0x8e build/kernel/components/dfs/src/dfs_file.o
                0x0000000061007676                dfs_file_unlink
 .text.dfs_file_write
                0x0000000061007704       0x14 build/kernel/components/dfs/src/dfs_file.o
                0x0000000061007704                dfs_file_write
 .text.dfs_file_lseek
                0x0000000061007718       0x2a build/kernel/components/dfs/src/dfs_file.o
                0x0000000061007718                dfs_file_lseek
 .text.dfs_file_stat
                0x0000000061007742      0x116 build/kernel/components/dfs/src/dfs_file.o
                0x0000000061007742                dfs_file_stat
 .text.copydir  0x0000000061007858      0x16e build/kernel/components/dfs/src/dfs_file.o
 .text.dfs_file_rename
                0x00000000610079c6       0xa6 build/kernel/components/dfs/src/dfs_file.o
                0x00000000610079c6                dfs_file_rename
 .text.ls       0x0000000061007a6c      0x170 build/kernel/components/dfs/src/dfs_file.o
                0x0000000061007a6c                ls
 .text.cat      0x0000000061007bdc       0xbe build/kernel/components/dfs/src/dfs_file.o
                0x0000000061007bdc                cat
 .text.copy     0x0000000061007c9a      0x17c build/kernel/components/dfs/src/dfs_file.o
                0x0000000061007c9a                copy
 .text.dfs_register
                0x0000000061007e16       0x9a build/kernel/components/dfs/src/dfs_fs.o
                0x0000000061007e16                dfs_register
 .text.dfs_filesystem_lookup
                0x0000000061007eb0       0xce build/kernel/components/dfs/src/dfs_fs.o
                0x0000000061007eb0                dfs_filesystem_lookup
 .text.dfs_mount
                0x0000000061007f7e      0x1f2 build/kernel/components/dfs/src/dfs_fs.o
                0x0000000061007f7e                dfs_mount
 .text.dfs_unmount
                0x0000000061008170       0xa0 build/kernel/components/dfs/src/dfs_fs.o
                0x0000000061008170                dfs_unmount
 .text.dfs_mkfs
                0x0000000061008210      0x108 build/kernel/components/dfs/src/dfs_fs.o
                0x0000000061008210                dfs_mkfs
 .text.df       0x0000000061008318       0xa8 build/kernel/components/dfs/src/dfs_fs.o
                0x0000000061008318                df
 .text.list_fd  0x00000000610083c0      0x1b4 build/kernel/components/dfs/src/dfs.o
                0x00000000610083c0                list_fd
 .text.dfs_init
                0x0000000061008574       0xbe build/kernel/components/dfs/src/dfs.o
                0x0000000061008574                dfs_init
 .text.dfs_lock
                0x0000000061008632       0x4a build/kernel/components/dfs/src/dfs.o
                0x0000000061008632                dfs_lock
 .text.dfs_unlock
                0x000000006100867c        0xc build/kernel/components/dfs/src/dfs.o
                0x000000006100867c                dfs_unlock
 .text.fd_new   0x0000000061008688      0x17e build/kernel/components/dfs/src/dfs.o
                0x0000000061008688                fd_new
 .text.fd_get   0x0000000061008806       0xc4 build/kernel/components/dfs/src/dfs.o
                0x0000000061008806                fd_get
 .text.fd_put   0x00000000610088ca       0xb6 build/kernel/components/dfs/src/dfs.o
                0x00000000610088ca                fd_put
 .text.dfs_subdir
                0x0000000061008980       0x40 build/kernel/components/dfs/src/dfs.o
                0x0000000061008980                dfs_subdir
 .text.dfs_normalize_path
                0x00000000610089c0      0x1bc build/kernel/components/dfs/src/dfs.o
                0x00000000610089c0                dfs_normalize_path
 .text.fd_is_open
                0x0000000061008b7c       0xfa build/kernel/components/dfs/src/dfs.o
                0x0000000061008b7c                fd_is_open
 .text.open     0x0000000061008c76       0x6a build/kernel/components/dfs/src/dfs_posix.o
                0x0000000061008c76                open
 .text.close    0x0000000061008ce0       0x46 build/kernel/components/dfs/src/dfs_posix.o
                0x0000000061008ce0                close
 .text.read     0x0000000061008d26       0x50 build/kernel/components/dfs/src/dfs_posix.o
                0x0000000061008d26                read
 .text.write    0x0000000061008d76       0x50 build/kernel/components/dfs/src/dfs_posix.o
                0x0000000061008d76                write
 .text.lseek    0x0000000061008dc6       0x8a build/kernel/components/dfs/src/dfs_posix.o
                0x0000000061008dc6                lseek
 .text.rename   0x0000000061008e50       0x1c build/kernel/components/dfs/src/dfs_posix.o
                0x0000000061008e50                rename
 .text.unlink   0x0000000061008e6c       0x1c build/kernel/components/dfs/src/dfs_posix.o
                0x0000000061008e6c                unlink
 .text.stat     0x0000000061008e88       0x1e build/kernel/components/dfs/src/dfs_posix.o
                0x0000000061008e88                stat
 .text.mkdir    0x0000000061008ea6       0x6c build/kernel/components/dfs/src/dfs_posix.o
                0x0000000061008ea6                mkdir
 .text.opendir  0x0000000061008f12       0x96 build/kernel/components/dfs/src/dfs_posix.o
                0x0000000061008f12                opendir
 .text.readdir  0x0000000061008fa8       0x88 build/kernel/components/dfs/src/dfs_posix.o
                0x0000000061008fa8                readdir
 .text.rewinddir
                0x0000000061009030       0x42 build/kernel/components/dfs/src/dfs_posix.o
                0x0000000061009030                rewinddir
 .text.closedir
                0x0000000061009072       0x54 build/kernel/components/dfs/src/dfs_posix.o
                0x0000000061009072                closedir
 .text.chdir    0x00000000610090c6       0x90 build/kernel/components/dfs/src/dfs_posix.o
                0x00000000610090c6                chdir
 .text.getcwd   0x0000000061009156       0x30 build/kernel/components/dfs/src/dfs_posix.o
                0x0000000061009156                getcwd
 .text.dfs_device_fs_mount
                0x0000000061009186        0x4 build/kernel/components/dfs/filesystems/devfs/devfs.o
                0x0000000061009186                dfs_device_fs_mount
 .text.dfs_device_fs_poll
                0x000000006100918a        0x4 build/kernel/components/dfs/filesystems/devfs/devfs.o
 .text.dfs_device_fs_ioctl
                0x000000006100918e       0x64 build/kernel/components/dfs/filesystems/devfs/devfs.o
                0x000000006100918e                dfs_device_fs_ioctl
 .text.dfs_device_fs_read
                0x00000000610091f2       0x7a build/kernel/components/dfs/filesystems/devfs/devfs.o
                0x00000000610091f2                dfs_device_fs_read
 .text.dfs_device_fs_write
                0x000000006100926c       0x7a build/kernel/components/dfs/filesystems/devfs/devfs.o
                0x000000006100926c                dfs_device_fs_write
 .text.dfs_device_fs_close
                0x00000000610092e6       0x96 build/kernel/components/dfs/filesystems/devfs/devfs.o
                0x00000000610092e6                dfs_device_fs_close
 .text.dfs_device_fs_stat
                0x000000006100937c       0x92 build/kernel/components/dfs/filesystems/devfs/devfs.o
                0x000000006100937c                dfs_device_fs_stat
 .text.dfs_device_fs_open
                0x000000006100940e      0x12a build/kernel/components/dfs/filesystems/devfs/devfs.o
                0x000000006100940e                dfs_device_fs_open
 .text.dfs_device_fs_getdents
                0x0000000061009538       0xd6 build/kernel/components/dfs/filesystems/devfs/devfs.o
                0x0000000061009538                dfs_device_fs_getdents
 .text.devfs_init
                0x000000006100960e       0x18 build/kernel/components/dfs/filesystems/devfs/devfs.o
                0x000000006100960e                devfs_init
 .text.rt_serial_control
                0x0000000061009626       0xea build/kernel/components/drivers/serial/serial.o
 .text.rt_serial_init
                0x0000000061009710       0x4a build/kernel/components/drivers/serial/serial.o
 .text.rt_serial_open
                0x000000006100975a      0x1a4 build/kernel/components/drivers/serial/serial.o
 .text.rt_serial_write
                0x00000000610098fe      0x120 build/kernel/components/drivers/serial/serial.o
 .text.rt_serial_read
                0x0000000061009a1e      0x128 build/kernel/components/drivers/serial/serial.o
 .text.rt_serial_close
                0x0000000061009b46       0xea build/kernel/components/drivers/serial/serial.o
 .text.rt_hw_serial_register
                0x0000000061009c30       0x92 build/kernel/components/drivers/serial/serial.o
                0x0000000061009c30                rt_hw_serial_register
 .text.rt_hw_serial_isr
                0x0000000061009cc2      0x188 build/kernel/components/drivers/serial/serial.o
                0x0000000061009cc2                rt_hw_serial_isr
 .text.rt_completion_init
                0x0000000061009e4a       0x3c build/kernel/components/drivers/ipc/completion.o
                0x0000000061009e4a                rt_completion_init
 .text.rt_completion_wait
                0x0000000061009e86      0x19a build/kernel/components/drivers/ipc/completion.o
                0x0000000061009e86                rt_completion_wait
 .text.rt_completion_done
                0x000000006100a020       0x6e build/kernel/components/drivers/ipc/completion.o
                0x000000006100a020                rt_completion_done
 .text.hbird_getc
                0x000000006100a08e       0x64 libraries/demosoc/HAL_Drivers/drv_uart.o
 .text.hbird_putc
                0x000000006100a0f2       0x60 libraries/demosoc/HAL_Drivers/drv_uart.o
 .text.hbird_control
                0x000000006100a152      0x170 libraries/demosoc/HAL_Drivers/drv_uart.o
 .text.hbird_configure
                0x000000006100a2c2       0xa8 libraries/demosoc/HAL_Drivers/drv_uart.o
 .text.rt_hw_uart_init
                0x000000006100a36a       0x66 libraries/demosoc/HAL_Drivers/drv_uart.o
                0x000000006100a36a                rt_hw_uart_init
 .text.rt_hw_serial_rcvtsk
                0x000000006100a3d0       0x68 libraries/demosoc/HAL_Drivers/drv_uart.o
                0x000000006100a3d0                rt_hw_serial_rcvtsk
 .text.atexit   0x000000006100a438        0xa /opt/toolchain/riscv-gcc/bin/../lib/gcc/riscv-nuclei-elf/10.2.0/../../../../riscv-nuclei-elf/lib/rv64imac/lp64/libc_nano.a(lib_a-atexit.o)
                0x000000006100a438                atexit
 .text.atoi     0x000000006100a442       0x14 /opt/toolchain/riscv-gcc/bin/../lib/gcc/riscv-nuclei-elf/10.2.0/../../../../riscv-nuclei-elf/lib/rv64imac/lp64/libc_nano.a(lib_a-atoi.o)
                0x000000006100a442                atoi
 .text.__libc_fini_array
                0x000000006100a456       0x36 /opt/toolchain/riscv-gcc/bin/../lib/gcc/riscv-nuclei-elf/10.2.0/../../../../riscv-nuclei-elf/lib/rv64imac/lp64/libc_nano.a(lib_a-fini.o)
                0x000000006100a456                __libc_fini_array
 .text.memcmp   0x000000006100a48c       0x26 /opt/toolchain/riscv-gcc/bin/../lib/gcc/riscv-nuclei-elf/10.2.0/../../../../riscv-nuclei-elf/lib/rv64imac/lp64/libc_nano.a(lib_a-memcmp.o)
                0x000000006100a48c                memcmp
 .text          0x000000006100a4b2       0xaa /opt/toolchain/riscv-gcc/bin/../lib/gcc/riscv-nuclei-elf/10.2.0/../../../../riscv-nuclei-elf/lib/rv64imac/lp64/libc_nano.a(lib_a-memset.o)
                0x000000006100a4b2                memset
 .text.printf   0x000000006100a55c       0x3c /opt/toolchain/riscv-gcc/bin/../lib/gcc/riscv-nuclei-elf/10.2.0/../../../../riscv-nuclei-elf/lib/rv64imac/lp64/libc_nano.a(lib_a-printf.o)
                0x000000006100a55c                printf
                0x000000006100a55c                iprintf
 .text.strchr   0x000000006100a598       0x1a /opt/toolchain/riscv-gcc/bin/../lib/gcc/riscv-nuclei-elf/10.2.0/../../../../riscv-nuclei-elf/lib/rv64imac/lp64/libc_nano.a(lib_a-strchr.o)
                0x000000006100a598                strchr
 .text          0x000000006100a5b2       0xea /opt/toolchain/riscv-gcc/bin/../lib/gcc/riscv-nuclei-elf/10.2.0/../../../../riscv-nuclei-elf/lib/rv64imac/lp64/libc_nano.a(lib_a-strcmp.o)
                0x000000006100a5b2                strcmp
 .text.strcpy   0x000000006100a69c       0x12 /opt/toolchain/riscv-gcc/bin/../lib/gcc/riscv-nuclei-elf/10.2.0/../../../../riscv-nuclei-elf/lib/rv64imac/lp64/libc_nano.a(lib_a-strcpy.o)
                0x000000006100a69c                strcpy
 .text.strlen   0x000000006100a6ae       0x12 /opt/toolchain/riscv-gcc/bin/../lib/gcc/riscv-nuclei-elf/10.2.0/../../../../riscv-nuclei-elf/lib/rv64imac/lp64/libc_nano.a(lib_a-strlen.o)
                0x000000006100a6ae                strlen
 .text.strncmp  0x000000006100a6c0       0x2e /opt/toolchain/riscv-gcc/bin/../lib/gcc/riscv-nuclei-elf/10.2.0/../../../../riscv-nuclei-elf/lib/rv64imac/lp64/libc_nano.a(lib_a-strncmp.o)
                0x000000006100a6c0                strncmp
 .text.strncpy  0x000000006100a6ee       0x24 /opt/toolchain/riscv-gcc/bin/../lib/gcc/riscv-nuclei-elf/10.2.0/../../../../riscv-nuclei-elf/lib/rv64imac/lp64/libc_nano.a(lib_a-strncpy.o)
                0x000000006100a6ee                strncpy
 .text.strrchr  0x000000006100a712       0x32 /opt/toolchain/riscv-gcc/bin/../lib/gcc/riscv-nuclei-elf/10.2.0/../../../../riscv-nuclei-elf/lib/rv64imac/lp64/libc_nano.a(lib_a-strrchr.o)
                0x000000006100a712                strrchr
 .text.strstr   0x000000006100a744       0x36 /opt/toolchain/riscv-gcc/bin/../lib/gcc/riscv-nuclei-elf/10.2.0/../../../../riscv-nuclei-elf/lib/rv64imac/lp64/libc_nano.a(lib_a-strstr.o)
                0x000000006100a744                strstr
 .text._strtol_l.constprop.0
                0x000000006100a77a      0x142 /opt/toolchain/riscv-gcc/bin/../lib/gcc/riscv-nuclei-elf/10.2.0/../../../../riscv-nuclei-elf/lib/rv64imac/lp64/libc_nano.a(lib_a-strtol.o)
 .text.strtol   0x000000006100a8bc        0xe /opt/toolchain/riscv-gcc/bin/../lib/gcc/riscv-nuclei-elf/10.2.0/../../../../riscv-nuclei-elf/lib/rv64imac/lp64/libc_nano.a(lib_a-strtol.o)
                0x000000006100a8bc                strtol
 .text.isatty   0x000000006100a8ca        0x4 /opt/toolchain/riscv-gcc/bin/../lib/gcc/riscv-nuclei-elf/10.2.0/../../../../riscv-nuclei-elf/lib/rv64imac/lp64/libc_nano.a(lib_a-sysisatty.o)
                0x000000006100a8ca                isatty
 .text.__register_exitproc
                0x000000006100a8ce       0x7e /opt/toolchain/riscv-gcc/bin/../lib/gcc/riscv-nuclei-elf/10.2.0/../../../../riscv-nuclei-elf/lib/rv64imac/lp64/libc_nano.a(lib_a-__atexit.o)
                0x000000006100a8ce                __register_exitproc
 .text.std      0x000000006100a94c       0x66 /opt/toolchain/riscv-gcc/bin/../lib/gcc/riscv-nuclei-elf/10.2.0/../../../../riscv-nuclei-elf/lib/rv64imac/lp64/libc_nano.a(lib_a-findfp.o)
 .text._cleanup_r
                0x000000006100a9b2        0xa /opt/toolchain/riscv-gcc/bin/../lib/gcc/riscv-nuclei-elf/10.2.0/../../../../riscv-nuclei-elf/lib/rv64imac/lp64/libc_nano.a(lib_a-findfp.o)
                0x000000006100a9b2                _cleanup_r
 .text.__sfmoreglue
                0x000000006100a9bc       0x48 /opt/toolchain/riscv-gcc/bin/../lib/gcc/riscv-nuclei-elf/10.2.0/../../../../riscv-nuclei-elf/lib/rv64imac/lp64/libc_nano.a(lib_a-findfp.o)
                0x000000006100a9bc                __sfmoreglue
 .text.__sinit  0x000000006100aa04       0x72 /opt/toolchain/riscv-gcc/bin/../lib/gcc/riscv-nuclei-elf/10.2.0/../../../../riscv-nuclei-elf/lib/rv64imac/lp64/libc_nano.a(lib_a-findfp.o)
                0x000000006100aa04                __sinit
 .text.__sfp    0x000000006100aa76       0x9a /opt/toolchain/riscv-gcc/bin/../lib/gcc/riscv-nuclei-elf/10.2.0/../../../../riscv-nuclei-elf/lib/rv64imac/lp64/libc_nano.a(lib_a-findfp.o)
                0x000000006100aa76                __sfp
 .text._fwalk_reent
                0x000000006100ab10       0x6c /opt/toolchain/riscv-gcc/bin/../lib/gcc/riscv-nuclei-elf/10.2.0/../../../../riscv-nuclei-elf/lib/rv64imac/lp64/libc_nano.a(lib_a-fwalk.o)
                0x000000006100ab10                _fwalk_reent
 .text.__sfputc_r
                0x000000006100ab7c       0x2c /opt/toolchain/riscv-gcc/bin/../lib/gcc/riscv-nuclei-elf/10.2.0/../../../../riscv-nuclei-elf/lib/rv64imac/lp64/libc_nano.a(lib_a-nano-vfprintf.o)
 .text.__sfputs_r
                0x000000006100aba8       0x44 /opt/toolchain/riscv-gcc/bin/../lib/gcc/riscv-nuclei-elf/10.2.0/../../../../riscv-nuclei-elf/lib/rv64imac/lp64/libc_nano.a(lib_a-nano-vfprintf.o)
                0x000000006100aba8                __sfputs_r
 .text._vfprintf_r
                0x000000006100abec      0x2ae /opt/toolchain/riscv-gcc/bin/../lib/gcc/riscv-nuclei-elf/10.2.0/../../../../riscv-nuclei-elf/lib/rv64imac/lp64/libc_nano.a(lib_a-nano-vfprintf.o)
                0x000000006100abec                _vfiprintf_r
                0x000000006100abec                _vfprintf_r
 .text._printf_common
                0x000000006100ae9a      0x124 /opt/toolchain/riscv-gcc/bin/../lib/gcc/riscv-nuclei-elf/10.2.0/../../../../riscv-nuclei-elf/lib/rv64imac/lp64/libc_nano.a(lib_a-nano-vfprintf_i.o)
                0x000000006100ae9a                _printf_common
 .text._printf_i
                0x000000006100afbe      0x290 /opt/toolchain/riscv-gcc/bin/../lib/gcc/riscv-nuclei-elf/10.2.0/../../../../riscv-nuclei-elf/lib/rv64imac/lp64/libc_nano.a(lib_a-nano-vfprintf_i.o)
                0x000000006100afbe                _printf_i
 .text.__sread  0x000000006100b24e       0x32 /opt/toolchain/riscv-gcc/bin/../lib/gcc/riscv-nuclei-elf/10.2.0/../../../../riscv-nuclei-elf/lib/rv64imac/lp64/libc_nano.a(lib_a-stdio.o)
                0x000000006100b24e                __sread
 .text.__swrite
                0x000000006100b280       0x52 /opt/toolchain/riscv-gcc/bin/../lib/gcc/riscv-nuclei-elf/10.2.0/../../../../riscv-nuclei-elf/lib/rv64imac/lp64/libc_nano.a(lib_a-stdio.o)
                0x000000006100b280                __swrite
 .text.__sseek  0x000000006100b2d2       0x38 /opt/toolchain/riscv-gcc/bin/../lib/gcc/riscv-nuclei-elf/10.2.0/../../../../riscv-nuclei-elf/lib/rv64imac/lp64/libc_nano.a(lib_a-stdio.o)
                0x000000006100b2d2                __sseek
 .text.__sclose
                0x000000006100b30a        0x8 /opt/toolchain/riscv-gcc/bin/../lib/gcc/riscv-nuclei-elf/10.2.0/../../../../riscv-nuclei-elf/lib/rv64imac/lp64/libc_nano.a(lib_a-stdio.o)
                0x000000006100b30a                __sclose
 .text.__swbuf_r
                0x000000006100b312       0xc6 /opt/toolchain/riscv-gcc/bin/../lib/gcc/riscv-nuclei-elf/10.2.0/../../../../riscv-nuclei-elf/lib/rv64imac/lp64/libc_nano.a(lib_a-wbuf.o)
                0x000000006100b312                __swbuf_r
 .text.__swsetup_r
                0x000000006100b3d8      0x10c /opt/toolchain/riscv-gcc/bin/../lib/gcc/riscv-nuclei-elf/10.2.0/../../../../riscv-nuclei-elf/lib/rv64imac/lp64/libc_nano.a(lib_a-wsetup.o)
                0x000000006100b3d8                __swsetup_r
 .text.__sflush_r
                0x000000006100b4e4      0x13a /opt/toolchain/riscv-gcc/bin/../lib/gcc/riscv-nuclei-elf/10.2.0/../../../../riscv-nuclei-elf/lib/rv64imac/lp64/libc_nano.a(lib_a-fflush.o)
                0x000000006100b4e4                __sflush_r
 .text._fflush_r
                0x000000006100b61e       0x68 /opt/toolchain/riscv-gcc/bin/../lib/gcc/riscv-nuclei-elf/10.2.0/../../../../riscv-nuclei-elf/lib/rv64imac/lp64/libc_nano.a(lib_a-fflush.o)
                0x000000006100b61e                _fflush_r
 .text.__swhatbuf_r
                0x000000006100b686       0x5c /opt/toolchain/riscv-gcc/bin/../lib/gcc/riscv-nuclei-elf/10.2.0/../../../../riscv-nuclei-elf/lib/rv64imac/lp64/libc_nano.a(lib_a-makebuf.o)
                0x000000006100b686                __swhatbuf_r
 .text.__smakebuf_r
                0x000000006100b6e2       0xa2 /opt/toolchain/riscv-gcc/bin/../lib/gcc/riscv-nuclei-elf/10.2.0/../../../../riscv-nuclei-elf/lib/rv64imac/lp64/libc_nano.a(lib_a-makebuf.o)
                0x000000006100b6e2                __smakebuf_r
 .text.memchr   0x000000006100b784       0x1a /opt/toolchain/riscv-gcc/bin/../lib/gcc/riscv-nuclei-elf/10.2.0/../../../../riscv-nuclei-elf/lib/rv64imac/lp64/libc_nano.a(lib_a-memchr.o)
                0x000000006100b784                memchr
 *(.gnu.linkonce.t.*)

.rela.dyn       0x000000006100b7a0        0x0
 .rela.text.rt_hw_board_init
                0x000000006100b7a0        0x0 build/board/board.o
 .rela.init     0x000000006100b7a0        0x0 build/board/board.o
 .rela.text._sbrk
                0x000000006100b7a0        0x0 build/board/board.o
 .rela.sdata.curbrk.0
                0x000000006100b7a0        0x0 build/board/board.o
 .rela.text     0x000000006100b7a0        0x0 build/board/board.o
 .rela.text.finsh_system_init
                0x000000006100b7a0        0x0 build/board/board.o
 .rela.text.__libc_fini_array
                0x000000006100b7a0        0x0 build/board/board.o
 .rela.text.__register_exitproc
                0x000000006100b7a0        0x0 build/board/board.o
 .rela.text._vfprintf_r
                0x000000006100b7a0        0x0 build/board/board.o

.fini
 *(SORT_NONE(.fini))

.preinit_array  0x000000006100b79e        0x0
                [!provide]                        PROVIDE (__preinit_array_start = .)
 *(.preinit_array)
                [!provide]                        PROVIDE (__preinit_array_end = .)

.init_array     0x000000006100b79e        0x0
                [!provide]                        PROVIDE (__init_array_start = .)
 *(SORT_BY_INIT_PRIORITY(.init_array.*) SORT_BY_INIT_PRIORITY(.ctors.*))
 *(.init_array EXCLUDE_FILE(*crtend?.o *crtend.o *crtbegin?.o *crtbegin.o) .ctors)
                [!provide]                        PROVIDE (__init_array_end = .)

.fini_array     0x000000006100b79e        0x0
                0x000000006100b79e                PROVIDE (__fini_array_start = .)
 *(SORT_BY_INIT_PRIORITY(.fini_array.*) SORT_BY_INIT_PRIORITY(.dtors.*))
 *(.fini_array EXCLUDE_FILE(*crtend?.o *crtend.o *crtbegin?.o *crtbegin.o) .dtors)
                0x000000006100b79e                PROVIDE (__fini_array_end = .)

.ctors
 *crtbegin.o(.ctors)
 *crtbegin?.o(.ctors)
 *(EXCLUDE_FILE(*crtend?.o *crtend.o) .ctors)
 *(SORT_BY_NAME(.ctors.*))
 *(.ctors)

.dtors
 *crtbegin.o(.dtors)
 *crtbegin?.o(.dtors)
 *(EXCLUDE_FILE(*crtend?.o *crtend.o) .dtors)
 *(SORT_BY_NAME(.dtors.*))
 *(.dtors)
                [!provide]                        PROVIDE (_ilm_lma = LOADADDR (.text))
                [!provide]                        PROVIDE (_ilm = ADDR (.text))
                [!provide]                        PROVIDE (_eilm = .)
                0x00000000610003c0                PROVIDE (_text_lma = LOADADDR (.text))
                0x00000000610003c0                PROVIDE (_text = ADDR (.text))
                0x000000006100b79e                PROVIDE (_etext = .)
                [!provide]                        PROVIDE (__etext = .)
                [!provide]                        PROVIDE (etext = .)

.data           0x0000000061020000     0x3a68
 *(.data.ctest*)
 *(.data .data.*)
 .data._rt_thread_defunct
                0x0000000061020000       0x10 build/kernel/src/idle.o
 .data._object_container
                0x0000000061020010      0x140 build/kernel/src/object.o
 .data.working_directory
                0x0000000061020150      0x100 build/kernel/components/dfs/src/dfs.o
                0x0000000061020150                working_directory
 .data.uart_config
                0x0000000061020250       0x18 libraries/demosoc/HAL_Drivers/drv_uart.o
 .data.impure_data
                0x0000000061020268       0xb0 /opt/toolchain/riscv-gcc/bin/../lib/gcc/riscv-nuclei-elf/10.2.0/../../../../riscv-nuclei-elf/lib/rv64imac/lp64/libc_nano.a(lib_a-impure.o)
 *(.gnu.linkonce.d.*)
                0x0000000061020318                . = ALIGN (0x8)
                0x0000000061020b18                PROVIDE (__global_pointer$ = (. + 0x800))
 *(.sdata .sdata.* .sdata*)
 .sdata.SystemCoreClock
                0x0000000061020318        0x4 build/packages/nuclei_sdk-latest/SoC/demosoc/Common/Source/system_demosoc.o
                0x0000000061020318                SystemCoreClock
 *fill*         0x000000006102031c        0x4 
 .sdata.curbrk.0
                0x0000000061020320        0x8 build/packages/nuclei_sdk-latest/SoC/demosoc/Common/Source/Stubs/newlib/sbrk.o
 .sdata._soft_timer_status
                0x0000000061020328        0x1 build/kernel/src/timer.o
 *fill*         0x0000000061020329        0x7 
 .sdata._impure_ptr
                0x0000000061020330        0x8 /opt/toolchain/riscv-gcc/bin/../lib/gcc/riscv-nuclei-elf/10.2.0/../../../../riscv-nuclei-elf/lib/rv64imac/lp64/libc_nano.a(lib_a-impure.o)
                0x0000000061020330                _impure_ptr
 *(.gnu.linkonce.s.*)
                0x0000000061020338                . = ALIGN (0x8)
 *(.srodata.cst16)
 *(.srodata.cst8)
 .srodata.cst8  0x0000000061020338        0x8 libraries/demosoc/HAL_Drivers/drv_uart.o
 .srodata.cst8  0x0000000061020340        0x8 /opt/toolchain/riscv-gcc/bin/../lib/gcc/riscv-nuclei-elf/10.2.0/../../../../riscv-nuclei-elf/lib/rv64imac/lp64/libc_nano.a(lib_a-strcmp.o)
 *(.srodata.cst4)
 *(.srodata.cst2)
 *(.srodata .srodata.*)
 .srodata.__rti_rti_end_name
                0x0000000061020348        0x8 build/kernel/src/components.o
                0x0000000061020348                __rti_rti_end_name
 .srodata.__func__.0
                0x0000000061020350        0x8 build/kernel/components/libc/compilers/newlib/syscalls.o
 .srodata.__FUNCTION__.1
                0x0000000061020358        0x7 build/kernel/components/dfs/src/dfs.o
 *fill*         0x000000006102035f        0x1 
 .srodata._global_impure_ptr
                0x0000000061020360        0x8 /opt/toolchain/riscv-gcc/bin/../lib/gcc/riscv-nuclei-elf/10.2.0/../../../../riscv-nuclei-elf/lib/rv64imac/lp64/libc_nano.a(lib_a-impure.o)
                0x0000000061020360                _global_impure_ptr
 *(.rdata)
 *(.rodata .rodata.*)
 .rodata.rt_hw_board_init.str1.8
                0x0000000061020368        0x6 build/board/board.o
 *fill*         0x000000006102036e        0x2 
 .rodata.Exception_DumpFrame.str1.8
                0x0000000061020370       0xe6 build/packages/nuclei_sdk-latest/SoC/demosoc/Common/Source/system_demosoc.o
 *fill*         0x0000000061020456        0x2 
 .rodata.system_default_exception_handler.str1.8
                0x0000000061020458       0x6e build/packages/nuclei_sdk-latest/SoC/demosoc/Common/Source/system_demosoc.o
 *fill*         0x00000000610204c6        0x2 
 .rodata.board_serial_init.str1.8
                0x00000000610204c8        0x9 build/applications/main.o
 *fill*         0x00000000610204d1        0x7 
 .rodata.rt_device_unregister.str1.8
                0x00000000610204d8       0x78 build/kernel/src/device.o
 .rodata.rt_device_init.str1.8
                0x0000000061020550       0x36 build/kernel/src/device.o
 *fill*         0x0000000061020586        0x2 
 .rodata.rt_device_open.str1.8
                0x0000000061020588       0x14 build/kernel/src/device.o
 *fill*         0x000000006102059c        0x4 
 .rodata.__FUNCTION__.1
                0x00000000610205a0       0x1a build/kernel/src/device.o
 *fill*         0x00000000610205ba        0x6 
 .rodata.__FUNCTION__.2
                0x00000000610205c0       0x12 build/kernel/src/device.o
 *fill*         0x00000000610205d2        0x6 
 .rodata.__FUNCTION__.3
                0x00000000610205d8       0x10 build/kernel/src/device.o
 .rodata.__FUNCTION__.4
                0x00000000610205e8        0xf build/kernel/src/device.o
 *fill*         0x00000000610205f7        0x1 
 .rodata.__FUNCTION__.5
                0x00000000610205f8       0x10 build/kernel/src/device.o
 .rodata.__FUNCTION__.6
                0x0000000061020608        0xf build/kernel/src/device.o
 *fill*         0x0000000061020617        0x1 
 .rodata.rt_strerror.str1.8
                0x0000000061020618        0x8 build/kernel/src/kservice.o
 .rodata.rt_vsnprintf.str1.8
                0x0000000061020620        0x7 build/kernel/src/kservice.o
 *fill*         0x0000000061020627        0x1 
 .rodata.rt_vsnprintf
                0x0000000061020628       0x84 build/kernel/src/kservice.o
 *fill*         0x00000000610206ac        0x4 
 .rodata.rt_show_version.str1.8
                0x00000000610206b0       0xaa build/kernel/src/kservice.o
 *fill*         0x000000006102075a        0x6 
 .rodata.rt_system_heap_init.str1.8
                0x0000000061020760       0x55 build/kernel/src/kservice.o
 *fill*         0x00000000610207b5        0x3 
 .rodata.rt_malloc.str1.8
                0x00000000610207b8       0x10 build/kernel/src/kservice.o
 .rodata.str1.8
                0x00000000610207c8       0x57 build/kernel/src/kservice.o
 *fill*         0x000000006102081f        0x1 
 .rodata.__FUNCTION__.0
                0x0000000061020820        0xd build/kernel/src/kservice.o
 *fill*         0x000000006102082d        0x3 
 .rodata.__FUNCTION__.1
                0x0000000061020830       0x14 build/kernel/src/kservice.o
 *fill*         0x0000000061020844        0x4 
 .rodata.__lowest_bit_bitmap
                0x0000000061020848      0x100 build/kernel/src/kservice.o
                0x0000000061020848                __lowest_bit_bitmap
 .rodata.large_digits.4
                0x0000000061020948       0x11 build/kernel/src/kservice.o
 *fill*         0x0000000061020959        0x7 
 .rodata.rt_errno_strs
                0x0000000061020960       0x60 build/kernel/src/kservice.o
 .rodata.small_digits.3
                0x00000000610209c0       0x11 build/kernel/src/kservice.o
 *fill*         0x00000000610209d1        0x7 
 .rodata._thread_timeout.str1.8
                0x00000000610209d8       0x9a build/kernel/src/thread.o
 *fill*         0x0000000061020a72        0x6 
 .rodata._thread_init.constprop.0.str1.8
                0x0000000061020a78       0x22 build/kernel/src/thread.o
 *fill*         0x0000000061020a9a        0x6 
 .rodata.rt_thread_init.str1.8
                0x0000000061020aa0       0x17 build/kernel/src/thread.o
 *fill*         0x0000000061020ab7        0x1 
 .rodata.rt_thread_detach.str1.8
                0x0000000061020ab8       0x2f build/kernel/src/thread.o
 *fill*         0x0000000061020ae7        0x1 
 .rodata.rt_thread_delete.str1.8
                0x0000000061020ae8       0x3b build/kernel/src/thread.o
 *fill*         0x0000000061020b23        0x5 
 .rodata.rt_thread_suspend.str1.8
                0x0000000061020b28       0x1b build/kernel/src/thread.o
 *fill*         0x0000000061020b43        0x5 
 .rodata.rt_thread_startup.str1.8
                0x0000000061020b48       0x37 build/kernel/src/thread.o
 *fill*         0x0000000061020b7f        0x1 
 .rodata.__FUNCTION__.0
                0x0000000061020b80       0x11 build/kernel/src/thread.o
 *fill*         0x0000000061020b91        0x7 
 .rodata.__FUNCTION__.1
                0x0000000061020b98       0x12 build/kernel/src/thread.o
 *fill*         0x0000000061020baa        0x6 
 .rodata.__FUNCTION__.10
                0x0000000061020bb0        0xf build/kernel/src/thread.o
 *fill*         0x0000000061020bbf        0x1 
 .rodata.__FUNCTION__.2
                0x0000000061020bc0       0x12 build/kernel/src/thread.o
 *fill*         0x0000000061020bd2        0x6 
 .rodata.__FUNCTION__.4
                0x0000000061020bd8       0x10 build/kernel/src/thread.o
 .rodata.__FUNCTION__.5
                0x0000000061020be8       0x11 build/kernel/src/thread.o
 *fill*         0x0000000061020bf9        0x7 
 .rodata.__FUNCTION__.6
                0x0000000061020c00       0x11 build/kernel/src/thread.o
 *fill*         0x0000000061020c11        0x7 
 .rodata.__FUNCTION__.7
                0x0000000061020c18       0x12 build/kernel/src/thread.o
 *fill*         0x0000000061020c2a        0x6 
 .rodata.__FUNCTION__.8
                0x0000000061020c30       0x10 build/kernel/src/thread.o
 .rodata.__FUNCTION__.9
                0x0000000061020c40        0xd build/kernel/src/thread.o
 *fill*         0x0000000061020c4d        0x3 
 .rodata.rt_timer_init.str1.8
                0x0000000061020c50       0x47 build/kernel/src/timer.o
 *fill*         0x0000000061020c97        0x1 
 .rodata.rt_timer_detach.str1.8
                0x0000000061020c98       0x6a build/kernel/src/timer.o
 *fill*         0x0000000061020d02        0x6 
 .rodata.rt_timer_control.str1.8
                0x0000000061020d08       0x26 build/kernel/src/timer.o
 *fill*         0x0000000061020d2e        0x2 
 .rodata.rt_timer_control
                0x0000000061020d30       0x18 build/kernel/src/timer.o
 .rodata.rt_system_timer_thread_init.str1.8
                0x0000000061020d48        0x6 build/kernel/src/timer.o
 *fill*         0x0000000061020d4e        0x2 
 .rodata.__FUNCTION__.0
                0x0000000061020d50       0x11 build/kernel/src/timer.o
 *fill*         0x0000000061020d61        0x7 
 .rodata.__FUNCTION__.1
                0x0000000061020d68        0xe build/kernel/src/timer.o
 *fill*         0x0000000061020d76        0x2 
 .rodata.__FUNCTION__.3
                0x0000000061020d78        0xf build/kernel/src/timer.o
 *fill*         0x0000000061020d87        0x1 
 .rodata.__FUNCTION__.6
                0x0000000061020d88       0x10 build/kernel/src/timer.o
 .rodata.__FUNCTION__.7
                0x0000000061020d98        0xe build/kernel/src/timer.o
 *fill*         0x0000000061020da6        0x2 
 .rodata.plug_holes.str1.8
                0x0000000061020da8       0x56 build/kernel/src/mem.o
 *fill*         0x0000000061020dfe        0x2 
 .rodata.rt_smem_init.str1.8
                0x0000000061020e00       0x42 build/kernel/src/mem.o
 *fill*         0x0000000061020e42        0x6 
 .rodata.rt_smem_detach.str1.8
                0x0000000061020e48       0x66 build/kernel/src/mem.o
                                         0x76 (size before relaxing)
 *fill*         0x0000000061020eae        0x2 
 .rodata.rt_smem_alloc.str1.8
                0x0000000061020eb0       0xcf build/kernel/src/mem.o
 *fill*         0x0000000061020f7f        0x1 
 .rodata.rt_smem_free.str1.8
                0x0000000061020f80      0x187 build/kernel/src/mem.o
 *fill*         0x0000000061021107        0x1 
 .rodata.rt_smem_realloc.str1.8
                0x0000000061021108       0x6f build/kernel/src/mem.o
 *fill*         0x0000000061021177        0x1 
 .rodata.__FUNCTION__.0
                0x0000000061021178        0xd build/kernel/src/mem.o
 *fill*         0x0000000061021185        0x3 
 .rodata.__FUNCTION__.1
                0x0000000061021188        0xb build/kernel/src/mem.o
 *fill*         0x0000000061021193        0x5 
 .rodata.__FUNCTION__.2
                0x0000000061021198       0x10 build/kernel/src/mem.o
 .rodata.__FUNCTION__.3
                0x00000000610211a8        0xe build/kernel/src/mem.o
 .rodata.rt_schedule_insert_thread.str1.8
                0x00000000610211b6       0x12 build/kernel/src/scheduler.o
 *fill*         0x00000000610211b6        0x2 
 .rodata.rt_schedule.str1.8
                0x00000000610211b8       0x55 build/kernel/src/scheduler.o
 *fill*         0x000000006102120d        0x3 
 .rodata.__FUNCTION__.0
                0x0000000061021210       0x1a build/kernel/src/scheduler.o
 *fill*         0x000000006102122a        0x6 
 .rodata.__FUNCTION__.1
                0x0000000061021230       0x1a build/kernel/src/scheduler.o
 *fill*         0x000000006102124a        0x6 
 .rodata.rt_thread_idle_init.str1.8
                0x0000000061021250        0x8 build/kernel/src/idle.o
 .rodata.rt_sem_init.str1.8
                0x0000000061021258       0x61 build/kernel/src/ipc.o
 *fill*         0x00000000610212b9        0x7 
 .rodata.rt_sem_detach.str1.8
                0x00000000610212c0       0x77 build/kernel/src/ipc.o
 *fill*         0x0000000061021337        0x1 
 .rodata.rt_sem_create.str1.8
                0x0000000061021338       0x2a build/kernel/src/ipc.o
 *fill*         0x0000000061021362        0x6 
 .rodata.rt_sem_take.str1.8
                0x0000000061021368       0x67 build/kernel/src/ipc.o
 *fill*         0x00000000610213cf        0x1 
 .rodata.rt_mutex_init.str1.8
                0x00000000610213d0       0x11 build/kernel/src/ipc.o
 *fill*         0x00000000610213e1        0x7 
 .rodata.rt_mutex_detach.str1.8
                0x00000000610213e8       0x79 build/kernel/src/ipc.o
 *fill*         0x0000000061021461        0x7 
 .rodata.__FUNCTION__.24
                0x0000000061021468       0x11 build/kernel/src/ipc.o
 *fill*         0x0000000061021479        0x7 
 .rodata.__FUNCTION__.25
                0x0000000061021480        0xe build/kernel/src/ipc.o
 *fill*         0x000000006102148e        0x2 
 .rodata.__FUNCTION__.29
                0x0000000061021490        0xe build/kernel/src/ipc.o
 *fill*         0x000000006102149e        0x2 
 .rodata.__FUNCTION__.31
                0x00000000610214a0        0xf build/kernel/src/ipc.o
 *fill*         0x00000000610214af        0x1 
 .rodata.__FUNCTION__.32
                0x00000000610214b0       0x12 build/kernel/src/ipc.o
 *fill*         0x00000000610214c2        0x6 
 .rodata.__FUNCTION__.33
                0x00000000610214c8        0xc build/kernel/src/ipc.o
 *fill*         0x00000000610214d4        0x4 
 .rodata.__FUNCTION__.37
                0x00000000610214d8        0xc build/kernel/src/ipc.o
 *fill*         0x00000000610214e4        0x4 
 .rodata.rt_object_init.str1.8
                0x00000000610214e8       0x27 build/kernel/src/object.o
 *fill*         0x000000006102150f        0x1 
 .rodata.rt_object_detach.str1.8
                0x0000000061021510       0x12 build/kernel/src/object.o
 .rodata.rt_object_allocate.str1.8
                0x0000000061021522       0x2a build/kernel/src/object.o
 *fill*         0x0000000061021522        0x6 
 .rodata.rt_object_delete.str1.8
                0x0000000061021528       0x29 build/kernel/src/object.o
 *fill*         0x0000000061021551        0x7 
 .rodata.__FUNCTION__.0
                0x0000000061021558        0xf build/kernel/src/object.o
 *fill*         0x0000000061021567        0x1 
 .rodata.__FUNCTION__.1
                0x0000000061021568       0x13 build/kernel/src/object.o
 *fill*         0x000000006102157b        0x5 
 .rodata.__FUNCTION__.2
                0x0000000061021580       0x1a build/kernel/src/object.o
 *fill*         0x000000006102159a        0x6 
 .rodata.__FUNCTION__.3
                0x00000000610215a0       0x11 build/kernel/src/object.o
 *fill*         0x00000000610215b1        0x7 
 .rodata.__FUNCTION__.4
                0x00000000610215b8       0x13 build/kernel/src/object.o
 *fill*         0x00000000610215cb        0x5 
 .rodata.__FUNCTION__.5
                0x00000000610215d0       0x11 build/kernel/src/object.o
 *fill*         0x00000000610215e1        0x7 
 .rodata.__FUNCTION__.6
                0x00000000610215e8        0xf build/kernel/src/object.o
 *fill*         0x00000000610215f7        0x1 
 .rodata.rt_components_board_init.str1.8
                0x00000000610215f8       0x1a build/kernel/src/components.o
 *fill*         0x0000000061021612        0x6 
 .rodata.rt_components_init.str1.8
                0x0000000061021618       0x1f build/kernel/src/components.o
 *fill*         0x0000000061021637        0x1 
 .rodata.rt_application_init.str1.8
                0x0000000061021638       0x17 build/kernel/src/components.o
 *fill*         0x000000006102164f        0x1 
 .rodata.__FUNCTION__.0
                0x0000000061021650       0x14 build/kernel/src/components.o
 *fill*         0x0000000061021664        0x4 
 .rodata.__rti_rti_board_end_name
                0x0000000061021668        0xe build/kernel/src/components.o
                0x0000000061021668                __rti_rti_board_end_name
 *fill*         0x0000000061021676        0x2 
 .rodata.__rti_rti_board_start_name
                0x0000000061021678       0x10 build/kernel/src/components.o
                0x0000000061021678                __rti_rti_board_start_name
 .rodata.__rti_rti_start_name
                0x0000000061021688        0xa build/kernel/src/components.o
                0x0000000061021688                __rti_rti_start_name
 *fill*         0x0000000061021692        0x6 
 .rodata._read_r.str1.8
                0x0000000061021698       0x5f build/kernel/components/libc/compilers/newlib/syscalls.o
                                         0x62 (size before relaxing)
 .rodata.cmd_pwd.str1.8
                0x00000000610216f7       0x5f build/kernel/components/finsh/msh_file.o
                                          0x4 (size before relaxing)
 *fill*         0x00000000610216f7        0x1 
 .rodata.directory_delete_for_msh.str1.8
                0x00000000610216f8       0x50 build/kernel/components/finsh/msh_file.o
                                         0x58 (size before relaxing)
 .rodata.cmd_rm.str1.8
                0x0000000061021748       0xaf build/kernel/components/finsh/msh_file.o
 *fill*         0x00000000610217f7        0x1 
 .rodata.cmd_mkfs.str1.8
                0x00000000610217f8       0x40 build/kernel/components/finsh/msh_file.o
 .rodata.cmd_mount.str1.8
                0x0000000061021838       0xce build/kernel/components/finsh/msh_file.o
 *fill*         0x0000000061021906        0x2 
 .rodata.cmd_umount.str1.8
                0x0000000061021908       0x30 build/kernel/components/finsh/msh_file.o
 .rodata.cmd_tail.str1.8
                0x0000000061021938       0xcb build/kernel/components/finsh/msh_file.o
                                         0xd2 (size before relaxing)
 *fill*         0x0000000061021a03        0x5 
 .rodata.cmd_cp.str1.8
                0x0000000061021a08       0x2e build/kernel/components/finsh/msh_file.o
 *fill*         0x0000000061021a36        0x2 
 .rodata.cmd_mv.str1.8
                0x0000000061021a38       0x6f build/kernel/components/finsh/msh_file.o
 *fill*         0x0000000061021aa7        0x1 
 .rodata.cmd_cat.str1.8
                0x0000000061021aa8       0x2d build/kernel/components/finsh/msh_file.o
 *fill*         0x0000000061021ad5        0x3 
 .rodata.cmd_cd.str1.8
                0x0000000061021ad8       0x17 build/kernel/components/finsh/msh_file.o
 *fill*         0x0000000061021aef        0x1 
 .rodata.cmd_mkdir.str1.8
                0x0000000061021af0       0x5d build/kernel/components/finsh/msh_file.o
 *fill*         0x0000000061021b4d        0x3 
 .rodata.cmd_df.str1.8
                0x0000000061021b50       0x1b build/kernel/components/finsh/msh_file.o
 *fill*         0x0000000061021b6b        0x5 
 .rodata.cmd_echo.str1.8
                0x0000000061021b70       0x39 build/kernel/components/finsh/msh_file.o
 *fill*         0x0000000061021ba9        0x7 
 .rodata.msh_exec_script.str1.8
                0x0000000061021bb0       0x1a build/kernel/components/finsh/msh_file.o
 *fill*         0x0000000061021bca        0x6 
 .rodata.name   0x0000000061021bd0      0x233 build/kernel/components/finsh/msh_file.o
                0x0000000061021bd0                __fsym_tail_desc
                0x0000000061021c00                __fsym_tail_name
                0x0000000061021c08                __fsym_echo_desc
                0x0000000061021c20                __fsym_echo_name
                0x0000000061021c28                __fsym_df_desc
                0x0000000061021c38                __fsym_df_name
                0x0000000061021c40                __fsym_umount_desc
                0x0000000061021c60                __fsym_umount_name
                0x0000000061021c68                __fsym_mount_desc
                0x0000000061021c90                __fsym_mount_name
                0x0000000061021c98                __fsym_mkfs_desc
                0x0000000061021cb8                __fsym_mkfs_name
                0x0000000061021cc0                __fsym_mkdir_desc
                0x0000000061021cd8                __fsym_mkdir_name
                0x0000000061021ce0                __fsym_pwd_desc
                0x0000000061021d18                __fsym_pwd_name
                0x0000000061021d20                __fsym_cd_desc
                0x0000000061021d48                __fsym_cd_name
                0x0000000061021d50                __fsym_rm_desc
                0x0000000061021d70                __fsym_rm_name
                0x0000000061021d78                __fsym_cat_desc
                0x0000000061021d90                __fsym_cat_name
                0x0000000061021d98                __fsym_mv_desc
                0x0000000061021db0                __fsym_mv_name
                0x0000000061021db8                __fsym_cp_desc
                0x0000000061021dd0                __fsym_cp_name
                0x0000000061021dd8                __fsym_ls_desc
                0x0000000061021e00                __fsym_ls_name
 *fill*         0x0000000061021e03        0x5 
 .rodata.msh_help.str1.8
                0x0000000061021e08       0x2c build/kernel/components/finsh/msh.o
                                         0x32 (size before relaxing)
 *fill*         0x0000000061021e34        0x4 
 .rodata.cmd_free.str1.8
                0x0000000061021e38       0x3f build/kernel/components/finsh/msh.o
 .rodata.msh_auto_complete_path.part.0.str1.8
                0x0000000061021e77        0x4 build/kernel/components/finsh/msh.o
 *fill*         0x0000000061021e77        0x1 
 .rodata.msh_exec.str1.8
                0x0000000061021e78       0x40 build/kernel/components/finsh/msh.o
 .rodata.name   0x0000000061021eb8       0x75 build/kernel/components/finsh/msh.o
                0x0000000061021eb8                __fsym_free_desc
                0x0000000061021ee0                __fsym_free_name
                0x0000000061021ee8                __fsym_ps_desc
                0x0000000061021f08                __fsym_ps_name
                0x0000000061021f10                __fsym_help_desc
                0x0000000061021f28                __fsym_help_name
 *fill*         0x0000000061021f2d        0x3 
 .rodata.finsh_rx_ind.str1.8
                0x0000000061021f30       0x11 build/kernel/components/finsh/shell.o
 *fill*         0x0000000061021f41        0x7 
 .rodata.finsh_system_init.str1.8
                0x0000000061021f48       0x25 build/kernel/components/finsh/shell.o
 *fill*         0x0000000061021f6d        0x3 
 .rodata.finsh_set_device.str1.8
                0x0000000061021f70       0x20 build/kernel/components/finsh/shell.o
 .rodata.finsh_thread_entry.str1.8
                0x0000000061021f90       0x2b build/kernel/components/finsh/shell.o
                                         0x3b (size before relaxing)
 *fill*         0x0000000061021fbb        0x5 
 .rodata.__FUNCTION__.3
                0x0000000061021fc0        0xd build/kernel/components/finsh/shell.o
 *fill*         0x0000000061021fcd        0x3 
 .rodata.__FUNCTION__.4
                0x0000000061021fd0       0x11 build/kernel/components/finsh/shell.o
 *fill*         0x0000000061021fe1        0x7 
 .rodata.__FUNCTION__.5
                0x0000000061021fe8        0xe build/kernel/components/finsh/shell.o
 *fill*         0x0000000061021ff6        0x2 
 .rodata.__FUNCTION__.6
                0x0000000061021ff8       0x16 build/kernel/components/finsh/shell.o
 *fill*         0x000000006102200e        0x2 
 .rodata.__rti_finsh_system_init_name
                0x0000000061022010       0x12 build/kernel/components/finsh/shell.o
                0x0000000061022010                __rti_finsh_system_init_name
 *fill*         0x0000000061022022        0x6 
 .rodata.clear.str1.8
                0x0000000061022028        0x8 build/kernel/components/finsh/cmd.o
 .rodata.list_thread.str1.8
                0x0000000061022030      0x11e build/kernel/components/finsh/cmd.o
 *fill*         0x000000006102214e        0x2 
 .rodata.list_mutex.str1.8
                0x0000000061022150       0x67 build/kernel/components/finsh/cmd.o
 *fill*         0x00000000610221b7        0x1 
 .rodata.list_device.str1.8
                0x00000000610221b8       0x73 build/kernel/components/finsh/cmd.o
 *fill*         0x000000006102222b        0x5 
 .rodata.list_timer.str1.8
                0x0000000061022230       0xd2 build/kernel/components/finsh/cmd.o
                                         0xda (size before relaxing)
 *fill*         0x0000000061022302        0x6 
 .rodata.list_mempool.str1.8
                0x0000000061022308       0x9d build/kernel/components/finsh/cmd.o
                                         0xaa (size before relaxing)
 *fill*         0x00000000610223a5        0x3 
 .rodata.list_event.str1.8
                0x00000000610223a8       0x7a build/kernel/components/finsh/cmd.o
 *fill*         0x0000000061022422        0x6 
 .rodata.list_sem.str1.8
                0x0000000061022428       0x68 build/kernel/components/finsh/cmd.o
 .rodata.list_msgqueue.str1.8
                0x0000000061022490       0x71 build/kernel/components/finsh/cmd.o
 *fill*         0x0000000061022501        0x7 
 .rodata.list_mailbox.str1.8
                0x0000000061022508       0x7e build/kernel/components/finsh/cmd.o
 *fill*         0x0000000061022586        0x2 
 .rodata.cmd_list.str1.8
                0x0000000061022588      0x180 build/kernel/components/finsh/cmd.o
 .rodata.str1.8
                0x0000000061022708      0x1e3 build/kernel/components/finsh/cmd.o
 *fill*         0x00000000610228eb        0x5 
 .rodata.device_type_str
                0x00000000610228f0       0xf0 build/kernel/components/finsh/cmd.o
 .rodata.name   0x00000000610229e0      0x1e6 build/kernel/components/finsh/cmd.o
                0x00000000610229e0                __fsym_list_desc
                0x00000000610229f0                __fsym_list_name
                0x00000000610229f8                __fsym_list_device_desc
                0x0000000061022a10                __fsym_list_device_name
                0x0000000061022a20                __fsym_list_timer_desc
                0x0000000061022a38                __fsym_list_timer_name
                0x0000000061022a48                __fsym_list_mempool_desc
                0x0000000061022a68                __fsym_list_mempool_name
                0x0000000061022a78                __fsym_list_msgqueue_desc
                0x0000000061022a98                __fsym_list_msgqueue_name
                0x0000000061022aa8                __fsym_list_mailbox_desc
                0x0000000061022ac0                __fsym_list_mailbox_name
                0x0000000061022ad0                __fsym_list_mutex_desc
                0x0000000061022ae8                __fsym_list_mutex_name
                0x0000000061022af8                __fsym_list_event_desc
                0x0000000061022b10                __fsym_list_event_name
                0x0000000061022b20                __fsym_list_sem_desc
                0x0000000061022b40                __fsym_list_sem_name
                0x0000000061022b50                __fsym_list_thread_desc
                0x0000000061022b60                __fsym_list_thread_name
                0x0000000061022b70                __fsym_version_desc
                0x0000000061022b98                __fsym_version_name
                0x0000000061022ba0                __fsym_clear_desc
                0x0000000061022bc0                __fsym_clear_name
 .rodata.dfs_file_open.str1.8
                0x0000000061022bc6        0x2 build/kernel/components/dfs/src/dfs_file.o
 *fill*         0x0000000061022bc6        0x2 
 .rodata.copyfile.str1.8
                0x0000000061022bc8       0x4a build/kernel/components/dfs/src/dfs_file.o
                                         0x5a (size before relaxing)
 *fill*         0x0000000061022c12        0x6 
 .rodata.dfs_file_stat.str1.8
                0x0000000061022c18       0x6e build/kernel/components/dfs/src/dfs_file.o
                                         0x76 (size before relaxing)
 *fill*         0x0000000061022c86        0x2 
 .rodata.copydir.str1.8
                0x0000000061022c88       0x36 build/kernel/components/dfs/src/dfs_file.o
                                         0x46 (size before relaxing)
 *fill*         0x0000000061022cbe        0x2 
 .rodata.ls.str1.8
                0x0000000061022cc0       0x53 build/kernel/components/dfs/src/dfs_file.o
 *fill*         0x0000000061022d13        0x5 
 .rodata.cat.str1.8
                0x0000000061022d18       0x10 build/kernel/components/dfs/src/dfs_file.o
                                         0x13 (size before relaxing)
 .rodata.copy.str1.8
                0x0000000061022d28       0x44 build/kernel/components/dfs/src/dfs_file.o
 *fill*         0x0000000061022d6c        0x4 
 .rodata.dfs_register.str1.8
                0x0000000061022d70       0x35 build/kernel/components/dfs/src/dfs_fs.o
                                         0x4a (size before relaxing)
 *fill*         0x0000000061022da5        0x3 
 .rodata.dfs_filesystem_lookup.str1.8
                0x0000000061022da8        0x5 build/kernel/components/dfs/src/dfs_fs.o
 *fill*         0x0000000061022dad        0x3 
 .rodata.dfs_mount.str1.8
                0x0000000061022db0       0x3a build/kernel/components/dfs/src/dfs_fs.o
 *fill*         0x0000000061022dea        0x6 
 .rodata.dfs_mkfs.str1.8
                0x0000000061022df0       0x75 build/kernel/components/dfs/src/dfs_fs.o
 *fill*         0x0000000061022e65        0x3 
 .rodata.df.str1.8
                0x0000000061022e68       0x66 build/kernel/components/dfs/src/dfs_fs.o
 *fill*         0x0000000061022ece        0x2 
 .rodata.__FUNCTION__.1
                0x0000000061022ed0       0x16 build/kernel/components/dfs/src/dfs_fs.o
 *fill*         0x0000000061022ee6        0x2 
 .rodata.list_fd.str1.8
                0x0000000061022ee8       0x8f build/kernel/components/dfs/src/dfs.o
                                         0xaa (size before relaxing)
 *fill*         0x0000000061022f77        0x1 
 .rodata.dfs_init.str1.8
                0x0000000061022f78       0x26 build/kernel/components/dfs/src/dfs.o
                                         0x2d (size before relaxing)
 .rodata.dfs_lock.str1.8
                0x0000000061022f9e        0x2 build/kernel/components/dfs/src/dfs.o
 *fill*         0x0000000061022f9e        0x2 
 .rodata.fd_new.str1.8
                0x0000000061022fa0       0x39 build/kernel/components/dfs/src/dfs.o
                                         0x49 (size before relaxing)
 *fill*         0x0000000061022fd9        0x7 
 .rodata.fd_put.str1.8
                0x0000000061022fe0        0xb build/kernel/components/dfs/src/dfs.o
 *fill*         0x0000000061022feb        0x5 